+-------+-------------+----------+------------------------------------+-------------------+---------------+----------+
|   Row |   Sequence# | Format   | Flags                              | Field String      |   Child Count | Offset   |
+=======+=============+==========+====================================+===================+===============+==========+
|     0 |           0 | Set      |                                    | Capacity          |             4 | 1        |
+-------+-------------+----------+------------------------------------+-------------------+---------------+----------+
|     1 |           0 | Set      | Nullable=False,                    | Data              |             4 | 5        |
+-------+-------------+----------+------------------------------------+-------------------+---------------+----------+
|     2 |           1 | Boolean  | Nullable=True,Permission=Read      | IsThinProvisioned |             0 |          |
+-------+-------------+----------+------------------------------------+-------------------+---------------+----------+
|     3 |           2 | Set      | Nullable=False,                    | Metadata          |             4 | 5        |
+-------+-------------+----------+------------------------------------+-------------------+---------------+----------+
|     4 |           3 | Set      | Nullable=False,                    | Snapshot          |             4 | 5        |
+-------+-------------+----------+------------------------------------+-------------------+---------------+----------+
|     5 |           0 | Integer  | Nullable=True,Permission=ReadWrite | AllocatedBytes    |             0 |          |
+-------+-------------+----------+------------------------------------+-------------------+---------------+----------+
|     6 |           1 | Integer  | Nullable=True,Permission=Read      | ConsumedBytes     |             0 |          |
+-------+-------------+----------+------------------------------------+-------------------+---------------+----------+
|     7 |           2 | Integer  | Nullable=True,Permission=ReadWrite | GuaranteedBytes   |             0 |          |
+-------+-------------+----------+------------------------------------+-------------------+---------------+----------+
|     8 |           3 | Integer  | Nullable=True,Permission=ReadWrite | ProvisionedBytes  |             0 |          |
+-------+-------------+----------+------------------------------------+-------------------+---------------+----------+
Total Entries: 9
Fixed size consumed (bytes): 102 (0x66)
Field string size consumed (bytes): 207 (0xcf)
Total size (bytes): 309 (0x135)
Version: 0XF1F2F200
Signature: 0xe4541951
