+-------+-------------+----------+------------------------------------+------------------------+---------------+----------+
|   Row |   Sequence# | Format   | Flags                              | Field String           |   Child Count | Offset   |
+=======+=============+==========+====================================+========================+===============+==========+
|     0 |           0 | Set      |                                    | CapacitySource         |            12 | 1        |
+-------+-------------+----------+------------------------------------+------------------------+---------------+----------+
|     1 |           0 | String   | Nullable=True,Permission=Read      | Description            |             0 |          |
+-------+-------------+----------+------------------------------------+------------------------+---------------+----------+
|     2 |           1 | String   | Nullable=False,Permission=Read     | Id                     |             0 |          |
+-------+-------------+----------+------------------------------------+------------------------+---------------+----------+
|     3 |           2 | String   | Nullable=False,Permission=Read     | Name                   |             0 |          |
+-------+-------------+----------+------------------------------------+------------------------+---------------+----------+
|     4 |           3 | Set      | Nullable=False,                    | Oem                    |             0 |          |
+-------+-------------+----------+------------------------------------+------------------------+---------------+----------+
|     5 |           4 | Set      | Nullable=False,                    | ProvidedCapacity       |             4 | 13       |
+-------+-------------+----------+------------------------------------+------------------------+---------------+----------+
|     6 |           5 | Set      | Nullable=False,                    | ProvidedClassOfService |             0 |          |
+-------+-------------+----------+------------------------------------+------------------------+---------------+----------+
|     7 |           6 | Set      | Nullable=False,                    | ProvidingDrives        |             0 |          |
+-------+-------------+----------+------------------------------------+------------------------+---------------+----------+
|     8 |           7 | Set      | Nullable=False,                    | ProvidingPools         |             0 |          |
+-------+-------------+----------+------------------------------------+------------------------+---------------+----------+
|     9 |           8 | Set      | Nullable=False,                    | ProvidingVolumes       |             0 |          |
+-------+-------------+----------+------------------------------------+------------------------+---------------+----------+
|    10 |           9 | Set      | Nullable=False,                    | ProvidingMemory        |             0 |          |
+-------+-------------+----------+------------------------------------+------------------------+---------------+----------+
|    11 |          10 | Set      | Nullable=False,                    | ProvidingMemoryChunks  |             0 |          |
+-------+-------------+----------+------------------------------------+------------------------+---------------+----------+
|    12 |          11 | Set      | Nullable=False,                    | Actions                |             1 | 17       |
+-------+-------------+----------+------------------------------------+------------------------+---------------+----------+
|    13 |           0 | Set      | Nullable=False,                    | Data                   |             4 | 18       |
+-------+-------------+----------+------------------------------------+------------------------+---------------+----------+
|    14 |           1 | Boolean  | Nullable=True,Permission=Read      | IsThinProvisioned      |             0 |          |
+-------+-------------+----------+------------------------------------+------------------------+---------------+----------+
|    15 |           2 | Set      | Nullable=False,                    | Metadata               |             4 | 18       |
+-------+-------------+----------+------------------------------------+------------------------+---------------+----------+
|    16 |           3 | Set      | Nullable=False,                    | Snapshot               |             4 | 18       |
+-------+-------------+----------+------------------------------------+------------------------+---------------+----------+
|    17 |           0 | Set      | Nullable=False,                    | Oem                    |             0 |          |
+-------+-------------+----------+------------------------------------+------------------------+---------------+----------+
|    18 |           0 | Integer  | Nullable=True,Permission=ReadWrite | AllocatedBytes         |             0 |          |
+-------+-------------+----------+------------------------------------+------------------------+---------------+----------+
|    19 |           1 | Integer  | Nullable=True,Permission=Read      | ConsumedBytes          |             0 |          |
+-------+-------------+----------+------------------------------------+------------------------+---------------+----------+
|    20 |           2 | Integer  | Nullable=True,Permission=ReadWrite | GuaranteedBytes        |             0 |          |
+-------+-------------+----------+------------------------------------+------------------------+---------------+----------+
|    21 |           3 | Integer  | Nullable=True,Permission=ReadWrite | ProvisionedBytes       |             0 |          |
+-------+-------------+----------+------------------------------------+------------------------+---------------+----------+
Total Entries: 22
Fixed size consumed (bytes): 232 (0xe8)
Field string size consumed (bytes): 371 (0x173)
Total size (bytes): 603 (0x25b)
Version: 0XFFFFFFFF
Signature: 0x3ed5b7c0
