+-------+-------------+----------+------------------------------------+------------------------------+---------------+----------+
|   Row |   Sequence# | Format   | Flags                              | Field String                 |   Child Count | Offset   |
+=======+=============+==========+====================================+==============================+===============+==========+
|     0 |           0 | Set      |                                    | ClassOfService               |            12 | 1        |
+-------+-------------+----------+------------------------------------+------------------------------+---------------+----------+
|     1 |           0 | String   | Nullable=True,Permission=ReadWrite | ClassOfServiceVersion        |             0 |          |
+-------+-------------+----------+------------------------------------+------------------------------+---------------+----------+
|     2 |           1 | String   | Nullable=True,Permission=Read      | Description                  |             0 |          |
+-------+-------------+----------+------------------------------------+------------------------------+---------------+----------+
|     3 |           2 | String   | Nullable=False,Permission=Read     | Id                           |             0 |          |
+-------+-------------+----------+------------------------------------+------------------------------+---------------+----------+
|     4 |           3 | Set      | Nullable=False,                    | Identifier                   |             2 | 13       |
+-------+-------------+----------+------------------------------------+------------------------------+---------------+----------+
|     5 |           4 | String   | Nullable=False,Permission=Read     | Name                         |             0 |          |
+-------+-------------+----------+------------------------------------+------------------------------+---------------+----------+
|     6 |           5 | Set      | Nullable=False,                    | Oem                          |             0 |          |
+-------+-------------+----------+------------------------------------+------------------------------+---------------+----------+
|     7 |           6 | Set      | Nullable=False,                    | Actions                      |             1 | 15       |
+-------+-------------+----------+------------------------------------+------------------------------+---------------+----------+
|     8 |           7 | Array    | Nullable=True,Permission=ReadWrite | DataProtectionLinesOfService |             1 | 16       |
+-------+-------------+----------+------------------------------------+------------------------------+---------------+----------+
|     9 |           8 | Array    | Nullable=True,Permission=ReadWrite | DataSecurityLinesOfService   |             1 | 16       |
+-------+-------------+----------+------------------------------------+------------------------------+---------------+----------+
|    10 |           9 | Array    | Nullable=True,Permission=ReadWrite | DataStorageLinesOfService    |             1 | 16       |
+-------+-------------+----------+------------------------------------+------------------------------+---------------+----------+
|    11 |          10 | Array    | Nullable=True,Permission=ReadWrite | IOConnectivityLinesOfService |             1 | 16       |
+-------+-------------+----------+------------------------------------+------------------------------+---------------+----------+
|    12 |          11 | Array    | Nullable=True,Permission=ReadWrite | IOPerformanceLinesOfService  |             1 | 16       |
+-------+-------------+----------+------------------------------------+------------------------------+---------------+----------+
|    13 |           0 | String   | Nullable=True,Permission=Read      | DurableName                  |             0 |          |
+-------+-------------+----------+------------------------------------+------------------------------+---------------+----------+
|    14 |           1 | Enum     | Nullable=True,Permission=Read      | DurableNameFormat            |            10 | 17       |
+-------+-------------+----------+------------------------------------+------------------------------+---------------+----------+
|    15 |           0 | Set      | Nullable=False,                    | Oem                          |             0 |          |
+-------+-------------+----------+------------------------------------+------------------------------+---------------+----------+
|    16 |           0 | Set      |                                    |                              |             0 |          |
+-------+-------------+----------+------------------------------------+------------------------------+---------------+----------+
|    17 |           0 | String   |                                    | EUI                          |             0 |          |
+-------+-------------+----------+------------------------------------+------------------------------+---------------+----------+
|    18 |           1 | String   |                                    | FC_WWN                       |             0 |          |
+-------+-------------+----------+------------------------------------+------------------------------+---------------+----------+
|    19 |           2 | String   |                                    | iQN                          |             0 |          |
+-------+-------------+----------+------------------------------------+------------------------------+---------------+----------+
|    20 |           3 | String   |                                    | NAA                          |             0 |          |
+-------+-------------+----------+------------------------------------+------------------------------+---------------+----------+
|    21 |           4 | String   |                                    | UUID                         |             0 |          |
+-------+-------------+----------+------------------------------------+------------------------------+---------------+----------+
|    22 |           5 | String   |                                    | NGUID                        |             0 |          |
+-------+-------------+----------+------------------------------------+------------------------------+---------------+----------+
|    23 |           6 | String   |                                    | MACAddress                   |             0 |          |
+-------+-------------+----------+------------------------------------+------------------------------+---------------+----------+
|    24 |           7 | String   |                                    | GCXLID                       |             0 |          |
+-------+-------------+----------+------------------------------------+------------------------------+---------------+----------+
|    25 |           8 | String   |                                    | NQN                          |             0 |          |
+-------+-------------+----------+------------------------------------+------------------------------+---------------+----------+
|    26 |           9 | String   |                                    | NSID                         |             0 |          |
+-------+-------------+----------+------------------------------------+------------------------------+---------------+----------+
Total Entries: 27
Fixed size consumed (bytes): 282 (0x11a)
Field string size consumed (bytes): 401 (0x191)
Total size (bytes): 683 (0x2ab)
Version: 0XF1F2F000
Signature: 0xd02a5fab
