+-------+-------------+----------+-------------------------------------+--------------------------------------------------+---------------+----------+
|   Row |   Sequence# | Format   | Flags                               | Field String                                     |   Child Count | Offset   |
+=======+=============+==========+=====================================+==================================================+===============+==========+
|     0 |           0 | Set      |                                     | ConsistencyGroup                                 |            14 | 1        |
+-------+-------------+----------+-------------------------------------+--------------------------------------------------+---------------+----------+
|     1 |           0 | Set      | Nullable=False,                     | Actions                                          |             8 | 15       |
+-------+-------------+----------+-------------------------------------+--------------------------------------------------+---------------+----------+
|     2 |           1 | Enum     | Nullable=True,Permission=ReadWrite  | ConsistencyMethod                                |             5 | 23       |
+-------+-------------+----------+-------------------------------------+--------------------------------------------------+---------------+----------+
|     3 |           2 | Enum     | Nullable=True,Permission=ReadWrite  | ConsistencyType                                  |             2 | 28       |
+-------+-------------+----------+-------------------------------------+--------------------------------------------------+---------------+----------+
|     4 |           3 | String   | Nullable=True,Permission=Read       | Description                                      |             0 |          |
+-------+-------------+----------+-------------------------------------+--------------------------------------------------+---------------+----------+
|     5 |           4 | String   | Nullable=False,Permission=Read      | Id                                               |             0 |          |
+-------+-------------+----------+-------------------------------------+--------------------------------------------------+---------------+----------+
|     6 |           5 | Boolean  | Nullable=True,Permission=Read       | IsConsistent                                     |             0 |          |
+-------+-------------+----------+-------------------------------------+--------------------------------------------------+---------------+----------+
|     7 |           6 | Set      | Nullable=False,                     | Links                                            |             1 | 30       |
+-------+-------------+----------+-------------------------------------+--------------------------------------------------+---------------+----------+
|     8 |           7 | String   | Nullable=False,Permission=Read      | Name                                             |             0 |          |
+-------+-------------+----------+-------------------------------------+--------------------------------------------------+---------------+----------+
|     9 |           8 | Set      | Nullable=False,                     | Oem                                              |             0 |          |
+-------+-------------+----------+-------------------------------------+--------------------------------------------------+---------------+----------+
|    10 |           9 | Set      | Nullable=False,                     | ReplicaInfo                                      |            29 | 31       |
+-------+-------------+----------+-------------------------------------+--------------------------------------------------+---------------+----------+
|    11 |          10 | Array    | Nullable=True,Permission=Read       | ReplicaTargets                                   |             1 | 60       |
+-------+-------------+----------+-------------------------------------+--------------------------------------------------+---------------+----------+
|    12 |          11 | Set      | Nullable=False,                     | Status                                           |             5 | 61       |
+-------+-------------+----------+-------------------------------------+--------------------------------------------------+---------------+----------+
|    13 |          12 | Array    | Nullable=True,Permission=ReadWrite  | Volumes                                          |             1 | 60       |
+-------+-------------+----------+-------------------------------------+--------------------------------------------------+---------------+----------+
|    14 |          13 | Array    | Nullable=True,Permission=Read       | RemoteReplicaTargets                             |             1 | 66       |
+-------+-------------+----------+-------------------------------------+--------------------------------------------------+---------------+----------+
|    15 |           0 | Set      | Nullable=False,                     | Oem                                              |             0 |          |
+-------+-------------+----------+-------------------------------------+--------------------------------------------------+---------------+----------+
|    16 |           1 | Set      |                                     | #ConsistencyGroup.AssignReplicaTarget            |             5 | 67       |
+-------+-------------+----------+-------------------------------------+--------------------------------------------------+---------------+----------+
|    17 |           2 | Set      |                                     | #ConsistencyGroup.CreateReplicaTarget            |             6 | 72       |
+-------+-------------+----------+-------------------------------------+--------------------------------------------------+---------------+----------+
|    18 |           3 | Set      |                                     | #ConsistencyGroup.RemoveReplicaRelationship      |             4 | 78       |
+-------+-------------+----------+-------------------------------------+--------------------------------------------------+---------------+----------+
|    19 |           4 | Set      |                                     | #ConsistencyGroup.ResumeReplication              |             3 | 82       |
+-------+-------------+----------+-------------------------------------+--------------------------------------------------+---------------+----------+
|    20 |           5 | Set      |                                     | #ConsistencyGroup.ReverseReplicationRelationship |             3 | 85       |
+-------+-------------+----------+-------------------------------------+--------------------------------------------------+---------------+----------+
|    21 |           6 | Set      |                                     | #ConsistencyGroup.SplitReplication               |             3 | 88       |
+-------+-------------+----------+-------------------------------------+--------------------------------------------------+---------------+----------+
|    22 |           7 | Set      |                                     | #ConsistencyGroup.SuspendReplication             |             3 | 91       |
+-------+-------------+----------+-------------------------------------+--------------------------------------------------+---------------+----------+
|    23 |           0 | String   |                                     | HotStandby                                       |             0 |          |
+-------+-------------+----------+-------------------------------------+--------------------------------------------------+---------------+----------+
|    24 |           1 | String   |                                     | Other                                            |             0 |          |
+-------+-------------+----------+-------------------------------------+--------------------------------------------------+---------------+----------+
|    25 |           2 | String   |                                     | VASA                                             |             0 |          |
+-------+-------------+----------+-------------------------------------+--------------------------------------------------+---------------+----------+
|    26 |           3 | String   |                                     | VDI                                              |             0 |          |
+-------+-------------+----------+-------------------------------------+--------------------------------------------------+---------------+----------+
|    27 |           4 | String   |                                     | VSS                                              |             0 |          |
+-------+-------------+----------+-------------------------------------+--------------------------------------------------+---------------+----------+
|    28 |           0 | String   |                                     | ApplicationConsistent                            |             0 |          |
+-------+-------------+----------+-------------------------------------+--------------------------------------------------+---------------+----------+
|    29 |           1 | String   |                                     | CrashConsistent                                  |             0 |          |
+-------+-------------+----------+-------------------------------------+--------------------------------------------------+---------------+----------+
|    30 |           0 | Set      | Nullable=False,                     | Oem                                              |             0 |          |
+-------+-------------+----------+-------------------------------------+--------------------------------------------------+---------------+----------+
|    31 |           0 | Boolean  | Nullable=True,Permission=Read       | ConsistencyEnabled                               |             0 |          |
+-------+-------------+----------+-------------------------------------+--------------------------------------------------+---------------+----------+
|    32 |           1 | Enum     | Nullable=True,Permission=Read       | ConsistencyState                                 |             2 | 94       |
+-------+-------------+----------+-------------------------------------+--------------------------------------------------+---------------+----------+
|    33 |           2 | Enum     | Nullable=True,Permission=Read       | ConsistencyStatus                                |             4 | 96       |
+-------+-------------+----------+-------------------------------------+--------------------------------------------------+---------------+----------+
|    34 |           3 | Enum     | Nullable=True,Permission=Read       | ConsistencyType                                  |             1 | 100      |
+-------+-------------+----------+-------------------------------------+--------------------------------------------------+---------------+----------+
|    35 |           4 | Boolean  | Nullable=True,Permission=Read       | FailedCopyStopsHostIO                            |             0 |          |
+-------+-------------+----------+-------------------------------------+--------------------------------------------------+---------------+----------+
|    36 |           5 | Integer  | Nullable=True,Permission=Read       | PercentSynced                                    |             0 |          |
+-------+-------------+----------+-------------------------------------+--------------------------------------------------+---------------+----------+
|    37 |           6 | Set      | Nullable=False,Permission=Read      | Replica                                          |             0 |          |
+-------+-------------+----------+-------------------------------------+--------------------------------------------------+---------------+----------+
|    38 |           7 | Enum     | Nullable=True,Permission=Read       | ReplicaPriority                                  |             4 | 101      |
+-------+-------------+----------+-------------------------------------+--------------------------------------------------+---------------+----------+
|    39 |           8 | Enum     | Nullable=True,Permission=Read       | ReplicaProgressStatus                            |            23 | 105      |
+-------+-------------+----------+-------------------------------------+--------------------------------------------------+---------------+----------+
|    40 |           9 | Enum     | Nullable=True,Permission=Read       | ReplicaReadOnlyAccess                            |             3 | 128      |
+-------+-------------+----------+-------------------------------------+--------------------------------------------------+---------------+----------+
|    41 |          10 | Enum     | Nullable=True,Permission=Read       | ReplicaRecoveryMode                              |             2 | 131      |
+-------+-------------+----------+-------------------------------------+--------------------------------------------------+---------------+----------+
|    42 |          11 | Enum     | Nullable=True,Permission=Read       | ReplicaRole                                      |             2 | 133      |
+-------+-------------+----------+-------------------------------------+--------------------------------------------------+---------------+----------+
|    43 |          12 | Integer  | Nullable=True,Permission=Read       | ReplicaSkewBytes                                 |             0 |          |
+-------+-------------+----------+-------------------------------------+--------------------------------------------------+---------------+----------+
|    44 |          13 | Enum     | Nullable=True,Permission=Read       | ReplicaState                                     |            16 | 135      |
+-------+-------------+----------+-------------------------------------+--------------------------------------------------+---------------+----------+
|    45 |          14 | Enum     | Nullable=True,Permission=Read       | ReplicaType                                      |             4 | 151      |
+-------+-------------+----------+-------------------------------------+--------------------------------------------------+---------------+----------+
|    46 |          15 | Enum     | Nullable=True,Permission=Read       | ReplicaUpdateMode                                |             4 | 155      |
+-------+-------------+----------+-------------------------------------+--------------------------------------------------+---------------+----------+
|    47 |          16 | Enum     | Nullable=True,Permission=Read       | RequestedReplicaState                            |            16 | 135      |
+-------+-------------+----------+-------------------------------------+--------------------------------------------------+---------------+----------+
|    48 |          17 | Boolean  | Nullable=True,Permission=Read       | SyncMaintained                                   |             0 |          |
+-------+-------------+----------+-------------------------------------+--------------------------------------------------+---------------+----------+
|    49 |          18 | Enum     | Nullable=True,Permission=Read       | UndiscoveredElement                              |             2 | 159      |
+-------+-------------+----------+-------------------------------------+--------------------------------------------------+---------------+----------+
|    50 |          19 | String   | Nullable=True,Permission=Read       | WhenActivated                                    |             0 |          |
+-------+-------------+----------+-------------------------------------+--------------------------------------------------+---------------+----------+
|    51 |          20 | String   | Nullable=True,Permission=Read       | WhenDeactivated                                  |             0 |          |
+-------+-------------+----------+-------------------------------------+--------------------------------------------------+---------------+----------+
|    52 |          21 | String   | Nullable=True,Permission=Read       | WhenEstablished                                  |             0 |          |
+-------+-------------+----------+-------------------------------------+--------------------------------------------------+---------------+----------+
|    53 |          22 | String   | Nullable=True,Permission=Read       | WhenSuspended                                    |             0 |          |
+-------+-------------+----------+-------------------------------------+--------------------------------------------------+---------------+----------+
|    54 |          23 | String   | Nullable=True,Permission=Read       | WhenSynced                                       |             0 |          |
+-------+-------------+----------+-------------------------------------+--------------------------------------------------+---------------+----------+
|    55 |          24 | String   | Nullable=True,Permission=Read       | WhenSynchronized                                 |             0 |          |
+-------+-------------+----------+-------------------------------------+--------------------------------------------------+---------------+----------+
|    56 |          25 | Set      | Nullable=False,Permission=ReadWrite | DataProtectionLineOfService                      |             0 |          |
+-------+-------------+----------+-------------------------------------+--------------------------------------------------+---------------+----------+
|    57 |          26 | Set      | Nullable=False,Permission=Read      | SourceReplica                                    |             0 |          |
+-------+-------------+----------+-------------------------------------+--------------------------------------------------+---------------+----------+
|    58 |          27 | Enum     | Nullable=True,Permission=Read       | ReplicaFaultDomain                               |             2 | 161      |
+-------+-------------+----------+-------------------------------------+--------------------------------------------------+---------------+----------+
|    59 |          28 | String   | Nullable=True,Permission=Read       | RemoteSourceReplica                              |             0 |          |
+-------+-------------+----------+-------------------------------------+--------------------------------------------------+---------------+----------+
|    60 |           0 | Set      |                                     |                                                  |             0 |          |
+-------+-------------+----------+-------------------------------------+--------------------------------------------------+---------------+----------+
|    61 |           0 | Enum     | Nullable=True,Permission=Read       | Health                                           |             3 | 163      |
+-------+-------------+----------+-------------------------------------+--------------------------------------------------+---------------+----------+
|    62 |           1 | Enum     | Nullable=True,Permission=Read       | HealthRollup                                     |             3 | 163      |
+-------+-------------+----------+-------------------------------------+--------------------------------------------------+---------------+----------+
|    63 |           2 | Set      | Nullable=False,                     | Oem                                              |             0 |          |
+-------+-------------+----------+-------------------------------------+--------------------------------------------------+---------------+----------+
|    64 |           3 | Enum     | Nullable=True,Permission=Read       | State                                            |            13 | 166      |
+-------+-------------+----------+-------------------------------------+--------------------------------------------------+---------------+----------+
|    65 |           4 | Array    | Nullable=True,                      | Conditions                                       |             1 | 179      |
+-------+-------------+----------+-------------------------------------+--------------------------------------------------+---------------+----------+
|    66 |           0 | String   |                                     |                                                  |             0 |          |
+-------+-------------+----------+-------------------------------------+--------------------------------------------------+---------------+----------+
|    67 |           0 | String   | Nullable=False,Permission=Read      | target                                           |             0 |          |
+-------+-------------+----------+-------------------------------------+--------------------------------------------------+---------------+----------+
|    68 |           1 | String   | Nullable=False,Permission=Read      | title                                            |             0 |          |
+-------+-------------+----------+-------------------------------------+--------------------------------------------------+---------------+----------+
|    69 |           2 | Enum     | Nullable=False,                     | ReplicaType                                      |             4 | 151      |
+-------+-------------+----------+-------------------------------------+--------------------------------------------------+---------------+----------+
|    70 |           3 | Enum     | Nullable=False,                     | ReplicaUpdateMode                                |             4 | 155      |
+-------+-------------+----------+-------------------------------------+--------------------------------------------------+---------------+----------+
|    71 |           4 | String   | Nullable=False,                     | TargetConsistencyGroup                           |             0 |          |
+-------+-------------+----------+-------------------------------------+--------------------------------------------------+---------------+----------+
|    72 |           0 | String   | Nullable=False,Permission=Read      | target                                           |             0 |          |
+-------+-------------+----------+-------------------------------------+--------------------------------------------------+---------------+----------+
|    73 |           1 | String   | Nullable=False,Permission=Read      | title                                            |             0 |          |
+-------+-------------+----------+-------------------------------------+--------------------------------------------------+---------------+----------+
|    74 |           2 | String   | Nullable=False,                     | ConsistencyGroupName                             |             0 |          |
+-------+-------------+----------+-------------------------------------+--------------------------------------------------+---------------+----------+
|    75 |           3 | Enum     | Nullable=False,                     | ReplicaType                                      |             4 | 151      |
+-------+-------------+----------+-------------------------------------+--------------------------------------------------+---------------+----------+
|    76 |           4 | Enum     | Nullable=False,                     | ReplicaUpdateMode                                |             4 | 155      |
+-------+-------------+----------+-------------------------------------+--------------------------------------------------+---------------+----------+
|    77 |           5 | String   | Nullable=False,                     | TargetStoragePool                                |             0 |          |
+-------+-------------+----------+-------------------------------------+--------------------------------------------------+---------------+----------+
|    78 |           0 | String   | Nullable=False,Permission=Read      | target                                           |             0 |          |
+-------+-------------+----------+-------------------------------------+--------------------------------------------------+---------------+----------+
|    79 |           1 | String   | Nullable=False,Permission=Read      | title                                            |             0 |          |
+-------+-------------+----------+-------------------------------------+--------------------------------------------------+---------------+----------+
|    80 |           2 | Boolean  | Nullable=True,                      | DeleteTargetConsistencyGroup                     |             0 |          |
+-------+-------------+----------+-------------------------------------+--------------------------------------------------+---------------+----------+
|    81 |           3 | String   | Nullable=False,                     | TargetConsistencyGroup                           |             0 |          |
+-------+-------------+----------+-------------------------------------+--------------------------------------------------+---------------+----------+
|    82 |           0 | String   | Nullable=False,Permission=Read      | target                                           |             0 |          |
+-------+-------------+----------+-------------------------------------+--------------------------------------------------+---------------+----------+
|    83 |           1 | String   | Nullable=False,Permission=Read      | title                                            |             0 |          |
+-------+-------------+----------+-------------------------------------+--------------------------------------------------+---------------+----------+
|    84 |           2 | String   | Nullable=False,                     | TargetConsistencyGroup                           |             0 |          |
+-------+-------------+----------+-------------------------------------+--------------------------------------------------+---------------+----------+
|    85 |           0 | String   | Nullable=False,Permission=Read      | target                                           |             0 |          |
+-------+-------------+----------+-------------------------------------+--------------------------------------------------+---------------+----------+
|    86 |           1 | String   | Nullable=False,Permission=Read      | title                                            |             0 |          |
+-------+-------------+----------+-------------------------------------+--------------------------------------------------+---------------+----------+
|    87 |           2 | String   | Nullable=False,                     | TargetConsistencyGroup                           |             0 |          |
+-------+-------------+----------+-------------------------------------+--------------------------------------------------+---------------+----------+
|    88 |           0 | String   | Nullable=False,Permission=Read      | target                                           |             0 |          |
+-------+-------------+----------+-------------------------------------+--------------------------------------------------+---------------+----------+
|    89 |           1 | String   | Nullable=False,Permission=Read      | title                                            |             0 |          |
+-------+-------------+----------+-------------------------------------+--------------------------------------------------+---------------+----------+
|    90 |           2 | String   | Nullable=False,                     | TargetConsistencyGroup                           |             0 |          |
+-------+-------------+----------+-------------------------------------+--------------------------------------------------+---------------+----------+
|    91 |           0 | String   | Nullable=False,Permission=Read      | target                                           |             0 |          |
+-------+-------------+----------+-------------------------------------+--------------------------------------------------+---------------+----------+
|    92 |           1 | String   | Nullable=False,Permission=Read      | title                                            |             0 |          |
+-------+-------------+----------+-------------------------------------+--------------------------------------------------+---------------+----------+
|    93 |           2 | String   | Nullable=False,                     | TargetConsistencyGroup                           |             0 |          |
+-------+-------------+----------+-------------------------------------+--------------------------------------------------+---------------+----------+
|    94 |           0 | String   |                                     | Consistent                                       |             0 |          |
+-------+-------------+----------+-------------------------------------+--------------------------------------------------+---------------+----------+
|    95 |           1 | String   |                                     | Inconsistent                                     |             0 |          |
+-------+-------------+----------+-------------------------------------+--------------------------------------------------+---------------+----------+
|    96 |           0 | String   |                                     | Consistent                                       |             0 |          |
+-------+-------------+----------+-------------------------------------+--------------------------------------------------+---------------+----------+
|    97 |           1 | String   |                                     | Disabled                                         |             0 |          |
+-------+-------------+----------+-------------------------------------+--------------------------------------------------+---------------+----------+
|    98 |           2 | String   |                                     | InError                                          |             0 |          |
+-------+-------------+----------+-------------------------------------+--------------------------------------------------+---------------+----------+
|    99 |           3 | String   |                                     | InProgress                                       |             0 |          |
+-------+-------------+----------+-------------------------------------+--------------------------------------------------+---------------+----------+
|   100 |           0 | String   |                                     | SequentiallyConsistent                           |             0 |          |
+-------+-------------+----------+-------------------------------------+--------------------------------------------------+---------------+----------+
|   101 |           0 | String   |                                     | High                                             |             0 |          |
+-------+-------------+----------+-------------------------------------+--------------------------------------------------+---------------+----------+
|   102 |           1 | String   |                                     | Low                                              |             0 |          |
+-------+-------------+----------+-------------------------------------+--------------------------------------------------+---------------+----------+
|   103 |           2 | String   |                                     | Same                                             |             0 |          |
+-------+-------------+----------+-------------------------------------+--------------------------------------------------+---------------+----------+
|   104 |           3 | String   |                                     | Urgent                                           |             0 |          |
+-------+-------------+----------+-------------------------------------+--------------------------------------------------+---------------+----------+
|   105 |           0 | String   |                                     | Aborting                                         |             0 |          |
+-------+-------------+----------+-------------------------------------+--------------------------------------------------+---------------+----------+
|   106 |           1 | String   |                                     | Completed                                        |             0 |          |
+-------+-------------+----------+-------------------------------------+--------------------------------------------------+---------------+----------+
|   107 |           2 | String   |                                     | Detaching                                        |             0 |          |
+-------+-------------+----------+-------------------------------------+--------------------------------------------------+---------------+----------+
|   108 |           3 | String   |                                     | Dormant                                          |             0 |          |
+-------+-------------+----------+-------------------------------------+--------------------------------------------------+---------------+----------+
|   109 |           4 | String   |                                     | FailingBack                                      |             0 |          |
+-------+-------------+----------+-------------------------------------+--------------------------------------------------+---------------+----------+
|   110 |           5 | String   |                                     | FailingOver                                      |             0 |          |
+-------+-------------+----------+-------------------------------------+--------------------------------------------------+---------------+----------+
|   111 |           6 | String   |                                     | Fracturing                                       |             0 |          |
+-------+-------------+----------+-------------------------------------+--------------------------------------------------+---------------+----------+
|   112 |           7 | String   |                                     | Initializing                                     |             0 |          |
+-------+-------------+----------+-------------------------------------+--------------------------------------------------+---------------+----------+
|   113 |           8 | String   |                                     | Mixed                                            |             0 |          |
+-------+-------------+----------+-------------------------------------+--------------------------------------------------+---------------+----------+
|   114 |           9 | String   |                                     | Pending                                          |             0 |          |
+-------+-------------+----------+-------------------------------------+--------------------------------------------------+---------------+----------+
|   115 |          10 | String   |                                     | Preparing                                        |             0 |          |
+-------+-------------+----------+-------------------------------------+--------------------------------------------------+---------------+----------+
|   116 |          11 | String   |                                     | RequiresActivate                                 |             0 |          |
+-------+-------------+----------+-------------------------------------+--------------------------------------------------+---------------+----------+
|   117 |          12 | String   |                                     | RequiresDetach                                   |             0 |          |
+-------+-------------+----------+-------------------------------------+--------------------------------------------------+---------------+----------+
|   118 |          13 | String   |                                     | RequiresFracture                                 |             0 |          |
+-------+-------------+----------+-------------------------------------+--------------------------------------------------+---------------+----------+
|   119 |          14 | String   |                                     | RequiresResume                                   |             0 |          |
+-------+-------------+----------+-------------------------------------+--------------------------------------------------+---------------+----------+
|   120 |          15 | String   |                                     | RequiresResync                                   |             0 |          |
+-------+-------------+----------+-------------------------------------+--------------------------------------------------+---------------+----------+
|   121 |          16 | String   |                                     | RequiresSplit                                    |             0 |          |
+-------+-------------+----------+-------------------------------------+--------------------------------------------------+---------------+----------+
|   122 |          17 | String   |                                     | Restoring                                        |             0 |          |
+-------+-------------+----------+-------------------------------------+--------------------------------------------------+---------------+----------+
|   123 |          18 | String   |                                     | Resyncing                                        |             0 |          |
+-------+-------------+----------+-------------------------------------+--------------------------------------------------+---------------+----------+
|   124 |          19 | String   |                                     | Splitting                                        |             0 |          |
+-------+-------------+----------+-------------------------------------+--------------------------------------------------+---------------+----------+
|   125 |          20 | String   |                                     | Suspending                                       |             0 |          |
+-------+-------------+----------+-------------------------------------+--------------------------------------------------+---------------+----------+
|   126 |          21 | String   |                                     | Synchronizing                                    |             0 |          |
+-------+-------------+----------+-------------------------------------+--------------------------------------------------+---------------+----------+
|   127 |          22 | String   |                                     | Terminating                                      |             0 |          |
+-------+-------------+----------+-------------------------------------+--------------------------------------------------+---------------+----------+
|   128 |           0 | String   |                                     | Both                                             |             0 |          |
+-------+-------------+----------+-------------------------------------+--------------------------------------------------+---------------+----------+
|   129 |           1 | String   |                                     | ReplicaElement                                   |             0 |          |
+-------+-------------+----------+-------------------------------------+--------------------------------------------------+---------------+----------+
|   130 |           2 | String   |                                     | SourceElement                                    |             0 |          |
+-------+-------------+----------+-------------------------------------+--------------------------------------------------+---------------+----------+
|   131 |           0 | String   |                                     | Automatic                                        |             0 |          |
+-------+-------------+----------+-------------------------------------+--------------------------------------------------+---------------+----------+
|   132 |           1 | String   |                                     | Manual                                           |             0 |          |
+-------+-------------+----------+-------------------------------------+--------------------------------------------------+---------------+----------+
|   133 |           0 | String   |                                     | Source                                           |             0 |          |
+-------+-------------+----------+-------------------------------------+--------------------------------------------------+---------------+----------+
|   134 |           1 | String   |                                     | Target                                           |             0 |          |
+-------+-------------+----------+-------------------------------------+--------------------------------------------------+---------------+----------+
|   135 |           0 | String   |                                     | Aborted                                          |             0 |          |
+-------+-------------+----------+-------------------------------------+--------------------------------------------------+---------------+----------+
|   136 |           1 | String   |                                     | Broken                                           |             0 |          |
+-------+-------------+----------+-------------------------------------+--------------------------------------------------+---------------+----------+
|   137 |           2 | String   |                                     | Failedover                                       |             0 |          |
+-------+-------------+----------+-------------------------------------+--------------------------------------------------+---------------+----------+
|   138 |           3 | String   |                                     | Fractured                                        |             0 |          |
+-------+-------------+----------+-------------------------------------+--------------------------------------------------+---------------+----------+
|   139 |           4 | String   |                                     | Inactive                                         |             0 |          |
+-------+-------------+----------+-------------------------------------+--------------------------------------------------+---------------+----------+
|   140 |           5 | String   |                                     | Initialized                                      |             0 |          |
+-------+-------------+----------+-------------------------------------+--------------------------------------------------+---------------+----------+
|   141 |           6 | String   |                                     | Invalid                                          |             0 |          |
+-------+-------------+----------+-------------------------------------+--------------------------------------------------+---------------+----------+
|   142 |           7 | String   |                                     | Mixed                                            |             0 |          |
+-------+-------------+----------+-------------------------------------+--------------------------------------------------+---------------+----------+
|   143 |           8 | String   |                                     | Partitioned                                      |             0 |          |
+-------+-------------+----------+-------------------------------------+--------------------------------------------------+---------------+----------+
|   144 |           9 | String   |                                     | Prepared                                         |             0 |          |
+-------+-------------+----------+-------------------------------------+--------------------------------------------------+---------------+----------+
|   145 |          10 | String   |                                     | Restored                                         |             0 |          |
+-------+-------------+----------+-------------------------------------+--------------------------------------------------+---------------+----------+
|   146 |          11 | String   |                                     | Skewed                                           |             0 |          |
+-------+-------------+----------+-------------------------------------+--------------------------------------------------+---------------+----------+
|   147 |          12 | String   |                                     | Split                                            |             0 |          |
+-------+-------------+----------+-------------------------------------+--------------------------------------------------+---------------+----------+
|   148 |          13 | String   |                                     | Suspended                                        |             0 |          |
+-------+-------------+----------+-------------------------------------+--------------------------------------------------+---------------+----------+
|   149 |          14 | String   |                                     | Synchronized                                     |             0 |          |
+-------+-------------+----------+-------------------------------------+--------------------------------------------------+---------------+----------+
|   150 |          15 | String   |                                     | Unsynchronized                                   |             0 |          |
+-------+-------------+----------+-------------------------------------+--------------------------------------------------+---------------+----------+
|   151 |           0 | String   |                                     | Clone                                            |             0 |          |
+-------+-------------+----------+-------------------------------------+--------------------------------------------------+---------------+----------+
|   152 |           1 | String   |                                     | Mirror                                           |             0 |          |
+-------+-------------+----------+-------------------------------------+--------------------------------------------------+---------------+----------+
|   153 |           2 | String   |                                     | Snapshot                                         |             0 |          |
+-------+-------------+----------+-------------------------------------+--------------------------------------------------+---------------+----------+
|   154 |           3 | String   |                                     | TokenizedClone                                   |             0 |          |
+-------+-------------+----------+-------------------------------------+--------------------------------------------------+---------------+----------+
|   155 |           0 | String   |                                     | Active                                           |             0 |          |
+-------+-------------+----------+-------------------------------------+--------------------------------------------------+---------------+----------+
|   156 |           1 | String   |                                     | Adaptive                                         |             0 |          |
+-------+-------------+----------+-------------------------------------+--------------------------------------------------+---------------+----------+
|   157 |           2 | String   |                                     | Asynchronous                                     |             0 |          |
+-------+-------------+----------+-------------------------------------+--------------------------------------------------+---------------+----------+
|   158 |           3 | String   |                                     | Synchronous                                      |             0 |          |
+-------+-------------+----------+-------------------------------------+--------------------------------------------------+---------------+----------+
|   159 |           0 | String   |                                     | ReplicaElement                                   |             0 |          |
+-------+-------------+----------+-------------------------------------+--------------------------------------------------+---------------+----------+
|   160 |           1 | String   |                                     | SourceElement                                    |             0 |          |
+-------+-------------+----------+-------------------------------------+--------------------------------------------------+---------------+----------+
|   161 |           0 | String   |                                     | Local                                            |             0 |          |
+-------+-------------+----------+-------------------------------------+--------------------------------------------------+---------------+----------+
|   162 |           1 | String   |                                     | Remote                                           |             0 |          |
+-------+-------------+----------+-------------------------------------+--------------------------------------------------+---------------+----------+
|   163 |           0 | String   |                                     | Critical                                         |             0 |          |
+-------+-------------+----------+-------------------------------------+--------------------------------------------------+---------------+----------+
|   164 |           1 | String   |                                     | OK                                               |             0 |          |
+-------+-------------+----------+-------------------------------------+--------------------------------------------------+---------------+----------+
|   165 |           2 | String   |                                     | Warning                                          |             0 |          |
+-------+-------------+----------+-------------------------------------+--------------------------------------------------+---------------+----------+
|   166 |           0 | String   |                                     | Absent                                           |             0 |          |
+-------+-------------+----------+-------------------------------------+--------------------------------------------------+---------------+----------+
|   167 |           1 | String   |                                     | Disabled                                         |             0 |          |
+-------+-------------+----------+-------------------------------------+--------------------------------------------------+---------------+----------+
|   168 |           2 | String   |                                     | Enabled                                          |             0 |          |
+-------+-------------+----------+-------------------------------------+--------------------------------------------------+---------------+----------+
|   169 |           3 | String   |                                     | InTest                                           |             0 |          |
+-------+-------------+----------+-------------------------------------+--------------------------------------------------+---------------+----------+
|   170 |           4 | String   |                                     | StandbyOffline                                   |             0 |          |
+-------+-------------+----------+-------------------------------------+--------------------------------------------------+---------------+----------+
|   171 |           5 | String   |                                     | StandbySpare                                     |             0 |          |
+-------+-------------+----------+-------------------------------------+--------------------------------------------------+---------------+----------+
|   172 |           6 | String   |                                     | Starting                                         |             0 |          |
+-------+-------------+----------+-------------------------------------+--------------------------------------------------+---------------+----------+
|   173 |           7 | String   |                                     | Degraded                                         |             0 |          |
+-------+-------------+----------+-------------------------------------+--------------------------------------------------+---------------+----------+
|   174 |           8 | String   |                                     | UnavailableOffline                               |             0 |          |
+-------+-------------+----------+-------------------------------------+--------------------------------------------------+---------------+----------+
|   175 |           9 | String   |                                     | Deferring                                        |             0 |          |
+-------+-------------+----------+-------------------------------------+--------------------------------------------------+---------------+----------+
|   176 |          10 | String   |                                     | Quiesced                                         |             0 |          |
+-------+-------------+----------+-------------------------------------+--------------------------------------------------+---------------+----------+
|   177 |          11 | String   |                                     | Updating                                         |             0 |          |
+-------+-------------+----------+-------------------------------------+--------------------------------------------------+---------------+----------+
|   178 |          12 | String   |                                     | Qualified                                        |             0 |          |
+-------+-------------+----------+-------------------------------------+--------------------------------------------------+---------------+----------+
|   179 |           0 | Set      |                                     |                                                  |            13 | 180      |
+-------+-------------+----------+-------------------------------------+--------------------------------------------------+---------------+----------+
|   180 |           0 | Set      | Nullable=False,Permission=Read      | LogEntry                                         |             0 |          |
+-------+-------------+----------+-------------------------------------+--------------------------------------------------+---------------+----------+
|   181 |           1 | String   | Nullable=False,Permission=Read      | Message                                          |             0 |          |
+-------+-------------+----------+-------------------------------------+--------------------------------------------------+---------------+----------+
|   182 |           2 | Array    | Nullable=False,Permission=Read      | MessageArgs                                      |             1 | 66       |
+-------+-------------+----------+-------------------------------------+--------------------------------------------------+---------------+----------+
|   183 |           3 | String   | Nullable=False,Permission=Read      | MessageId                                        |             0 |          |
+-------+-------------+----------+-------------------------------------+--------------------------------------------------+---------------+----------+
|   184 |           4 | Set      | Nullable=False,Permission=Read      | OriginOfCondition                                |             0 |          |
+-------+-------------+----------+-------------------------------------+--------------------------------------------------+---------------+----------+
|   185 |           5 | Enum     | Nullable=False,Permission=Read      | Severity                                         |             3 | 163      |
+-------+-------------+----------+-------------------------------------+--------------------------------------------------+---------------+----------+
|   186 |           6 | String   | Nullable=False,Permission=Read      | Timestamp                                        |             0 |          |
+-------+-------------+----------+-------------------------------------+--------------------------------------------------+---------------+----------+
|   187 |           7 | String   | Nullable=False,Permission=Read      | Resolution                                       |             0 |          |
+-------+-------------+----------+-------------------------------------+--------------------------------------------------+---------------+----------+
|   188 |           8 | Array    | Nullable=False,                     | ResolutionSteps                                  |             1 | 193      |
+-------+-------------+----------+-------------------------------------+--------------------------------------------------+---------------+----------+
|   189 |           9 | String   | Nullable=True,Permission=Read       | UserAuthenticationSource                         |             0 |          |
+-------+-------------+----------+-------------------------------------+--------------------------------------------------+---------------+----------+
|   190 |          10 | String   | Nullable=True,Permission=Read       | Username                                         |             0 |          |
+-------+-------------+----------+-------------------------------------+--------------------------------------------------+---------------+----------+
|   191 |          11 | Set      | Nullable=False,                     | Oem                                              |             0 |          |
+-------+-------------+----------+-------------------------------------+--------------------------------------------------+---------------+----------+
|   192 |          12 | Enum     | Nullable=True,Permission=Read       | ConditionType                                    |             3 | 202      |
+-------+-------------+----------+-------------------------------------+--------------------------------------------------+---------------+----------+
|   193 |           0 | Set      |                                     |                                                  |             8 | 194      |
+-------+-------------+----------+-------------------------------------+--------------------------------------------------+---------------+----------+
|   194 |           0 | Array    | Nullable=True,                      | ActionParameters                                 |             1 | 205      |
+-------+-------------+----------+-------------------------------------+--------------------------------------------------+---------------+----------+
|   195 |           1 | String   | Nullable=False,Permission=Read      | ActionURI                                        |             0 |          |
+-------+-------------+----------+-------------------------------------+--------------------------------------------------+---------------+----------+
|   196 |           2 | Set      | Nullable=False,                     | Oem                                              |             0 |          |
+-------+-------------+----------+-------------------------------------+--------------------------------------------------+---------------+----------+
|   197 |           3 | Integer  | Nullable=True,Permission=Read       | Priority                                         |             0 |          |
+-------+-------------+----------+-------------------------------------+--------------------------------------------------+---------------+----------+
|   198 |           4 | Enum     | Nullable=True,Permission=Read       | ResolutionType                                   |             8 | 220      |
+-------+-------------+----------+-------------------------------------+--------------------------------------------------+---------------+----------+
|   199 |           5 | Integer  | Nullable=True,Permission=Read       | RetryCount                                       |             0 |          |
+-------+-------------+----------+-------------------------------------+--------------------------------------------------+---------------+----------+
|   200 |           6 | Integer  | Nullable=True,Permission=Read       | RetryIntervalSeconds                             |             0 |          |
+-------+-------------+----------+-------------------------------------+--------------------------------------------------+---------------+----------+
|   201 |           7 | String   | Nullable=True,Permission=Read       | TargetComponentURI                               |             0 |          |
+-------+-------------+----------+-------------------------------------+--------------------------------------------------+---------------+----------+
|   202 |           0 | String   |                                     | Alert                                            |             0 |          |
+-------+-------------+----------+-------------------------------------+--------------------------------------------------+---------------+----------+
|   203 |           1 | String   |                                     | Informational                                    |             0 |          |
+-------+-------------+----------+-------------------------------------+--------------------------------------------------+---------------+----------+
|   204 |           2 | String   |                                     | Subsystem                                        |             0 |          |
+-------+-------------+----------+-------------------------------------+--------------------------------------------------+---------------+----------+
|   205 |           0 | Set      |                                     |                                                  |            14 | 206      |
+-------+-------------+----------+-------------------------------------+--------------------------------------------------+---------------+----------+
|   206 |           0 | Array    | Nullable=True,Permission=Read       | AllowableValues                                  |             1 | 66       |
+-------+-------------+----------+-------------------------------------+--------------------------------------------------+---------------+----------+
|   207 |           1 | Enum     | Nullable=True,Permission=Read       | DataType                                         |             7 | 228      |
+-------+-------------+----------+-------------------------------------+--------------------------------------------------+---------------+----------+
|   208 |           2 | String   | Nullable=False,Permission=Read      | Name                                             |             0 |          |
+-------+-------------+----------+-------------------------------------+--------------------------------------------------+---------------+----------+
|   209 |           3 | String   | Nullable=True,Permission=Read       | ObjectDataType                                   |             0 |          |
+-------+-------------+----------+-------------------------------------+--------------------------------------------------+---------------+----------+
|   210 |           4 | Boolean  | Nullable=False,Permission=Read      | Required                                         |             0 |          |
+-------+-------------+----------+-------------------------------------+--------------------------------------------------+---------------+----------+
|   211 |           5 | Real     | Nullable=True,Permission=Read       | MaximumValue                                     |             0 |          |
+-------+-------------+----------+-------------------------------------+--------------------------------------------------+---------------+----------+
|   212 |           6 | Real     | Nullable=True,Permission=Read       | MinimumValue                                     |             0 |          |
+-------+-------------+----------+-------------------------------------+--------------------------------------------------+---------------+----------+
|   213 |           7 | Integer  | Nullable=True,Permission=Read       | ArraySizeMaximum                                 |             0 |          |
+-------+-------------+----------+-------------------------------------+--------------------------------------------------+---------------+----------+
|   214 |           8 | Integer  | Nullable=True,Permission=Read       | ArraySizeMinimum                                 |             0 |          |
+-------+-------------+----------+-------------------------------------+--------------------------------------------------+---------------+----------+
|   215 |           9 | Array    | Nullable=True,Permission=Read       | AllowableNumbers                                 |             1 | 66       |
+-------+-------------+----------+-------------------------------------+--------------------------------------------------+---------------+----------+
|   216 |          10 | String   | Nullable=True,Permission=Read       | AllowablePattern                                 |             0 |          |
+-------+-------------+----------+-------------------------------------+--------------------------------------------------+---------------+----------+
|   217 |          11 | Array    | Nullable=True,Permission=Read       | AllowableValueDescriptions                       |             1 | 66       |
+-------+-------------+----------+-------------------------------------+--------------------------------------------------+---------------+----------+
|   218 |          12 | String   | Nullable=True,Permission=Read       | DefaultValue                                     |             0 |          |
+-------+-------------+----------+-------------------------------------+--------------------------------------------------+---------------+----------+
|   219 |          13 | Boolean  | Nullable=True,Permission=Read       | NoDefaultValue                                   |             0 |          |
+-------+-------------+----------+-------------------------------------+--------------------------------------------------+---------------+----------+
|   220 |           0 | String   |                                     | CollectDiagnosticData                            |             0 |          |
+-------+-------------+----------+-------------------------------------+--------------------------------------------------+---------------+----------+
|   221 |           1 | String   |                                     | ContactVendor                                    |             0 |          |
+-------+-------------+----------+-------------------------------------+--------------------------------------------------+---------------+----------+
|   222 |           2 | String   |                                     | FirmwareUpdate                                   |             0 |          |
+-------+-------------+----------+-------------------------------------+--------------------------------------------------+---------------+----------+
|   223 |           3 | String   |                                     | OEM                                              |             0 |          |
+-------+-------------+----------+-------------------------------------+--------------------------------------------------+---------------+----------+
|   224 |           4 | String   |                                     | PowerCycle                                       |             0 |          |
+-------+-------------+----------+-------------------------------------+--------------------------------------------------+---------------+----------+
|   225 |           5 | String   |                                     | ReplaceComponent                                 |             0 |          |
+-------+-------------+----------+-------------------------------------+--------------------------------------------------+---------------+----------+
|   226 |           6 | String   |                                     | Reset                                            |             0 |          |
+-------+-------------+----------+-------------------------------------+--------------------------------------------------+---------------+----------+
|   227 |           7 | String   |                                     | ResetToDefaults                                  |             0 |          |
+-------+-------------+----------+-------------------------------------+--------------------------------------------------+---------------+----------+
|   228 |           0 | String   |                                     | Boolean                                          |             0 |          |
+-------+-------------+----------+-------------------------------------+--------------------------------------------------+---------------+----------+
|   229 |           1 | String   |                                     | Number                                           |             0 |          |
+-------+-------------+----------+-------------------------------------+--------------------------------------------------+---------------+----------+
|   230 |           2 | String   |                                     | NumberArray                                      |             0 |          |
+-------+-------------+----------+-------------------------------------+--------------------------------------------------+---------------+----------+
|   231 |           3 | String   |                                     | Object                                           |             0 |          |
+-------+-------------+----------+-------------------------------------+--------------------------------------------------+---------------+----------+
|   232 |           4 | String   |                                     | ObjectArray                                      |             0 |          |
+-------+-------------+----------+-------------------------------------+--------------------------------------------------+---------------+----------+
|   233 |           5 | String   |                                     | String                                           |             0 |          |
+-------+-------------+----------+-------------------------------------+--------------------------------------------------+---------------+----------+
|   234 |           6 | String   |                                     | StringArray                                      |             0 |          |
+-------+-------------+----------+-------------------------------------+--------------------------------------------------+---------------+----------+
Total Entries: 235
Fixed size consumed (bytes): 2362 (0x93a)
Field string size consumed (bytes): 2685 (0xa7d)
Total size (bytes): 5047 (0x13b7)
Version: 0XF1F1F100
Signature: 0x4fd0bbcc
