+-------+-------------+----------+------------------------------------+---------------------------+---------------+----------+
|   Row |   Sequence# | Format   | Flags                              | Field String              |   Child Count | Offset   |
+=======+=============+==========+====================================+===========================+===============+==========+
|     0 |           0 | Set      |                                    | DataSecurityLineOfService |            13 | 1        |
+-------+-------------+----------+------------------------------------+---------------------------+---------------+----------+
|     1 |           0 | String   | Nullable=True,Permission=ReadWrite | AntivirusEngineProvider   |             0 |          |
+-------+-------------+----------+------------------------------------+---------------------------+---------------+----------+
|     2 |           1 | Array    | Nullable=True,Permission=ReadWrite | AntivirusScanPolicies     |             1 | 14       |
+-------+-------------+----------+------------------------------------+---------------------------+---------------+----------+
|     3 |           2 | Enum     | Nullable=True,Permission=ReadWrite | ChannelEncryptionStrength |             5 | 20       |
+-------+-------------+----------+------------------------------------+---------------------------+---------------+----------+
|     4 |           3 | Enum     | Nullable=True,Permission=ReadWrite | DataSanitizationPolicy    |             3 | 25       |
+-------+-------------+----------+------------------------------------+---------------------------+---------------+----------+
|     5 |           4 | String   | Nullable=True,Permission=Read      | Description               |             0 |          |
+-------+-------------+----------+------------------------------------+---------------------------+---------------+----------+
|     6 |           5 | Enum     | Nullable=True,Permission=ReadWrite | HostAuthenticationType    |             4 | 28       |
+-------+-------------+----------+------------------------------------+---------------------------+---------------+----------+
|     7 |           6 | String   | Nullable=False,Permission=Read     | Id                        |             0 |          |
+-------+-------------+----------+------------------------------------+---------------------------+---------------+----------+
|     8 |           7 | Enum     | Nullable=True,Permission=ReadWrite | MediaEncryptionStrength   |             5 | 20       |
+-------+-------------+----------+------------------------------------+---------------------------+---------------+----------+
|     9 |           8 | String   | Nullable=False,Permission=Read     | Name                      |             0 |          |
+-------+-------------+----------+------------------------------------+---------------------------+---------------+----------+
|    10 |           9 | Set      | Nullable=False,                    | Oem                       |             0 |          |
+-------+-------------+----------+------------------------------------+---------------------------+---------------+----------+
|    11 |          10 | Enum     | Nullable=True,Permission=ReadWrite | SecureChannelProtocol     |             4 | 32       |
+-------+-------------+----------+------------------------------------+---------------------------+---------------+----------+
|    12 |          11 | Enum     | Nullable=True,Permission=ReadWrite | UserAuthenticationType    |             4 | 28       |
+-------+-------------+----------+------------------------------------+---------------------------+---------------+----------+
|    13 |          12 | Set      | Nullable=False,                    | Actions                   |             1 | 36       |
+-------+-------------+----------+------------------------------------+---------------------------+---------------+----------+
|    14 |           0 | Enum     |                                    |                           |             5 | 15       |
+-------+-------------+----------+------------------------------------+---------------------------+---------------+----------+
|    15 |           0 | String   |                                    | None                      |             0 |          |
+-------+-------------+----------+------------------------------------+---------------------------+---------------+----------+
|    16 |           1 | String   |                                    | OnFirstRead               |             0 |          |
+-------+-------------+----------+------------------------------------+---------------------------+---------------+----------+
|    17 |           2 | String   |                                    | OnPatternUpdate           |             0 |          |
+-------+-------------+----------+------------------------------------+---------------------------+---------------+----------+
|    18 |           3 | String   |                                    | OnRename                  |             0 |          |
+-------+-------------+----------+------------------------------------+---------------------------+---------------+----------+
|    19 |           4 | String   |                                    | OnUpdate                  |             0 |          |
+-------+-------------+----------+------------------------------------+---------------------------+---------------+----------+
|    20 |           0 | String   |                                    | Bits_0                    |             0 |          |
+-------+-------------+----------+------------------------------------+---------------------------+---------------+----------+
|    21 |           1 | String   |                                    | Bits_112                  |             0 |          |
+-------+-------------+----------+------------------------------------+---------------------------+---------------+----------+
|    22 |           2 | String   |                                    | Bits_128                  |             0 |          |
+-------+-------------+----------+------------------------------------+---------------------------+---------------+----------+
|    23 |           3 | String   |                                    | Bits_192                  |             0 |          |
+-------+-------------+----------+------------------------------------+---------------------------+---------------+----------+
|    24 |           4 | String   |                                    | Bits_256                  |             0 |          |
+-------+-------------+----------+------------------------------------+---------------------------+---------------+----------+
|    25 |           0 | String   |                                    | Clear                     |             0 |          |
+-------+-------------+----------+------------------------------------+---------------------------+---------------+----------+
|    26 |           1 | String   |                                    | CryptographicErase        |             0 |          |
+-------+-------------+----------+------------------------------------+---------------------------+---------------+----------+
|    27 |           2 | String   |                                    | None                      |             0 |          |
+-------+-------------+----------+------------------------------------+---------------------------+---------------+----------+
|    28 |           0 | String   |                                    | None                      |             0 |          |
+-------+-------------+----------+------------------------------------+---------------------------+---------------+----------+
|    29 |           1 | String   |                                    | Password                  |             0 |          |
+-------+-------------+----------+------------------------------------+---------------------------+---------------+----------+
|    30 |           2 | String   |                                    | PKI                       |             0 |          |
+-------+-------------+----------+------------------------------------+---------------------------+---------------+----------+
|    31 |           3 | String   |                                    | Ticket                    |             0 |          |
+-------+-------------+----------+------------------------------------+---------------------------+---------------+----------+
|    32 |           0 | String   |                                    | IPsec                     |             0 |          |
+-------+-------------+----------+------------------------------------+---------------------------+---------------+----------+
|    33 |           1 | String   |                                    | None                      |             0 |          |
+-------+-------------+----------+------------------------------------+---------------------------+---------------+----------+
|    34 |           2 | String   |                                    | RPCSEC_GSS                |             0 |          |
+-------+-------------+----------+------------------------------------+---------------------------+---------------+----------+
|    35 |           3 | String   |                                    | TLS                       |             0 |          |
+-------+-------------+----------+------------------------------------+---------------------------+---------------+----------+
|    36 |           0 | Set      | Nullable=False,                    | Oem                       |             0 |          |
+-------+-------------+----------+------------------------------------+---------------------------+---------------+----------+
Total Entries: 37
Fixed size consumed (bytes): 382 (0x17e)
Field string size consumed (bytes): 500 (0x1f4)
Total size (bytes): 882 (0x372)
Version: 0XF1F1F100
Signature: 0x4c968e12
