+-------+-------------+----------+-------------------------------------+---------------------------------------------+---------------+----------+
|   Row |   Sequence# | Format   | Flags                               | Field String                                |   Child Count | Offset   |
+=======+=============+==========+=====================================+=============================================+===============+==========+
|     0 |           0 | Set      |                                     | DataProtectionLoSCapabilities               |            14 | 1        |
+-------+-------------+----------+-------------------------------------+---------------------------------------------+---------------+----------+
|     1 |           0 | String   | Nullable=True,Permission=Read       | Description                                 |             0 |          |
+-------+-------------+----------+-------------------------------------+---------------------------------------------+---------------+----------+
|     2 |           1 | String   | Nullable=False,Permission=Read      | Id                                          |             0 |          |
+-------+-------------+----------+-------------------------------------+---------------------------------------------+---------------+----------+
|     3 |           2 | Set      | Nullable=False,                     | Identifier                                  |             2 | 15       |
+-------+-------------+----------+-------------------------------------+---------------------------------------------+---------------+----------+
|     4 |           3 | Set      | Nullable=False,                     | Links                                       |             2 | 17       |
+-------+-------------+----------+-------------------------------------+---------------------------------------------+---------------+----------+
|     5 |           4 | String   | Nullable=False,Permission=Read      | Name                                        |             0 |          |
+-------+-------------+----------+-------------------------------------+---------------------------------------------+---------------+----------+
|     6 |           5 | Set      | Nullable=False,                     | Oem                                         |             0 |          |
+-------+-------------+----------+-------------------------------------+---------------------------------------------+---------------+----------+
|     7 |           6 | Array    | Nullable=True,Permission=ReadWrite  | SupportedLinesOfService                     |             1 | 19       |
+-------+-------------+----------+-------------------------------------+---------------------------------------------+---------------+----------+
|     8 |           7 | Array    | Nullable=True,Permission=ReadWrite  | SupportedMinLifetimes                       |             1 | 34       |
+-------+-------------+----------+-------------------------------------+---------------------------------------------+---------------+----------+
|     9 |           8 | Array    | Nullable=True,Permission=ReadWrite  | SupportedRecoveryGeographicObjectives       |             1 | 35       |
+-------+-------------+----------+-------------------------------------+---------------------------------------------+---------------+----------+
|    10 |           9 | Array    | Nullable=True,Permission=ReadWrite  | SupportedRecoveryPointObjectiveTimes        |             1 | 34       |
+-------+-------------+----------+-------------------------------------+---------------------------------------------+---------------+----------+
|    11 |          10 | Array    | Nullable=True,Permission=ReadWrite  | SupportedRecoveryTimeObjectives             |             1 | 42       |
+-------+-------------+----------+-------------------------------------+---------------------------------------------+---------------+----------+
|    12 |          11 | Array    | Nullable=True,Permission=ReadWrite  | SupportedReplicaTypes                       |             1 | 47       |
+-------+-------------+----------+-------------------------------------+---------------------------------------------+---------------+----------+
|    13 |          12 | Boolean  | Nullable=True,Permission=ReadWrite  | SupportsIsolated                            |             0 |          |
+-------+-------------+----------+-------------------------------------+---------------------------------------------+---------------+----------+
|    14 |          13 | Set      | Nullable=False,                     | Actions                                     |             1 | 52       |
+-------+-------------+----------+-------------------------------------+---------------------------------------------+---------------+----------+
|    15 |           0 | String   | Nullable=True,Permission=Read       | DurableName                                 |             0 |          |
+-------+-------------+----------+-------------------------------------+---------------------------------------------+---------------+----------+
|    16 |           1 | Enum     | Nullable=True,Permission=Read       | DurableNameFormat                           |            10 | 53       |
+-------+-------------+----------+-------------------------------------+---------------------------------------------+---------------+----------+
|    17 |           0 | Set      | Nullable=False,                     | Oem                                         |             0 |          |
+-------+-------------+----------+-------------------------------------+---------------------------------------------+---------------+----------+
|    18 |           1 | Array    | Nullable=True,Permission=ReadWrite  | SupportedReplicaOptions                     |             1 | 63       |
+-------+-------------+----------+-------------------------------------+---------------------------------------------+---------------+----------+
|    19 |           0 | Set      |                                     |                                             |            14 | 20       |
+-------+-------------+----------+-------------------------------------+---------------------------------------------+---------------+----------+
|    20 |           0 | String   | Nullable=True,Permission=Read       | Description                                 |             0 |          |
+-------+-------------+----------+-------------------------------------+---------------------------------------------+---------------+----------+
|    21 |           1 | String   | Nullable=False,Permission=Read      | Id                                          |             0 |          |
+-------+-------------+----------+-------------------------------------+---------------------------------------------+---------------+----------+
|    22 |           2 | Boolean  | Nullable=True,Permission=ReadWrite  | IsIsolated                                  |             0 |          |
+-------+-------------+----------+-------------------------------------+---------------------------------------------+---------------+----------+
|    23 |           3 | String   | Nullable=True,Permission=ReadWrite  | MinLifetime                                 |             0 |          |
+-------+-------------+----------+-------------------------------------+---------------------------------------------+---------------+----------+
|    24 |           4 | String   | Nullable=False,Permission=Read      | Name                                        |             0 |          |
+-------+-------------+----------+-------------------------------------+---------------------------------------------+---------------+----------+
|    25 |           5 | Set      | Nullable=False,                     | Oem                                         |             0 |          |
+-------+-------------+----------+-------------------------------------+---------------------------------------------+---------------+----------+
|    26 |           6 | Enum     | Nullable=True,Permission=ReadWrite  | RecoveryGeographicObjective                 |             6 | 36       |
+-------+-------------+----------+-------------------------------------+---------------------------------------------+---------------+----------+
|    27 |           7 | String   | Nullable=True,Permission=ReadWrite  | RecoveryPointObjectiveTime                  |             0 |          |
+-------+-------------+----------+-------------------------------------+---------------------------------------------+---------------+----------+
|    28 |           8 | Enum     | Nullable=True,Permission=ReadWrite  | RecoveryTimeObjective                       |             4 | 43       |
+-------+-------------+----------+-------------------------------------+---------------------------------------------+---------------+----------+
|    29 |           9 | Set      | Nullable=False,                     | ReplicaAccessLocation                       |            12 | 64       |
+-------+-------------+----------+-------------------------------------+---------------------------------------------+---------------+----------+
|    30 |          10 | Set      | Nullable=False,Permission=ReadWrite | ReplicaClassOfService                       |             0 |          |
+-------+-------------+----------+-------------------------------------+---------------------------------------------+---------------+----------+
|    31 |          11 | Enum     | Nullable=True,Permission=ReadWrite  | ReplicaType                                 |             4 | 48       |
+-------+-------------+----------+-------------------------------------+---------------------------------------------+---------------+----------+
|    32 |          12 | Set      | Nullable=False,                     | Schedule                                    |             9 | 76       |
+-------+-------------+----------+-------------------------------------+---------------------------------------------+---------------+----------+
|    33 |          13 | Set      | Nullable=False,                     | Actions                                     |             2 | 85       |
+-------+-------------+----------+-------------------------------------+---------------------------------------------+---------------+----------+
|    34 |           0 | String   |                                     |                                             |             0 |          |
+-------+-------------+----------+-------------------------------------+---------------------------------------------+---------------+----------+
|    35 |           0 | Enum     |                                     |                                             |             6 | 36       |
+-------+-------------+----------+-------------------------------------+---------------------------------------------+---------------+----------+
|    36 |           0 | String   |                                     | Datacenter                                  |             0 |          |
+-------+-------------+----------+-------------------------------------+---------------------------------------------+---------------+----------+
|    37 |           1 | String   |                                     | Rack                                        |             0 |          |
+-------+-------------+----------+-------------------------------------+---------------------------------------------+---------------+----------+
|    38 |           2 | String   |                                     | RackGroup                                   |             0 |          |
+-------+-------------+----------+-------------------------------------+---------------------------------------------+---------------+----------+
|    39 |           3 | String   |                                     | Region                                      |             0 |          |
+-------+-------------+----------+-------------------------------------+---------------------------------------------+---------------+----------+
|    40 |           4 | String   |                                     | Row                                         |             0 |          |
+-------+-------------+----------+-------------------------------------+---------------------------------------------+---------------+----------+
|    41 |           5 | String   |                                     | Server                                      |             0 |          |
+-------+-------------+----------+-------------------------------------+---------------------------------------------+---------------+----------+
|    42 |           0 | Enum     |                                     |                                             |             4 | 43       |
+-------+-------------+----------+-------------------------------------+---------------------------------------------+---------------+----------+
|    43 |           0 | String   |                                     | Nearline                                    |             0 |          |
+-------+-------------+----------+-------------------------------------+---------------------------------------------+---------------+----------+
|    44 |           1 | String   |                                     | Offline                                     |             0 |          |
+-------+-------------+----------+-------------------------------------+---------------------------------------------+---------------+----------+
|    45 |           2 | String   |                                     | OnlineActive                                |             0 |          |
+-------+-------------+----------+-------------------------------------+---------------------------------------------+---------------+----------+
|    46 |           3 | String   |                                     | OnlinePassive                               |             0 |          |
+-------+-------------+----------+-------------------------------------+---------------------------------------------+---------------+----------+
|    47 |           0 | Enum     |                                     |                                             |             4 | 48       |
+-------+-------------+----------+-------------------------------------+---------------------------------------------+---------------+----------+
|    48 |           0 | String   |                                     | Clone                                       |             0 |          |
+-------+-------------+----------+-------------------------------------+---------------------------------------------+---------------+----------+
|    49 |           1 | String   |                                     | Mirror                                      |             0 |          |
+-------+-------------+----------+-------------------------------------+---------------------------------------------+---------------+----------+
|    50 |           2 | String   |                                     | Snapshot                                    |             0 |          |
+-------+-------------+----------+-------------------------------------+---------------------------------------------+---------------+----------+
|    51 |           3 | String   |                                     | TokenizedClone                              |             0 |          |
+-------+-------------+----------+-------------------------------------+---------------------------------------------+---------------+----------+
|    52 |           0 | Set      | Nullable=False,                     | Oem                                         |             0 |          |
+-------+-------------+----------+-------------------------------------+---------------------------------------------+---------------+----------+
|    53 |           0 | String   |                                     | EUI                                         |             0 |          |
+-------+-------------+----------+-------------------------------------+---------------------------------------------+---------------+----------+
|    54 |           1 | String   |                                     | FC_WWN                                      |             0 |          |
+-------+-------------+----------+-------------------------------------+---------------------------------------------+---------------+----------+
|    55 |           2 | String   |                                     | iQN                                         |             0 |          |
+-------+-------------+----------+-------------------------------------+---------------------------------------------+---------------+----------+
|    56 |           3 | String   |                                     | NAA                                         |             0 |          |
+-------+-------------+----------+-------------------------------------+---------------------------------------------+---------------+----------+
|    57 |           4 | String   |                                     | UUID                                        |             0 |          |
+-------+-------------+----------+-------------------------------------+---------------------------------------------+---------------+----------+
|    58 |           5 | String   |                                     | NGUID                                       |             0 |          |
+-------+-------------+----------+-------------------------------------+---------------------------------------------+---------------+----------+
|    59 |           6 | String   |                                     | MACAddress                                  |             0 |          |
+-------+-------------+----------+-------------------------------------+---------------------------------------------+---------------+----------+
|    60 |           7 | String   |                                     | GCXLID                                      |             0 |          |
+-------+-------------+----------+-------------------------------------+---------------------------------------------+---------------+----------+
|    61 |           8 | String   |                                     | NQN                                         |             0 |          |
+-------+-------------+----------+-------------------------------------+---------------------------------------------+---------------+----------+
|    62 |           9 | String   |                                     | NSID                                        |             0 |          |
+-------+-------------+----------+-------------------------------------+---------------------------------------------+---------------+----------+
|    63 |           0 | Set      |                                     |                                             |             0 |          |
+-------+-------------+----------+-------------------------------------+---------------------------------------------+---------------+----------+
|    64 |           0 | String   | Nullable=True,Permission=Read       | Info                                        |             0 |          |
+-------+-------------+----------+-------------------------------------+---------------------------------------------+---------------+----------+
|    65 |           1 | String   | Nullable=True,Permission=Read       | InfoFormat                                  |             0 |          |
+-------+-------------+----------+-------------------------------------+---------------------------------------------+---------------+----------+
|    66 |           2 | Set      | Nullable=False,                     | Oem                                         |             0 |          |
+-------+-------------+----------+-------------------------------------+---------------------------------------------+---------------+----------+
|    67 |           3 | Set      | Nullable=False,                     | Placement                                   |             7 | 87       |
+-------+-------------+----------+-------------------------------------+---------------------------------------------+---------------+----------+
|    68 |           4 | Set      | Nullable=False,                     | PostalAddress                               |            33 | 94       |
+-------+-------------+----------+-------------------------------------+---------------------------------------------+---------------+----------+
|    69 |           5 | Set      | Nullable=False,                     | PartLocation                                |             5 | 127      |
+-------+-------------+----------+-------------------------------------+---------------------------------------------+---------------+----------+
|    70 |           6 | Real     | Nullable=True,Permission=ReadWrite  | AltitudeMeters                              |             0 |          |
+-------+-------------+----------+-------------------------------------+---------------------------------------------+---------------+----------+
|    71 |           7 | Real     | Nullable=True,Permission=ReadWrite  | Latitude                                    |             0 |          |
+-------+-------------+----------+-------------------------------------+---------------------------------------------+---------------+----------+
|    72 |           8 | Real     | Nullable=True,Permission=ReadWrite  | Longitude                                   |             0 |          |
+-------+-------------+----------+-------------------------------------+---------------------------------------------+---------------+----------+
|    73 |           9 | Array    | Nullable=True,                      | Contacts                                    |             1 | 132      |
+-------+-------------+----------+-------------------------------------+---------------------------------------------+---------------+----------+
|    74 |          10 | String   | Nullable=True,Permission=Read       | PartLocationContext                         |             0 |          |
+-------+-------------+----------+-------------------------------------+---------------------------------------------+---------------+----------+
|    75 |          11 | Set      | Nullable=False,                     | PhysicalAddress                             |             7 | 136      |
+-------+-------------+----------+-------------------------------------+---------------------------------------------+---------------+----------+
|    76 |           0 | Array    | Nullable=True,Permission=ReadWrite  | EnabledDaysOfMonth                          |             1 | 143      |
+-------+-------------+----------+-------------------------------------+---------------------------------------------+---------------+----------+
|    77 |           1 | Array    | Nullable=True,Permission=ReadWrite  | EnabledDaysOfWeek                           |             1 | 144      |
+-------+-------------+----------+-------------------------------------+---------------------------------------------+---------------+----------+
|    78 |           2 | Array    | Nullable=True,Permission=ReadWrite  | EnabledMonthsOfYear                         |             1 | 153      |
+-------+-------------+----------+-------------------------------------+---------------------------------------------+---------------+----------+
|    79 |           3 | String   | Nullable=True,Permission=ReadWrite  | InitialStartTime                            |             0 |          |
+-------+-------------+----------+-------------------------------------+---------------------------------------------+---------------+----------+
|    80 |           4 | String   | Nullable=True,Permission=ReadWrite  | Lifetime                                    |             0 |          |
+-------+-------------+----------+-------------------------------------+---------------------------------------------+---------------+----------+
|    81 |           5 | Integer  | Nullable=True,Permission=ReadWrite  | MaxOccurrences                              |             0 |          |
+-------+-------------+----------+-------------------------------------+---------------------------------------------+---------------+----------+
|    82 |           6 | String   | Nullable=True,Permission=ReadWrite  | Name                                        |             0 |          |
+-------+-------------+----------+-------------------------------------+---------------------------------------------+---------------+----------+
|    83 |           7 | String   | Nullable=True,Permission=ReadWrite  | RecurrenceInterval                          |             0 |          |
+-------+-------------+----------+-------------------------------------+---------------------------------------------+---------------+----------+
|    84 |           8 | Array    | Nullable=True,Permission=ReadWrite  | EnabledIntervals                            |             1 | 34       |
+-------+-------------+----------+-------------------------------------+---------------------------------------------+---------------+----------+
|    85 |           0 | Set      | Nullable=False,                     | Oem                                         |             0 |          |
+-------+-------------+----------+-------------------------------------+---------------------------------------------+---------------+----------+
|    86 |           1 | Set      |                                     | #DataProtectionLineOfService.CreateReplicas |             4 | 167      |
+-------+-------------+----------+-------------------------------------+---------------------------------------------+---------------+----------+
|    87 |           0 | String   | Nullable=True,Permission=ReadWrite  | Rack                                        |             0 |          |
+-------+-------------+----------+-------------------------------------+---------------------------------------------+---------------+----------+
|    88 |           1 | Integer  | Nullable=True,Permission=ReadWrite  | RackOffset                                  |             0 |          |
+-------+-------------+----------+-------------------------------------+---------------------------------------------+---------------+----------+
|    89 |           2 | Enum     | Nullable=True,Permission=ReadWrite  | RackOffsetUnits                             |             2 | 171      |
+-------+-------------+----------+-------------------------------------+---------------------------------------------+---------------+----------+
|    90 |           3 | String   | Nullable=True,Permission=ReadWrite  | Row                                         |             0 |          |
+-------+-------------+----------+-------------------------------------+---------------------------------------------+---------------+----------+
|    91 |           4 | String   | Nullable=True,Permission=ReadWrite  | AdditionalInfo                              |             0 |          |
+-------+-------------+----------+-------------------------------------+---------------------------------------------+---------------+----------+
|    92 |           5 | String   | Nullable=True,Permission=ReadWrite  | FacilityName                                |             0 |          |
+-------+-------------+----------+-------------------------------------+---------------------------------------------+---------------+----------+
|    93 |           6 | String   | Nullable=True,Permission=ReadWrite  | Room                                        |             0 |          |
+-------+-------------+----------+-------------------------------------+---------------------------------------------+---------------+----------+
|    94 |           0 | String   | Nullable=True,Permission=ReadWrite  | AdditionalCode                              |             0 |          |
+-------+-------------+----------+-------------------------------------+---------------------------------------------+---------------+----------+
|    95 |           1 | String   | Nullable=True,Permission=ReadWrite  | Building                                    |             0 |          |
+-------+-------------+----------+-------------------------------------+---------------------------------------------+---------------+----------+
|    96 |           2 | String   | Nullable=True,Permission=ReadWrite  | City                                        |             0 |          |
+-------+-------------+----------+-------------------------------------+---------------------------------------------+---------------+----------+
|    97 |           3 | String   | Nullable=True,Permission=ReadWrite  | Community                                   |             0 |          |
+-------+-------------+----------+-------------------------------------+---------------------------------------------+---------------+----------+
|    98 |           4 | String   | Nullable=True,Permission=ReadWrite  | Country                                     |             0 |          |
+-------+-------------+----------+-------------------------------------+---------------------------------------------+---------------+----------+
|    99 |           5 | String   | Nullable=True,Permission=ReadWrite  | District                                    |             0 |          |
+-------+-------------+----------+-------------------------------------+---------------------------------------------+---------------+----------+
|   100 |           6 | String   | Nullable=True,Permission=ReadWrite  | Division                                    |             0 |          |
+-------+-------------+----------+-------------------------------------+---------------------------------------------+---------------+----------+
|   101 |           7 | String   | Nullable=True,Permission=ReadWrite  | Floor                                       |             0 |          |
+-------+-------------+----------+-------------------------------------+---------------------------------------------+---------------+----------+
|   102 |           8 | String   | Nullable=True,Permission=ReadWrite  | GPSCoords                                   |             0 |          |
+-------+-------------+----------+-------------------------------------+---------------------------------------------+---------------+----------+
|   103 |           9 | Integer  | Nullable=True,Permission=ReadWrite  | HouseNumber                                 |             0 |          |
+-------+-------------+----------+-------------------------------------+---------------------------------------------+---------------+----------+
|   104 |          10 | String   | Nullable=True,Permission=ReadWrite  | HouseNumberSuffix                           |             0 |          |
+-------+-------------+----------+-------------------------------------+---------------------------------------------+---------------+----------+
|   105 |          11 | String   | Nullable=True,Permission=ReadWrite  | Landmark                                    |             0 |          |
+-------+-------------+----------+-------------------------------------+---------------------------------------------+---------------+----------+
|   106 |          12 | String   | Nullable=True,Permission=ReadWrite  | LeadingStreetDirection                      |             0 |          |
+-------+-------------+----------+-------------------------------------+---------------------------------------------+---------------+----------+
|   107 |          13 | String   | Nullable=True,Permission=ReadWrite  | Location                                    |             0 |          |
+-------+-------------+----------+-------------------------------------+---------------------------------------------+---------------+----------+
|   108 |          14 | String   | Nullable=True,Permission=ReadWrite  | Name                                        |             0 |          |
+-------+-------------+----------+-------------------------------------+---------------------------------------------+---------------+----------+
|   109 |          15 | String   | Nullable=True,Permission=ReadWrite  | Neighborhood                                |             0 |          |
+-------+-------------+----------+-------------------------------------+---------------------------------------------+---------------+----------+
|   110 |          16 | String   | Nullable=True,Permission=ReadWrite  | POBox                                       |             0 |          |
+-------+-------------+----------+-------------------------------------+---------------------------------------------+---------------+----------+
|   111 |          17 | String   | Nullable=True,Permission=ReadWrite  | PlaceType                                   |             0 |          |
+-------+-------------+----------+-------------------------------------+---------------------------------------------+---------------+----------+
|   112 |          18 | String   | Nullable=True,Permission=ReadWrite  | PostalCode                                  |             0 |          |
+-------+-------------+----------+-------------------------------------+---------------------------------------------+---------------+----------+
|   113 |          19 | String   | Nullable=True,Permission=ReadWrite  | Road                                        |             0 |          |
+-------+-------------+----------+-------------------------------------+---------------------------------------------+---------------+----------+
|   114 |          20 | String   | Nullable=True,Permission=ReadWrite  | RoadBranch                                  |             0 |          |
+-------+-------------+----------+-------------------------------------+---------------------------------------------+---------------+----------+
|   115 |          21 | String   | Nullable=True,Permission=ReadWrite  | RoadPostModifier                            |             0 |          |
+-------+-------------+----------+-------------------------------------+---------------------------------------------+---------------+----------+
|   116 |          22 | String   | Nullable=True,Permission=ReadWrite  | RoadPreModifier                             |             0 |          |
+-------+-------------+----------+-------------------------------------+---------------------------------------------+---------------+----------+
|   117 |          23 | String   | Nullable=True,Permission=ReadWrite  | RoadSection                                 |             0 |          |
+-------+-------------+----------+-------------------------------------+---------------------------------------------+---------------+----------+
|   118 |          24 | String   | Nullable=True,Permission=ReadWrite  | RoadSubBranch                               |             0 |          |
+-------+-------------+----------+-------------------------------------+---------------------------------------------+---------------+----------+
|   119 |          25 | String   | Nullable=True,Permission=ReadWrite  | Room                                        |             0 |          |
+-------+-------------+----------+-------------------------------------+---------------------------------------------+---------------+----------+
|   120 |          26 | String   | Nullable=True,Permission=ReadWrite  | Seat                                        |             0 |          |
+-------+-------------+----------+-------------------------------------+---------------------------------------------+---------------+----------+
|   121 |          27 | String   | Nullable=True,Permission=ReadWrite  | Street                                      |             0 |          |
+-------+-------------+----------+-------------------------------------+---------------------------------------------+---------------+----------+
|   122 |          28 | String   | Nullable=True,Permission=ReadWrite  | StreetSuffix                                |             0 |          |
+-------+-------------+----------+-------------------------------------+---------------------------------------------+---------------+----------+
|   123 |          29 | String   | Nullable=True,Permission=ReadWrite  | Territory                                   |             0 |          |
+-------+-------------+----------+-------------------------------------+---------------------------------------------+---------------+----------+
|   124 |          30 | String   | Nullable=True,Permission=ReadWrite  | TrailingStreetSuffix                        |             0 |          |
+-------+-------------+----------+-------------------------------------+---------------------------------------------+---------------+----------+
|   125 |          31 | String   | Nullable=True,Permission=ReadWrite  | Unit                                        |             0 |          |
+-------+-------------+----------+-------------------------------------+---------------------------------------------+---------------+----------+
|   126 |          32 | String   | Nullable=True,Permission=ReadWrite  | AdditionalInfo                              |             0 |          |
+-------+-------------+----------+-------------------------------------+---------------------------------------------+---------------+----------+
|   127 |           0 | Integer  | Nullable=True,Permission=Read       | LocationOrdinalValue                        |             0 |          |
+-------+-------------+----------+-------------------------------------+---------------------------------------------+---------------+----------+
|   128 |           1 | Enum     | Nullable=True,Permission=Read       | LocationType                                |             6 | 173      |
+-------+-------------+----------+-------------------------------------+---------------------------------------------+---------------+----------+
|   129 |           2 | Enum     | Nullable=True,Permission=Read       | Orientation                                 |             6 | 179      |
+-------+-------------+----------+-------------------------------------+---------------------------------------------+---------------+----------+
|   130 |           3 | Enum     | Nullable=True,Permission=Read       | Reference                                   |             7 | 185      |
+-------+-------------+----------+-------------------------------------+---------------------------------------------+---------------+----------+
|   131 |           4 | String   | Nullable=True,Permission=Read       | ServiceLabel                                |             0 |          |
+-------+-------------+----------+-------------------------------------+---------------------------------------------+---------------+----------+
|   132 |           0 | Set      |                                     |                                             |             3 | 133      |
+-------+-------------+----------+-------------------------------------+---------------------------------------------+---------------+----------+
|   133 |           0 | String   | Nullable=True,Permission=ReadWrite  | ContactName                                 |             0 |          |
+-------+-------------+----------+-------------------------------------+---------------------------------------------+---------------+----------+
|   134 |           1 | String   | Nullable=True,Permission=ReadWrite  | EmailAddress                                |             0 |          |
+-------+-------------+----------+-------------------------------------+---------------------------------------------+---------------+----------+
|   135 |           2 | String   | Nullable=True,Permission=ReadWrite  | PhoneNumber                                 |             0 |          |
+-------+-------------+----------+-------------------------------------+---------------------------------------------+---------------+----------+
|   136 |           0 | String   | Nullable=True,Permission=ReadWrite  | City                                        |             0 |          |
+-------+-------------+----------+-------------------------------------+---------------------------------------------+---------------+----------+
|   137 |           1 | String   | Nullable=True,Permission=ReadWrite  | Country                                     |             0 |          |
+-------+-------------+----------+-------------------------------------+---------------------------------------------+---------------+----------+
|   138 |           2 | String   | Nullable=True,Permission=ReadWrite  | ISOCountryCode                              |             0 |          |
+-------+-------------+----------+-------------------------------------+---------------------------------------------+---------------+----------+
|   139 |           3 | String   | Nullable=True,Permission=ReadWrite  | ISOSubdivisionCode                          |             0 |          |
+-------+-------------+----------+-------------------------------------+---------------------------------------------+---------------+----------+
|   140 |           4 | String   | Nullable=True,Permission=ReadWrite  | PostalCode                                  |             0 |          |
+-------+-------------+----------+-------------------------------------+---------------------------------------------+---------------+----------+
|   141 |           5 | String   | Nullable=True,Permission=ReadWrite  | StateOrProvince                             |             0 |          |
+-------+-------------+----------+-------------------------------------+---------------------------------------------+---------------+----------+
|   142 |           6 | String   | Nullable=True,Permission=ReadWrite  | StreetAddress                               |             0 |          |
+-------+-------------+----------+-------------------------------------+---------------------------------------------+---------------+----------+
|   143 |           0 | Integer  |                                     |                                             |             0 |          |
+-------+-------------+----------+-------------------------------------+---------------------------------------------+---------------+----------+
|   144 |           0 | Enum     |                                     |                                             |             8 | 145      |
+-------+-------------+----------+-------------------------------------+---------------------------------------------+---------------+----------+
|   145 |           0 | String   |                                     | Every                                       |             0 |          |
+-------+-------------+----------+-------------------------------------+---------------------------------------------+---------------+----------+
|   146 |           1 | String   |                                     | Friday                                      |             0 |          |
+-------+-------------+----------+-------------------------------------+---------------------------------------------+---------------+----------+
|   147 |           2 | String   |                                     | Monday                                      |             0 |          |
+-------+-------------+----------+-------------------------------------+---------------------------------------------+---------------+----------+
|   148 |           3 | String   |                                     | Saturday                                    |             0 |          |
+-------+-------------+----------+-------------------------------------+---------------------------------------------+---------------+----------+
|   149 |           4 | String   |                                     | Sunday                                      |             0 |          |
+-------+-------------+----------+-------------------------------------+---------------------------------------------+---------------+----------+
|   150 |           5 | String   |                                     | Thursday                                    |             0 |          |
+-------+-------------+----------+-------------------------------------+---------------------------------------------+---------------+----------+
|   151 |           6 | String   |                                     | Tuesday                                     |             0 |          |
+-------+-------------+----------+-------------------------------------+---------------------------------------------+---------------+----------+
|   152 |           7 | String   |                                     | Wednesday                                   |             0 |          |
+-------+-------------+----------+-------------------------------------+---------------------------------------------+---------------+----------+
|   153 |           0 | Enum     |                                     |                                             |            13 | 154      |
+-------+-------------+----------+-------------------------------------+---------------------------------------------+---------------+----------+
|   154 |           0 | String   |                                     | April                                       |             0 |          |
+-------+-------------+----------+-------------------------------------+---------------------------------------------+---------------+----------+
|   155 |           1 | String   |                                     | August                                      |             0 |          |
+-------+-------------+----------+-------------------------------------+---------------------------------------------+---------------+----------+
|   156 |           2 | String   |                                     | December                                    |             0 |          |
+-------+-------------+----------+-------------------------------------+---------------------------------------------+---------------+----------+
|   157 |           3 | String   |                                     | Every                                       |             0 |          |
+-------+-------------+----------+-------------------------------------+---------------------------------------------+---------------+----------+
|   158 |           4 | String   |                                     | February                                    |             0 |          |
+-------+-------------+----------+-------------------------------------+---------------------------------------------+---------------+----------+
|   159 |           5 | String   |                                     | January                                     |             0 |          |
+-------+-------------+----------+-------------------------------------+---------------------------------------------+---------------+----------+
|   160 |           6 | String   |                                     | July                                        |             0 |          |
+-------+-------------+----------+-------------------------------------+---------------------------------------------+---------------+----------+
|   161 |           7 | String   |                                     | June                                        |             0 |          |
+-------+-------------+----------+-------------------------------------+---------------------------------------------+---------------+----------+
|   162 |           8 | String   |                                     | March                                       |             0 |          |
+-------+-------------+----------+-------------------------------------+---------------------------------------------+---------------+----------+
|   163 |           9 | String   |                                     | May                                         |             0 |          |
+-------+-------------+----------+-------------------------------------+---------------------------------------------+---------------+----------+
|   164 |          10 | String   |                                     | November                                    |             0 |          |
+-------+-------------+----------+-------------------------------------+---------------------------------------------+---------------+----------+
|   165 |          11 | String   |                                     | October                                     |             0 |          |
+-------+-------------+----------+-------------------------------------+---------------------------------------------+---------------+----------+
|   166 |          12 | String   |                                     | September                                   |             0 |          |
+-------+-------------+----------+-------------------------------------+---------------------------------------------+---------------+----------+
|   167 |           0 | String   | Nullable=False,Permission=Read      | target                                      |             0 |          |
+-------+-------------+----------+-------------------------------------+---------------------------------------------+---------------+----------+
|   168 |           1 | String   | Nullable=False,Permission=Read      | title                                       |             0 |          |
+-------+-------------+----------+-------------------------------------+---------------------------------------------+---------------+----------+
|   169 |           2 | Set      | Nullable=False,                     | ReplicaLineOfService                        |            14 | 20       |
+-------+-------------+----------+-------------------------------------+---------------------------------------------+---------------+----------+
|   170 |           3 | Array    | Nullable=True,                      | ReplicaRequests                             |             1 | 192      |
+-------+-------------+----------+-------------------------------------+---------------------------------------------+---------------+----------+
|   171 |           0 | String   |                                     | EIA_310                                     |             0 |          |
+-------+-------------+----------+-------------------------------------+---------------------------------------------+---------------+----------+
|   172 |           1 | String   |                                     | OpenU                                       |             0 |          |
+-------+-------------+----------+-------------------------------------+---------------------------------------------+---------------+----------+
|   173 |           0 | String   |                                     | Bay                                         |             0 |          |
+-------+-------------+----------+-------------------------------------+---------------------------------------------+---------------+----------+
|   174 |           1 | String   |                                     | Connector                                   |             0 |          |
+-------+-------------+----------+-------------------------------------+---------------------------------------------+---------------+----------+
|   175 |           2 | String   |                                     | Slot                                        |             0 |          |
+-------+-------------+----------+-------------------------------------+---------------------------------------------+---------------+----------+
|   176 |           3 | String   |                                     | Socket                                      |             0 |          |
+-------+-------------+----------+-------------------------------------+---------------------------------------------+---------------+----------+
|   177 |           4 | String   |                                     | Backplane                                   |             0 |          |
+-------+-------------+----------+-------------------------------------+---------------------------------------------+---------------+----------+
|   178 |           5 | String   |                                     | Embedded                                    |             0 |          |
+-------+-------------+----------+-------------------------------------+---------------------------------------------+---------------+----------+
|   179 |           0 | String   |                                     | BackToFront                                 |             0 |          |
+-------+-------------+----------+-------------------------------------+---------------------------------------------+---------------+----------+
|   180 |           1 | String   |                                     | BottomToTop                                 |             0 |          |
+-------+-------------+----------+-------------------------------------+---------------------------------------------+---------------+----------+
|   181 |           2 | String   |                                     | FrontToBack                                 |             0 |          |
+-------+-------------+----------+-------------------------------------+---------------------------------------------+---------------+----------+
|   182 |           3 | String   |                                     | LeftToRight                                 |             0 |          |
+-------+-------------+----------+-------------------------------------+---------------------------------------------+---------------+----------+
|   183 |           4 | String   |                                     | RightToLeft                                 |             0 |          |
+-------+-------------+----------+-------------------------------------+---------------------------------------------+---------------+----------+
|   184 |           5 | String   |                                     | TopToBottom                                 |             0 |          |
+-------+-------------+----------+-------------------------------------+---------------------------------------------+---------------+----------+
|   185 |           0 | String   |                                     | Bottom                                      |             0 |          |
+-------+-------------+----------+-------------------------------------+---------------------------------------------+---------------+----------+
|   186 |           1 | String   |                                     | Front                                       |             0 |          |
+-------+-------------+----------+-------------------------------------+---------------------------------------------+---------------+----------+
|   187 |           2 | String   |                                     | Left                                        |             0 |          |
+-------+-------------+----------+-------------------------------------+---------------------------------------------+---------------+----------+
|   188 |           3 | String   |                                     | Middle                                      |             0 |          |
+-------+-------------+----------+-------------------------------------+---------------------------------------------+---------------+----------+
|   189 |           4 | String   |                                     | Rear                                        |             0 |          |
+-------+-------------+----------+-------------------------------------+---------------------------------------------+---------------+----------+
|   190 |           5 | String   |                                     | Right                                       |             0 |          |
+-------+-------------+----------+-------------------------------------+---------------------------------------------+---------------+----------+
|   191 |           6 | String   |                                     | Top                                         |             0 |          |
+-------+-------------+----------+-------------------------------------+---------------------------------------------+---------------+----------+
|   192 |           0 | Set      |                                     |                                             |             2 | 193      |
+-------+-------------+----------+-------------------------------------+---------------------------------------------+---------------+----------+
|   193 |           0 | String   | Nullable=True,Permission=ReadWrite  | ReplicaName                                 |             0 |          |
+-------+-------------+----------+-------------------------------------+---------------------------------------------+---------------+----------+
|   194 |           1 | Set      | Nullable=False,                     | ReplicaSource                               |             0 |          |
+-------+-------------+----------+-------------------------------------+---------------------------------------------+---------------+----------+
Total Entries: 195
Fixed size consumed (bytes): 1962 (0x7aa)
Field string size consumed (bytes): 2031 (0x7ef)
Total size (bytes): 3993 (0xf99)
Version: 0XF1F2F000
Signature: 0x5a1504f5
