+-------+-------------+----------+------------------------------------+-------------------------------------+---------------+----------+
|   Row |   Sequence# | Format   | Flags                              | Field String                        |   Child Count | Offset   |
+=======+=============+==========+====================================+=====================================+===============+==========+
|     0 |           0 | Set      |                                    | DataSecurityLoSCapabilities         |            15 | 1        |
+-------+-------------+----------+------------------------------------+-------------------------------------+---------------+----------+
|     1 |           0 | String   | Nullable=True,Permission=Read      | Description                         |             0 |          |
+-------+-------------+----------+------------------------------------+-------------------------------------+---------------+----------+
|     2 |           1 | String   | Nullable=False,Permission=Read     | Id                                  |             0 |          |
+-------+-------------+----------+------------------------------------+-------------------------------------+---------------+----------+
|     3 |           2 | Set      | Nullable=False,                    | Identifier                          |             2 | 16       |
+-------+-------------+----------+------------------------------------+-------------------------------------+---------------+----------+
|     4 |           3 | String   | Nullable=False,Permission=Read     | Name                                |             0 |          |
+-------+-------------+----------+------------------------------------+-------------------------------------+---------------+----------+
|     5 |           4 | Set      | Nullable=False,                    | Oem                                 |             0 |          |
+-------+-------------+----------+------------------------------------+-------------------------------------+---------------+----------+
|     6 |           5 | Array    | Nullable=True,Permission=ReadWrite | SupportedAntivirusEngineProviders   |             1 | 18       |
+-------+-------------+----------+------------------------------------+-------------------------------------+---------------+----------+
|     7 |           6 | Array    | Nullable=True,Permission=ReadWrite | SupportedAntivirusScanPolicies      |             1 | 19       |
+-------+-------------+----------+------------------------------------+-------------------------------------+---------------+----------+
|     8 |           7 | Array    | Nullable=True,Permission=ReadWrite | SupportedChannelEncryptionStrengths |             1 | 25       |
+-------+-------------+----------+------------------------------------+-------------------------------------+---------------+----------+
|     9 |           8 | Array    | Nullable=True,Permission=ReadWrite | SupportedDataSanitizationPolicies   |             1 | 31       |
+-------+-------------+----------+------------------------------------+-------------------------------------+---------------+----------+
|    10 |           9 | Array    | Nullable=True,Permission=ReadWrite | SupportedHostAuthenticationTypes    |             1 | 35       |
+-------+-------------+----------+------------------------------------+-------------------------------------+---------------+----------+
|    11 |          10 | Array    | Nullable=True,Permission=ReadWrite | SupportedLinesOfService             |             1 | 40       |
+-------+-------------+----------+------------------------------------+-------------------------------------+---------------+----------+
|    12 |          11 | Array    | Nullable=True,Permission=ReadWrite | SupportedMediaEncryptionStrengths   |             1 | 25       |
+-------+-------------+----------+------------------------------------+-------------------------------------+---------------+----------+
|    13 |          12 | Array    | Nullable=True,Permission=ReadWrite | SupportedSecureChannelProtocols     |             1 | 54       |
+-------+-------------+----------+------------------------------------+-------------------------------------+---------------+----------+
|    14 |          13 | Array    | Nullable=True,Permission=ReadWrite | SupportedUserAuthenticationTypes    |             1 | 35       |
+-------+-------------+----------+------------------------------------+-------------------------------------+---------------+----------+
|    15 |          14 | Set      | Nullable=False,                    | Actions                             |             1 | 59       |
+-------+-------------+----------+------------------------------------+-------------------------------------+---------------+----------+
|    16 |           0 | String   | Nullable=True,Permission=Read      | DurableName                         |             0 |          |
+-------+-------------+----------+------------------------------------+-------------------------------------+---------------+----------+
|    17 |           1 | Enum     | Nullable=True,Permission=Read      | DurableNameFormat                   |            10 | 60       |
+-------+-------------+----------+------------------------------------+-------------------------------------+---------------+----------+
|    18 |           0 | String   |                                    |                                     |             0 |          |
+-------+-------------+----------+------------------------------------+-------------------------------------+---------------+----------+
|    19 |           0 | Enum     |                                    |                                     |             5 | 20       |
+-------+-------------+----------+------------------------------------+-------------------------------------+---------------+----------+
|    20 |           0 | String   |                                    | None                                |             0 |          |
+-------+-------------+----------+------------------------------------+-------------------------------------+---------------+----------+
|    21 |           1 | String   |                                    | OnFirstRead                         |             0 |          |
+-------+-------------+----------+------------------------------------+-------------------------------------+---------------+----------+
|    22 |           2 | String   |                                    | OnPatternUpdate                     |             0 |          |
+-------+-------------+----------+------------------------------------+-------------------------------------+---------------+----------+
|    23 |           3 | String   |                                    | OnRename                            |             0 |          |
+-------+-------------+----------+------------------------------------+-------------------------------------+---------------+----------+
|    24 |           4 | String   |                                    | OnUpdate                            |             0 |          |
+-------+-------------+----------+------------------------------------+-------------------------------------+---------------+----------+
|    25 |           0 | Enum     |                                    |                                     |             5 | 26       |
+-------+-------------+----------+------------------------------------+-------------------------------------+---------------+----------+
|    26 |           0 | String   |                                    | Bits_0                              |             0 |          |
+-------+-------------+----------+------------------------------------+-------------------------------------+---------------+----------+
|    27 |           1 | String   |                                    | Bits_112                            |             0 |          |
+-------+-------------+----------+------------------------------------+-------------------------------------+---------------+----------+
|    28 |           2 | String   |                                    | Bits_128                            |             0 |          |
+-------+-------------+----------+------------------------------------+-------------------------------------+---------------+----------+
|    29 |           3 | String   |                                    | Bits_192                            |             0 |          |
+-------+-------------+----------+------------------------------------+-------------------------------------+---------------+----------+
|    30 |           4 | String   |                                    | Bits_256                            |             0 |          |
+-------+-------------+----------+------------------------------------+-------------------------------------+---------------+----------+
|    31 |           0 | Enum     |                                    |                                     |             3 | 32       |
+-------+-------------+----------+------------------------------------+-------------------------------------+---------------+----------+
|    32 |           0 | String   |                                    | Clear                               |             0 |          |
+-------+-------------+----------+------------------------------------+-------------------------------------+---------------+----------+
|    33 |           1 | String   |                                    | CryptographicErase                  |             0 |          |
+-------+-------------+----------+------------------------------------+-------------------------------------+---------------+----------+
|    34 |           2 | String   |                                    | None                                |             0 |          |
+-------+-------------+----------+------------------------------------+-------------------------------------+---------------+----------+
|    35 |           0 | Enum     |                                    |                                     |             4 | 36       |
+-------+-------------+----------+------------------------------------+-------------------------------------+---------------+----------+
|    36 |           0 | String   |                                    | None                                |             0 |          |
+-------+-------------+----------+------------------------------------+-------------------------------------+---------------+----------+
|    37 |           1 | String   |                                    | Password                            |             0 |          |
+-------+-------------+----------+------------------------------------+-------------------------------------+---------------+----------+
|    38 |           2 | String   |                                    | PKI                                 |             0 |          |
+-------+-------------+----------+------------------------------------+-------------------------------------+---------------+----------+
|    39 |           3 | String   |                                    | Ticket                              |             0 |          |
+-------+-------------+----------+------------------------------------+-------------------------------------+---------------+----------+
|    40 |           0 | Set      |                                    |                                     |            13 | 41       |
+-------+-------------+----------+------------------------------------+-------------------------------------+---------------+----------+
|    41 |           0 | String   | Nullable=True,Permission=ReadWrite | AntivirusEngineProvider             |             0 |          |
+-------+-------------+----------+------------------------------------+-------------------------------------+---------------+----------+
|    42 |           1 | Array    | Nullable=True,Permission=ReadWrite | AntivirusScanPolicies               |             1 | 19       |
+-------+-------------+----------+------------------------------------+-------------------------------------+---------------+----------+
|    43 |           2 | Enum     | Nullable=True,Permission=ReadWrite | ChannelEncryptionStrength           |             5 | 26       |
+-------+-------------+----------+------------------------------------+-------------------------------------+---------------+----------+
|    44 |           3 | Enum     | Nullable=True,Permission=ReadWrite | DataSanitizationPolicy              |             3 | 32       |
+-------+-------------+----------+------------------------------------+-------------------------------------+---------------+----------+
|    45 |           4 | String   | Nullable=True,Permission=Read      | Description                         |             0 |          |
+-------+-------------+----------+------------------------------------+-------------------------------------+---------------+----------+
|    46 |           5 | Enum     | Nullable=True,Permission=ReadWrite | HostAuthenticationType              |             4 | 36       |
+-------+-------------+----------+------------------------------------+-------------------------------------+---------------+----------+
|    47 |           6 | String   | Nullable=False,Permission=Read     | Id                                  |             0 |          |
+-------+-------------+----------+------------------------------------+-------------------------------------+---------------+----------+
|    48 |           7 | Enum     | Nullable=True,Permission=ReadWrite | MediaEncryptionStrength             |             5 | 26       |
+-------+-------------+----------+------------------------------------+-------------------------------------+---------------+----------+
|    49 |           8 | String   | Nullable=False,Permission=Read     | Name                                |             0 |          |
+-------+-------------+----------+------------------------------------+-------------------------------------+---------------+----------+
|    50 |           9 | Set      | Nullable=False,                    | Oem                                 |             0 |          |
+-------+-------------+----------+------------------------------------+-------------------------------------+---------------+----------+
|    51 |          10 | Enum     | Nullable=True,Permission=ReadWrite | SecureChannelProtocol               |             4 | 55       |
+-------+-------------+----------+------------------------------------+-------------------------------------+---------------+----------+
|    52 |          11 | Enum     | Nullable=True,Permission=ReadWrite | UserAuthenticationType              |             4 | 36       |
+-------+-------------+----------+------------------------------------+-------------------------------------+---------------+----------+
|    53 |          12 | Set      | Nullable=False,                    | Actions                             |             1 | 70       |
+-------+-------------+----------+------------------------------------+-------------------------------------+---------------+----------+
|    54 |           0 | Enum     |                                    |                                     |             4 | 55       |
+-------+-------------+----------+------------------------------------+-------------------------------------+---------------+----------+
|    55 |           0 | String   |                                    | IPsec                               |             0 |          |
+-------+-------------+----------+------------------------------------+-------------------------------------+---------------+----------+
|    56 |           1 | String   |                                    | None                                |             0 |          |
+-------+-------------+----------+------------------------------------+-------------------------------------+---------------+----------+
|    57 |           2 | String   |                                    | RPCSEC_GSS                          |             0 |          |
+-------+-------------+----------+------------------------------------+-------------------------------------+---------------+----------+
|    58 |           3 | String   |                                    | TLS                                 |             0 |          |
+-------+-------------+----------+------------------------------------+-------------------------------------+---------------+----------+
|    59 |           0 | Set      | Nullable=False,                    | Oem                                 |             0 |          |
+-------+-------------+----------+------------------------------------+-------------------------------------+---------------+----------+
|    60 |           0 | String   |                                    | EUI                                 |             0 |          |
+-------+-------------+----------+------------------------------------+-------------------------------------+---------------+----------+
|    61 |           1 | String   |                                    | FC_WWN                              |             0 |          |
+-------+-------------+----------+------------------------------------+-------------------------------------+---------------+----------+
|    62 |           2 | String   |                                    | iQN                                 |             0 |          |
+-------+-------------+----------+------------------------------------+-------------------------------------+---------------+----------+
|    63 |           3 | String   |                                    | NAA                                 |             0 |          |
+-------+-------------+----------+------------------------------------+-------------------------------------+---------------+----------+
|    64 |           4 | String   |                                    | UUID                                |             0 |          |
+-------+-------------+----------+------------------------------------+-------------------------------------+---------------+----------+
|    65 |           5 | String   |                                    | NGUID                               |             0 |          |
+-------+-------------+----------+------------------------------------+-------------------------------------+---------------+----------+
|    66 |           6 | String   |                                    | MACAddress                          |             0 |          |
+-------+-------------+----------+------------------------------------+-------------------------------------+---------------+----------+
|    67 |           7 | String   |                                    | GCXLID                              |             0 |          |
+-------+-------------+----------+------------------------------------+-------------------------------------+---------------+----------+
|    68 |           8 | String   |                                    | NQN                                 |             0 |          |
+-------+-------------+----------+------------------------------------+-------------------------------------+---------------+----------+
|    69 |           9 | String   |                                    | NSID                                |             0 |          |
+-------+-------------+----------+------------------------------------+-------------------------------------+---------------+----------+
|    70 |           0 | Set      | Nullable=False,                    | Oem                                 |             0 |          |
+-------+-------------+----------+------------------------------------+-------------------------------------+---------------+----------+
Total Entries: 71
Fixed size consumed (bytes): 722 (0x2d2)
Field string size consumed (bytes): 891 (0x37b)
Total size (bytes): 1613 (0x64d)
Version: 0XF1F2F000
Signature: 0x2cf40736
