+-------+-------------+----------+------------------------------------+--------------------------------+---------------+----------+
|   Row |   Sequence# | Format   | Flags                              | Field String                   |   Child Count | Offset   |
+=======+=============+==========+====================================+================================+===============+==========+
|     0 |           0 | Set      |                                    | DataStorageLineOfService       |            10 | 1        |
+-------+-------------+----------+------------------------------------+--------------------------------+---------------+----------+
|     1 |           0 | String   | Nullable=True,Permission=Read      | Description                    |             0 |          |
+-------+-------------+----------+------------------------------------+--------------------------------+---------------+----------+
|     2 |           1 | String   | Nullable=False,Permission=Read     | Id                             |             0 |          |
+-------+-------------+----------+------------------------------------+--------------------------------+---------------+----------+
|     3 |           2 | Boolean  | Nullable=True,Permission=ReadWrite | IsSpaceEfficient               |             0 |          |
+-------+-------------+----------+------------------------------------+--------------------------------+---------------+----------+
|     4 |           3 | String   | Nullable=False,Permission=Read     | Name                           |             0 |          |
+-------+-------------+----------+------------------------------------+--------------------------------+---------------+----------+
|     5 |           4 | Set      | Nullable=False,                    | Oem                            |             0 |          |
+-------+-------------+----------+------------------------------------+--------------------------------+---------------+----------+
|     6 |           5 | Enum     | Nullable=True,Permission=ReadWrite | ProvisioningPolicy             |             2 | 11       |
+-------+-------------+----------+------------------------------------+--------------------------------+---------------+----------+
|     7 |           6 | Enum     | Nullable=True,Permission=ReadWrite | RecoveryTimeObjectives         |             4 | 13       |
+-------+-------------+----------+------------------------------------+--------------------------------+---------------+----------+
|     8 |           7 | Array    | Nullable=True,Permission=ReadWrite | AccessCapabilities             |             1 | 17       |
+-------+-------------+----------+------------------------------------+--------------------------------+---------------+----------+
|     9 |           8 | Integer  | Nullable=True,Permission=ReadWrite | RecoverableCapacitySourceCount |             0 |          |
+-------+-------------+----------+------------------------------------+--------------------------------+---------------+----------+
|    10 |           9 | Set      | Nullable=False,                    | Actions                        |             1 | 24       |
+-------+-------------+----------+------------------------------------+--------------------------------+---------------+----------+
|    11 |           0 | String   |                                    | Fixed                          |             0 |          |
+-------+-------------+----------+------------------------------------+--------------------------------+---------------+----------+
|    12 |           1 | String   |                                    | Thin                           |             0 |          |
+-------+-------------+----------+------------------------------------+--------------------------------+---------------+----------+
|    13 |           0 | String   |                                    | Nearline                       |             0 |          |
+-------+-------------+----------+------------------------------------+--------------------------------+---------------+----------+
|    14 |           1 | String   |                                    | Offline                        |             0 |          |
+-------+-------------+----------+------------------------------------+--------------------------------+---------------+----------+
|    15 |           2 | String   |                                    | OnlineActive                   |             0 |          |
+-------+-------------+----------+------------------------------------+--------------------------------+---------------+----------+
|    16 |           3 | String   |                                    | OnlinePassive                  |             0 |          |
+-------+-------------+----------+------------------------------------+--------------------------------+---------------+----------+
|    17 |           0 | Enum     |                                    |                                |             6 | 18       |
+-------+-------------+----------+------------------------------------+--------------------------------+---------------+----------+
|    18 |           0 | String   |                                    | Append                         |             0 |          |
+-------+-------------+----------+------------------------------------+--------------------------------+---------------+----------+
|    19 |           1 | String   |                                    | Execute                        |             0 |          |
+-------+-------------+----------+------------------------------------+--------------------------------+---------------+----------+
|    20 |           2 | String   |                                    | Read                           |             0 |          |
+-------+-------------+----------+------------------------------------+--------------------------------+---------------+----------+
|    21 |           3 | String   |                                    | Streaming                      |             0 |          |
+-------+-------------+----------+------------------------------------+--------------------------------+---------------+----------+
|    22 |           4 | String   |                                    | Write                          |             0 |          |
+-------+-------------+----------+------------------------------------+--------------------------------+---------------+----------+
|    23 |           5 | String   |                                    | WriteOnce                      |             0 |          |
+-------+-------------+----------+------------------------------------+--------------------------------+---------------+----------+
|    24 |           0 | Set      | Nullable=False,                    | Oem                            |             0 |          |
+-------+-------------+----------+------------------------------------+--------------------------------+---------------+----------+
Total Entries: 25
Fixed size consumed (bytes): 262 (0x106)
Field string size consumed (bytes): 362 (0x16a)
Total size (bytes): 624 (0x270)
Version: 0XF1F3F100
Signature: 0x855fb195
