+-------+-------------+----------+------------------------------------+---------------------------------------+---------------+----------+
|   Row |   Sequence# | Format   | Flags                              | Field String                          |   Child Count | Offset   |
+=======+=============+==========+====================================+=======================================+===============+==========+
|     0 |           0 | Set      |                                    | DataStorageLoSCapabilities            |            12 | 1        |
+-------+-------------+----------+------------------------------------+---------------------------------------+---------------+----------+
|     1 |           0 | String   | Nullable=True,Permission=Read      | Description                           |             0 |          |
+-------+-------------+----------+------------------------------------+---------------------------------------+---------------+----------+
|     2 |           1 | String   | Nullable=False,Permission=Read     | Id                                    |             0 |          |
+-------+-------------+----------+------------------------------------+---------------------------------------+---------------+----------+
|     3 |           2 | Set      | Nullable=False,                    | Identifier                            |             2 | 13       |
+-------+-------------+----------+------------------------------------+---------------------------------------+---------------+----------+
|     4 |           3 | String   | Nullable=False,Permission=Read     | Name                                  |             0 |          |
+-------+-------------+----------+------------------------------------+---------------------------------------+---------------+----------+
|     5 |           4 | Set      | Nullable=False,                    | Oem                                   |             0 |          |
+-------+-------------+----------+------------------------------------+---------------------------------------+---------------+----------+
|     6 |           5 | Array    | Nullable=True,Permission=ReadWrite | SupportedAccessCapabilities           |             1 | 15       |
+-------+-------------+----------+------------------------------------+---------------------------------------+---------------+----------+
|     7 |           6 | Array    | Nullable=True,Permission=ReadWrite | SupportedLinesOfService               |             1 | 22       |
+-------+-------------+----------+------------------------------------+---------------------------------------+---------------+----------+
|     8 |           7 | Array    | Nullable=True,Permission=ReadWrite | SupportedProvisioningPolicies         |             1 | 33       |
+-------+-------------+----------+------------------------------------+---------------------------------------+---------------+----------+
|     9 |           8 | Array    | Nullable=True,Permission=ReadWrite | SupportedRecoveryTimeObjectives       |             1 | 36       |
+-------+-------------+----------+------------------------------------+---------------------------------------+---------------+----------+
|    10 |           9 | Boolean  | Nullable=True,Permission=ReadWrite | SupportsSpaceEfficiency               |             0 |          |
+-------+-------------+----------+------------------------------------+---------------------------------------+---------------+----------+
|    11 |          10 | Set      | Nullable=False,                    | Actions                               |             1 | 41       |
+-------+-------------+----------+------------------------------------+---------------------------------------+---------------+----------+
|    12 |          11 | Integer  | Nullable=True,Permission=ReadWrite | MaximumRecoverableCapacitySourceCount |             0 |          |
+-------+-------------+----------+------------------------------------+---------------------------------------+---------------+----------+
|    13 |           0 | String   | Nullable=True,Permission=Read      | DurableName                           |             0 |          |
+-------+-------------+----------+------------------------------------+---------------------------------------+---------------+----------+
|    14 |           1 | Enum     | Nullable=True,Permission=Read      | DurableNameFormat                     |            10 | 42       |
+-------+-------------+----------+------------------------------------+---------------------------------------+---------------+----------+
|    15 |           0 | Enum     |                                    |                                       |             6 | 16       |
+-------+-------------+----------+------------------------------------+---------------------------------------+---------------+----------+
|    16 |           0 | String   |                                    | Append                                |             0 |          |
+-------+-------------+----------+------------------------------------+---------------------------------------+---------------+----------+
|    17 |           1 | String   |                                    | Execute                               |             0 |          |
+-------+-------------+----------+------------------------------------+---------------------------------------+---------------+----------+
|    18 |           2 | String   |                                    | Read                                  |             0 |          |
+-------+-------------+----------+------------------------------------+---------------------------------------+---------------+----------+
|    19 |           3 | String   |                                    | Streaming                             |             0 |          |
+-------+-------------+----------+------------------------------------+---------------------------------------+---------------+----------+
|    20 |           4 | String   |                                    | Write                                 |             0 |          |
+-------+-------------+----------+------------------------------------+---------------------------------------+---------------+----------+
|    21 |           5 | String   |                                    | WriteOnce                             |             0 |          |
+-------+-------------+----------+------------------------------------+---------------------------------------+---------------+----------+
|    22 |           0 | Set      |                                    |                                       |            10 | 23       |
+-------+-------------+----------+------------------------------------+---------------------------------------+---------------+----------+
|    23 |           0 | String   | Nullable=True,Permission=Read      | Description                           |             0 |          |
+-------+-------------+----------+------------------------------------+---------------------------------------+---------------+----------+
|    24 |           1 | String   | Nullable=False,Permission=Read     | Id                                    |             0 |          |
+-------+-------------+----------+------------------------------------+---------------------------------------+---------------+----------+
|    25 |           2 | Boolean  | Nullable=True,Permission=ReadWrite | IsSpaceEfficient                      |             0 |          |
+-------+-------------+----------+------------------------------------+---------------------------------------+---------------+----------+
|    26 |           3 | String   | Nullable=False,Permission=Read     | Name                                  |             0 |          |
+-------+-------------+----------+------------------------------------+---------------------------------------+---------------+----------+
|    27 |           4 | Set      | Nullable=False,                    | Oem                                   |             0 |          |
+-------+-------------+----------+------------------------------------+---------------------------------------+---------------+----------+
|    28 |           5 | Enum     | Nullable=True,Permission=ReadWrite | ProvisioningPolicy                    |             2 | 34       |
+-------+-------------+----------+------------------------------------+---------------------------------------+---------------+----------+
|    29 |           6 | Enum     | Nullable=True,Permission=ReadWrite | RecoveryTimeObjectives                |             4 | 37       |
+-------+-------------+----------+------------------------------------+---------------------------------------+---------------+----------+
|    30 |           7 | Array    | Nullable=True,Permission=ReadWrite | AccessCapabilities                    |             1 | 15       |
+-------+-------------+----------+------------------------------------+---------------------------------------+---------------+----------+
|    31 |           8 | Integer  | Nullable=True,Permission=ReadWrite | RecoverableCapacitySourceCount        |             0 |          |
+-------+-------------+----------+------------------------------------+---------------------------------------+---------------+----------+
|    32 |           9 | Set      | Nullable=False,                    | Actions                               |             1 | 52       |
+-------+-------------+----------+------------------------------------+---------------------------------------+---------------+----------+
|    33 |           0 | Enum     |                                    |                                       |             2 | 34       |
+-------+-------------+----------+------------------------------------+---------------------------------------+---------------+----------+
|    34 |           0 | String   |                                    | Fixed                                 |             0 |          |
+-------+-------------+----------+------------------------------------+---------------------------------------+---------------+----------+
|    35 |           1 | String   |                                    | Thin                                  |             0 |          |
+-------+-------------+----------+------------------------------------+---------------------------------------+---------------+----------+
|    36 |           0 | Enum     |                                    |                                       |             4 | 37       |
+-------+-------------+----------+------------------------------------+---------------------------------------+---------------+----------+
|    37 |           0 | String   |                                    | Nearline                              |             0 |          |
+-------+-------------+----------+------------------------------------+---------------------------------------+---------------+----------+
|    38 |           1 | String   |                                    | Offline                               |             0 |          |
+-------+-------------+----------+------------------------------------+---------------------------------------+---------------+----------+
|    39 |           2 | String   |                                    | OnlineActive                          |             0 |          |
+-------+-------------+----------+------------------------------------+---------------------------------------+---------------+----------+
|    40 |           3 | String   |                                    | OnlinePassive                         |             0 |          |
+-------+-------------+----------+------------------------------------+---------------------------------------+---------------+----------+
|    41 |           0 | Set      | Nullable=False,                    | Oem                                   |             0 |          |
+-------+-------------+----------+------------------------------------+---------------------------------------+---------------+----------+
|    42 |           0 | String   |                                    | EUI                                   |             0 |          |
+-------+-------------+----------+------------------------------------+---------------------------------------+---------------+----------+
|    43 |           1 | String   |                                    | FC_WWN                                |             0 |          |
+-------+-------------+----------+------------------------------------+---------------------------------------+---------------+----------+
|    44 |           2 | String   |                                    | iQN                                   |             0 |          |
+-------+-------------+----------+------------------------------------+---------------------------------------+---------------+----------+
|    45 |           3 | String   |                                    | NAA                                   |             0 |          |
+-------+-------------+----------+------------------------------------+---------------------------------------+---------------+----------+
|    46 |           4 | String   |                                    | UUID                                  |             0 |          |
+-------+-------------+----------+------------------------------------+---------------------------------------+---------------+----------+
|    47 |           5 | String   |                                    | NGUID                                 |             0 |          |
+-------+-------------+----------+------------------------------------+---------------------------------------+---------------+----------+
|    48 |           6 | String   |                                    | MACAddress                            |             0 |          |
+-------+-------------+----------+------------------------------------+---------------------------------------+---------------+----------+
|    49 |           7 | String   |                                    | GCXLID                                |             0 |          |
+-------+-------------+----------+------------------------------------+---------------------------------------+---------------+----------+
|    50 |           8 | String   |                                    | NQN                                   |             0 |          |
+-------+-------------+----------+------------------------------------+---------------------------------------+---------------+----------+
|    51 |           9 | String   |                                    | NSID                                  |             0 |          |
+-------+-------------+----------+------------------------------------+---------------------------------------+---------------+----------+
|    52 |           0 | Set      | Nullable=False,                    | Oem                                   |             0 |          |
+-------+-------------+----------+------------------------------------+---------------------------------------+---------------+----------+
Total Entries: 53
Fixed size consumed (bytes): 542 (0x21e)
Field string size consumed (bytes): 638 (0x27e)
Total size (bytes): 1180 (0x49c)
Version: 0XF1F2F200
Signature: 0x8e600f67
