+-------+-------------+----------+-------------------------------------+----------------------------------+---------------+----------+
|   Row |   Sequence# | Format   | Flags                               | Field String                     |   Child Count | Offset   |
+=======+=============+==========+=====================================+==================================+===============+==========+
|     0 |           0 | Set      |                                     | FileSystem                       |            27 | 1        |
+-------+-------------+----------+-------------------------------------+----------------------------------+---------------+----------+
|     1 |           0 | Array    | Nullable=True,Permission=ReadWrite  | AccessCapabilities               |             1 | 28       |
+-------+-------------+----------+-------------------------------------+----------------------------------+---------------+----------+
|     2 |           1 | Integer  | Nullable=True,Permission=Read       | BlockSizeBytes                   |             0 |          |
+-------+-------------+----------+-------------------------------------+----------------------------------+---------------+----------+
|     3 |           2 | Set      | Nullable=False,                     | Capacity                         |             4 | 35       |
+-------+-------------+----------+-------------------------------------+----------------------------------+---------------+----------+
|     4 |           3 | Array    | Nullable=True,Permission=ReadWrite  | CapacitySources                  |             1 | 39       |
+-------+-------------+----------+-------------------------------------+----------------------------------+---------------+----------+
|     5 |           4 | Boolean  | Nullable=True,Permission=ReadWrite  | CasePreserved                    |             0 |          |
+-------+-------------+----------+-------------------------------------+----------------------------------+---------------+----------+
|     6 |           5 | Boolean  | Nullable=True,Permission=ReadWrite  | CaseSensitive                    |             0 |          |
+-------+-------------+----------+-------------------------------------+----------------------------------+---------------+----------+
|     7 |           6 | Array    | Nullable=True,Permission=ReadWrite  | CharacterCodeSet                 |             1 | 40       |
+-------+-------------+----------+-------------------------------------+----------------------------------+---------------+----------+
|     8 |           7 | Integer  | Nullable=True,Permission=ReadWrite  | ClusterSizeBytes                 |             0 |          |
+-------+-------------+----------+-------------------------------------+----------------------------------+---------------+----------+
|     9 |           8 | String   | Nullable=True,Permission=Read       | Description                      |             0 |          |
+-------+-------------+----------+-------------------------------------+----------------------------------+---------------+----------+
|    10 |           9 | Set      | Nullable=False,Permission=ReadWrite | ExportedShares                   |             0 |          |
+-------+-------------+----------+-------------------------------------+----------------------------------+---------------+----------+
|    11 |          10 | String   | Nullable=False,Permission=Read      | Id                               |             0 |          |
+-------+-------------+----------+-------------------------------------+----------------------------------+---------------+----------+
|    12 |          11 | Set      | Nullable=False,                     | Links                            |             4 | 49       |
+-------+-------------+----------+-------------------------------------+----------------------------------+---------------+----------+
|    13 |          12 | Array    | Nullable=True,Permission=ReadWrite  | LowSpaceWarningThresholdPercents |             1 | 53       |
+-------+-------------+----------+-------------------------------------+----------------------------------+---------------+----------+
|    14 |          13 | Integer  | Nullable=True,Permission=ReadWrite  | MaxFileNameLengthBytes           |             0 |          |
+-------+-------------+----------+-------------------------------------+----------------------------------+---------------+----------+
|    15 |          14 | String   | Nullable=False,Permission=Read      | Name                             |             0 |          |
+-------+-------------+----------+-------------------------------------+----------------------------------+---------------+----------+
|    16 |          15 | Set      | Nullable=False,                     | Oem                              |             0 |          |
+-------+-------------+----------+-------------------------------------+----------------------------------+---------------+----------+
|    17 |          16 | Set      | Nullable=False,                     | RemainingCapacity                |             4 | 35       |
+-------+-------------+----------+-------------------------------------+----------------------------------+---------------+----------+
|    18 |          17 | Set      | Nullable=False,                     | ReplicaInfo                      |            29 | 54       |
+-------+-------------+----------+-------------------------------------+----------------------------------+---------------+----------+
|    19 |          18 | Array    | Nullable=False,                     | ImportedShares                   |             1 | 39       |
+-------+-------------+----------+-------------------------------------+----------------------------------+---------------+----------+
|    20 |          19 | Set      | Nullable=False,                     | Actions                          |             1 | 83       |
+-------+-------------+----------+-------------------------------------+----------------------------------+---------------+----------+
|    21 |          20 | Integer  | Nullable=True,Permission=Read       | RemainingCapacityPercent         |             0 |          |
+-------+-------------+----------+-------------------------------------+----------------------------------+---------------+----------+
|    22 |          21 | Array    | Nullable=False,                     | Identifiers                      |             1 | 84       |
+-------+-------------+----------+-------------------------------------+----------------------------------+---------------+----------+
|    23 |          22 | Set      | Nullable=False,                     | IOStatistics                     |            10 | 87       |
+-------+-------------+----------+-------------------------------------+----------------------------------+---------------+----------+
|    24 |          23 | Integer  | Nullable=True,Permission=ReadWrite  | RecoverableCapacitySourceCount   |             0 |          |
+-------+-------------+----------+-------------------------------------+----------------------------------+---------------+----------+
|    25 |          24 | Array    | Nullable=True,Permission=Read       | ReplicaTargets                   |             1 | 39       |
+-------+-------------+----------+-------------------------------------+----------------------------------+---------------+----------+
|    26 |          25 | Boolean  | Nullable=True,Permission=ReadWrite  | ReplicationEnabled               |             0 |          |
+-------+-------------+----------+-------------------------------------+----------------------------------+---------------+----------+
|    27 |          26 | Set      | Nullable=True,Permission=Read       | Metrics                          |             0 |          |
+-------+-------------+----------+-------------------------------------+----------------------------------+---------------+----------+
|    28 |           0 | Enum     |                                     |                                  |             6 | 29       |
+-------+-------------+----------+-------------------------------------+----------------------------------+---------------+----------+
|    29 |           0 | String   |                                     | Append                           |             0 |          |
+-------+-------------+----------+-------------------------------------+----------------------------------+---------------+----------+
|    30 |           1 | String   |                                     | Execute                          |             0 |          |
+-------+-------------+----------+-------------------------------------+----------------------------------+---------------+----------+
|    31 |           2 | String   |                                     | Read                             |             0 |          |
+-------+-------------+----------+-------------------------------------+----------------------------------+---------------+----------+
|    32 |           3 | String   |                                     | Streaming                        |             0 |          |
+-------+-------------+----------+-------------------------------------+----------------------------------+---------------+----------+
|    33 |           4 | String   |                                     | Write                            |             0 |          |
+-------+-------------+----------+-------------------------------------+----------------------------------+---------------+----------+
|    34 |           5 | String   |                                     | WriteOnce                        |             0 |          |
+-------+-------------+----------+-------------------------------------+----------------------------------+---------------+----------+
|    35 |           0 | Set      | Nullable=False,                     | Data                             |             4 | 97       |
+-------+-------------+----------+-------------------------------------+----------------------------------+---------------+----------+
|    36 |           1 | Boolean  | Nullable=True,Permission=Read       | IsThinProvisioned                |             0 |          |
+-------+-------------+----------+-------------------------------------+----------------------------------+---------------+----------+
|    37 |           2 | Set      | Nullable=False,                     | Metadata                         |             4 | 97       |
+-------+-------------+----------+-------------------------------------+----------------------------------+---------------+----------+
|    38 |           3 | Set      | Nullable=False,                     | Snapshot                         |             4 | 97       |
+-------+-------------+----------+-------------------------------------+----------------------------------+---------------+----------+
|    39 |           0 | Set      |                                     |                                  |             0 |          |
+-------+-------------+----------+-------------------------------------+----------------------------------+---------------+----------+
|    40 |           0 | Enum     |                                     |                                  |             8 | 41       |
+-------+-------------+----------+-------------------------------------+----------------------------------+---------------+----------+
|    41 |           0 | String   |                                     | ASCII                            |             0 |          |
+-------+-------------+----------+-------------------------------------+----------------------------------+---------------+----------+
|    42 |           1 | String   |                                     | ExtendedUNIXCode                 |             0 |          |
+-------+-------------+----------+-------------------------------------+----------------------------------+---------------+----------+
|    43 |           2 | String   |                                     | ISO2022                          |             0 |          |
+-------+-------------+----------+-------------------------------------+----------------------------------+---------------+----------+
|    44 |           3 | String   |                                     | ISO8859_1                        |             0 |          |
+-------+-------------+----------+-------------------------------------+----------------------------------+---------------+----------+
|    45 |           4 | String   |                                     | UCS_2                            |             0 |          |
+-------+-------------+----------+-------------------------------------+----------------------------------+---------------+----------+
|    46 |           5 | String   |                                     | Unicode                          |             0 |          |
+-------+-------------+----------+-------------------------------------+----------------------------------+---------------+----------+
|    47 |           6 | String   |                                     | UTF_16                           |             0 |          |
+-------+-------------+----------+-------------------------------------+----------------------------------+---------------+----------+
|    48 |           7 | String   |                                     | UTF_8                            |             0 |          |
+-------+-------------+----------+-------------------------------------+----------------------------------+---------------+----------+
|    49 |           0 | Set      | Nullable=False,Permission=Read      | ClassOfService                   |             0 |          |
+-------+-------------+----------+-------------------------------------+----------------------------------+---------------+----------+
|    50 |           1 | Set      | Nullable=False,                     | Oem                              |             0 |          |
+-------+-------------+----------+-------------------------------------+----------------------------------+---------------+----------+
|    51 |           2 | Array    | Nullable=True,Permission=Read       | ReplicaCollection                |             1 | 39       |
+-------+-------------+----------+-------------------------------------+----------------------------------+---------------+----------+
|    52 |           3 | Array    | Nullable=True,Permission=ReadWrite  | SpareResourceSets                |             1 | 39       |
+-------+-------------+----------+-------------------------------------+----------------------------------+---------------+----------+
|    53 |           0 | Integer  |                                     |                                  |             0 |          |
+-------+-------------+----------+-------------------------------------+----------------------------------+---------------+----------+
|    54 |           0 | Boolean  | Nullable=True,Permission=Read       | ConsistencyEnabled               |             0 |          |
+-------+-------------+----------+-------------------------------------+----------------------------------+---------------+----------+
|    55 |           1 | Enum     | Nullable=True,Permission=Read       | ConsistencyState                 |             2 | 101      |
+-------+-------------+----------+-------------------------------------+----------------------------------+---------------+----------+
|    56 |           2 | Enum     | Nullable=True,Permission=Read       | ConsistencyStatus                |             4 | 103      |
+-------+-------------+----------+-------------------------------------+----------------------------------+---------------+----------+
|    57 |           3 | Enum     | Nullable=True,Permission=Read       | ConsistencyType                  |             1 | 107      |
+-------+-------------+----------+-------------------------------------+----------------------------------+---------------+----------+
|    58 |           4 | Boolean  | Nullable=True,Permission=Read       | FailedCopyStopsHostIO            |             0 |          |
+-------+-------------+----------+-------------------------------------+----------------------------------+---------------+----------+
|    59 |           5 | Integer  | Nullable=True,Permission=Read       | PercentSynced                    |             0 |          |
+-------+-------------+----------+-------------------------------------+----------------------------------+---------------+----------+
|    60 |           6 | Set      | Nullable=False,Permission=Read      | Replica                          |             0 |          |
+-------+-------------+----------+-------------------------------------+----------------------------------+---------------+----------+
|    61 |           7 | Enum     | Nullable=True,Permission=Read       | ReplicaPriority                  |             4 | 108      |
+-------+-------------+----------+-------------------------------------+----------------------------------+---------------+----------+
|    62 |           8 | Enum     | Nullable=True,Permission=Read       | ReplicaProgressStatus            |            23 | 112      |
+-------+-------------+----------+-------------------------------------+----------------------------------+---------------+----------+
|    63 |           9 | Enum     | Nullable=True,Permission=Read       | ReplicaReadOnlyAccess            |             3 | 135      |
+-------+-------------+----------+-------------------------------------+----------------------------------+---------------+----------+
|    64 |          10 | Enum     | Nullable=True,Permission=Read       | ReplicaRecoveryMode              |             2 | 138      |
+-------+-------------+----------+-------------------------------------+----------------------------------+---------------+----------+
|    65 |          11 | Enum     | Nullable=True,Permission=Read       | ReplicaRole                      |             2 | 140      |
+-------+-------------+----------+-------------------------------------+----------------------------------+---------------+----------+
|    66 |          12 | Integer  | Nullable=True,Permission=Read       | ReplicaSkewBytes                 |             0 |          |
+-------+-------------+----------+-------------------------------------+----------------------------------+---------------+----------+
|    67 |          13 | Enum     | Nullable=True,Permission=Read       | ReplicaState                     |            16 | 142      |
+-------+-------------+----------+-------------------------------------+----------------------------------+---------------+----------+
|    68 |          14 | Enum     | Nullable=True,Permission=Read       | ReplicaType                      |             4 | 158      |
+-------+-------------+----------+-------------------------------------+----------------------------------+---------------+----------+
|    69 |          15 | Enum     | Nullable=True,Permission=Read       | ReplicaUpdateMode                |             4 | 162      |
+-------+-------------+----------+-------------------------------------+----------------------------------+---------------+----------+
|    70 |          16 | Enum     | Nullable=True,Permission=Read       | RequestedReplicaState            |            16 | 142      |
+-------+-------------+----------+-------------------------------------+----------------------------------+---------------+----------+
|    71 |          17 | Boolean  | Nullable=True,Permission=Read       | SyncMaintained                   |             0 |          |
+-------+-------------+----------+-------------------------------------+----------------------------------+---------------+----------+
|    72 |          18 | Enum     | Nullable=True,Permission=Read       | UndiscoveredElement              |             2 | 166      |
+-------+-------------+----------+-------------------------------------+----------------------------------+---------------+----------+
|    73 |          19 | String   | Nullable=True,Permission=Read       | WhenActivated                    |             0 |          |
+-------+-------------+----------+-------------------------------------+----------------------------------+---------------+----------+
|    74 |          20 | String   | Nullable=True,Permission=Read       | WhenDeactivated                  |             0 |          |
+-------+-------------+----------+-------------------------------------+----------------------------------+---------------+----------+
|    75 |          21 | String   | Nullable=True,Permission=Read       | WhenEstablished                  |             0 |          |
+-------+-------------+----------+-------------------------------------+----------------------------------+---------------+----------+
|    76 |          22 | String   | Nullable=True,Permission=Read       | WhenSuspended                    |             0 |          |
+-------+-------------+----------+-------------------------------------+----------------------------------+---------------+----------+
|    77 |          23 | String   | Nullable=True,Permission=Read       | WhenSynced                       |             0 |          |
+-------+-------------+----------+-------------------------------------+----------------------------------+---------------+----------+
|    78 |          24 | String   | Nullable=True,Permission=Read       | WhenSynchronized                 |             0 |          |
+-------+-------------+----------+-------------------------------------+----------------------------------+---------------+----------+
|    79 |          25 | Set      | Nullable=False,Permission=ReadWrite | DataProtectionLineOfService      |             0 |          |
+-------+-------------+----------+-------------------------------------+----------------------------------+---------------+----------+
|    80 |          26 | Set      | Nullable=False,Permission=Read      | SourceReplica                    |             0 |          |
+-------+-------------+----------+-------------------------------------+----------------------------------+---------------+----------+
|    81 |          27 | Enum     | Nullable=True,Permission=Read       | ReplicaFaultDomain               |             2 | 168      |
+-------+-------------+----------+-------------------------------------+----------------------------------+---------------+----------+
|    82 |          28 | String   | Nullable=True,Permission=Read       | RemoteSourceReplica              |             0 |          |
+-------+-------------+----------+-------------------------------------+----------------------------------+---------------+----------+
|    83 |           0 | Set      | Nullable=False,                     | Oem                              |             0 |          |
+-------+-------------+----------+-------------------------------------+----------------------------------+---------------+----------+
|    84 |           0 | Set      |                                     |                                  |             2 | 85       |
+-------+-------------+----------+-------------------------------------+----------------------------------+---------------+----------+
|    85 |           0 | String   | Nullable=True,Permission=Read       | DurableName                      |             0 |          |
+-------+-------------+----------+-------------------------------------+----------------------------------+---------------+----------+
|    86 |           1 | Enum     | Nullable=True,Permission=Read       | DurableNameFormat                |            10 | 170      |
+-------+-------------+----------+-------------------------------------+----------------------------------+---------------+----------+
|    87 |           0 | String   | Nullable=True,Permission=ReadWrite  | NonIORequestTime                 |             0 |          |
+-------+-------------+----------+-------------------------------------+----------------------------------+---------------+----------+
|    88 |           1 | Integer  | Nullable=True,Permission=ReadWrite  | NonIORequests                    |             0 |          |
+-------+-------------+----------+-------------------------------------+----------------------------------+---------------+----------+
|    89 |           2 | Integer  | Nullable=True,Permission=ReadWrite  | ReadHitIORequests                |             0 |          |
+-------+-------------+----------+-------------------------------------+----------------------------------+---------------+----------+
|    90 |           3 | Integer  | Nullable=True,Permission=ReadWrite  | ReadIOKiBytes                    |             0 |          |
+-------+-------------+----------+-------------------------------------+----------------------------------+---------------+----------+
|    91 |           4 | String   | Nullable=True,Permission=ReadWrite  | ReadIORequestTime                |             0 |          |
+-------+-------------+----------+-------------------------------------+----------------------------------+---------------+----------+
|    92 |           5 | Integer  | Nullable=True,Permission=ReadWrite  | ReadIORequests                   |             0 |          |
+-------+-------------+----------+-------------------------------------+----------------------------------+---------------+----------+
|    93 |           6 | Integer  | Nullable=True,Permission=ReadWrite  | WriteHitIORequests               |             0 |          |
+-------+-------------+----------+-------------------------------------+----------------------------------+---------------+----------+
|    94 |           7 | Integer  | Nullable=True,Permission=ReadWrite  | WriteIOKiBytes                   |             0 |          |
+-------+-------------+----------+-------------------------------------+----------------------------------+---------------+----------+
|    95 |           8 | String   | Nullable=True,Permission=ReadWrite  | WriteIORequestTime               |             0 |          |
+-------+-------------+----------+-------------------------------------+----------------------------------+---------------+----------+
|    96 |           9 | Integer  | Nullable=True,Permission=ReadWrite  | WriteIORequests                  |             0 |          |
+-------+-------------+----------+-------------------------------------+----------------------------------+---------------+----------+
|    97 |           0 | Integer  | Nullable=True,Permission=ReadWrite  | AllocatedBytes                   |             0 |          |
+-------+-------------+----------+-------------------------------------+----------------------------------+---------------+----------+
|    98 |           1 | Integer  | Nullable=True,Permission=Read       | ConsumedBytes                    |             0 |          |
+-------+-------------+----------+-------------------------------------+----------------------------------+---------------+----------+
|    99 |           2 | Integer  | Nullable=True,Permission=ReadWrite  | GuaranteedBytes                  |             0 |          |
+-------+-------------+----------+-------------------------------------+----------------------------------+---------------+----------+
|   100 |           3 | Integer  | Nullable=True,Permission=ReadWrite  | ProvisionedBytes                 |             0 |          |
+-------+-------------+----------+-------------------------------------+----------------------------------+---------------+----------+
|   101 |           0 | String   |                                     | Consistent                       |             0 |          |
+-------+-------------+----------+-------------------------------------+----------------------------------+---------------+----------+
|   102 |           1 | String   |                                     | Inconsistent                     |             0 |          |
+-------+-------------+----------+-------------------------------------+----------------------------------+---------------+----------+
|   103 |           0 | String   |                                     | Consistent                       |             0 |          |
+-------+-------------+----------+-------------------------------------+----------------------------------+---------------+----------+
|   104 |           1 | String   |                                     | Disabled                         |             0 |          |
+-------+-------------+----------+-------------------------------------+----------------------------------+---------------+----------+
|   105 |           2 | String   |                                     | InError                          |             0 |          |
+-------+-------------+----------+-------------------------------------+----------------------------------+---------------+----------+
|   106 |           3 | String   |                                     | InProgress                       |             0 |          |
+-------+-------------+----------+-------------------------------------+----------------------------------+---------------+----------+
|   107 |           0 | String   |                                     | SequentiallyConsistent           |             0 |          |
+-------+-------------+----------+-------------------------------------+----------------------------------+---------------+----------+
|   108 |           0 | String   |                                     | High                             |             0 |          |
+-------+-------------+----------+-------------------------------------+----------------------------------+---------------+----------+
|   109 |           1 | String   |                                     | Low                              |             0 |          |
+-------+-------------+----------+-------------------------------------+----------------------------------+---------------+----------+
|   110 |           2 | String   |                                     | Same                             |             0 |          |
+-------+-------------+----------+-------------------------------------+----------------------------------+---------------+----------+
|   111 |           3 | String   |                                     | Urgent                           |             0 |          |
+-------+-------------+----------+-------------------------------------+----------------------------------+---------------+----------+
|   112 |           0 | String   |                                     | Aborting                         |             0 |          |
+-------+-------------+----------+-------------------------------------+----------------------------------+---------------+----------+
|   113 |           1 | String   |                                     | Completed                        |             0 |          |
+-------+-------------+----------+-------------------------------------+----------------------------------+---------------+----------+
|   114 |           2 | String   |                                     | Detaching                        |             0 |          |
+-------+-------------+----------+-------------------------------------+----------------------------------+---------------+----------+
|   115 |           3 | String   |                                     | Dormant                          |             0 |          |
+-------+-------------+----------+-------------------------------------+----------------------------------+---------------+----------+
|   116 |           4 | String   |                                     | FailingBack                      |             0 |          |
+-------+-------------+----------+-------------------------------------+----------------------------------+---------------+----------+
|   117 |           5 | String   |                                     | FailingOver                      |             0 |          |
+-------+-------------+----------+-------------------------------------+----------------------------------+---------------+----------+
|   118 |           6 | String   |                                     | Fracturing                       |             0 |          |
+-------+-------------+----------+-------------------------------------+----------------------------------+---------------+----------+
|   119 |           7 | String   |                                     | Initializing                     |             0 |          |
+-------+-------------+----------+-------------------------------------+----------------------------------+---------------+----------+
|   120 |           8 | String   |                                     | Mixed                            |             0 |          |
+-------+-------------+----------+-------------------------------------+----------------------------------+---------------+----------+
|   121 |           9 | String   |                                     | Pending                          |             0 |          |
+-------+-------------+----------+-------------------------------------+----------------------------------+---------------+----------+
|   122 |          10 | String   |                                     | Preparing                        |             0 |          |
+-------+-------------+----------+-------------------------------------+----------------------------------+---------------+----------+
|   123 |          11 | String   |                                     | RequiresActivate                 |             0 |          |
+-------+-------------+----------+-------------------------------------+----------------------------------+---------------+----------+
|   124 |          12 | String   |                                     | RequiresDetach                   |             0 |          |
+-------+-------------+----------+-------------------------------------+----------------------------------+---------------+----------+
|   125 |          13 | String   |                                     | RequiresFracture                 |             0 |          |
+-------+-------------+----------+-------------------------------------+----------------------------------+---------------+----------+
|   126 |          14 | String   |                                     | RequiresResume                   |             0 |          |
+-------+-------------+----------+-------------------------------------+----------------------------------+---------------+----------+
|   127 |          15 | String   |                                     | RequiresResync                   |             0 |          |
+-------+-------------+----------+-------------------------------------+----------------------------------+---------------+----------+
|   128 |          16 | String   |                                     | RequiresSplit                    |             0 |          |
+-------+-------------+----------+-------------------------------------+----------------------------------+---------------+----------+
|   129 |          17 | String   |                                     | Restoring                        |             0 |          |
+-------+-------------+----------+-------------------------------------+----------------------------------+---------------+----------+
|   130 |          18 | String   |                                     | Resyncing                        |             0 |          |
+-------+-------------+----------+-------------------------------------+----------------------------------+---------------+----------+
|   131 |          19 | String   |                                     | Splitting                        |             0 |          |
+-------+-------------+----------+-------------------------------------+----------------------------------+---------------+----------+
|   132 |          20 | String   |                                     | Suspending                       |             0 |          |
+-------+-------------+----------+-------------------------------------+----------------------------------+---------------+----------+
|   133 |          21 | String   |                                     | Synchronizing                    |             0 |          |
+-------+-------------+----------+-------------------------------------+----------------------------------+---------------+----------+
|   134 |          22 | String   |                                     | Terminating                      |             0 |          |
+-------+-------------+----------+-------------------------------------+----------------------------------+---------------+----------+
|   135 |           0 | String   |                                     | Both                             |             0 |          |
+-------+-------------+----------+-------------------------------------+----------------------------------+---------------+----------+
|   136 |           1 | String   |                                     | ReplicaElement                   |             0 |          |
+-------+-------------+----------+-------------------------------------+----------------------------------+---------------+----------+
|   137 |           2 | String   |                                     | SourceElement                    |             0 |          |
+-------+-------------+----------+-------------------------------------+----------------------------------+---------------+----------+
|   138 |           0 | String   |                                     | Automatic                        |             0 |          |
+-------+-------------+----------+-------------------------------------+----------------------------------+---------------+----------+
|   139 |           1 | String   |                                     | Manual                           |             0 |          |
+-------+-------------+----------+-------------------------------------+----------------------------------+---------------+----------+
|   140 |           0 | String   |                                     | Source                           |             0 |          |
+-------+-------------+----------+-------------------------------------+----------------------------------+---------------+----------+
|   141 |           1 | String   |                                     | Target                           |             0 |          |
+-------+-------------+----------+-------------------------------------+----------------------------------+---------------+----------+
|   142 |           0 | String   |                                     | Aborted                          |             0 |          |
+-------+-------------+----------+-------------------------------------+----------------------------------+---------------+----------+
|   143 |           1 | String   |                                     | Broken                           |             0 |          |
+-------+-------------+----------+-------------------------------------+----------------------------------+---------------+----------+
|   144 |           2 | String   |                                     | Failedover                       |             0 |          |
+-------+-------------+----------+-------------------------------------+----------------------------------+---------------+----------+
|   145 |           3 | String   |                                     | Fractured                        |             0 |          |
+-------+-------------+----------+-------------------------------------+----------------------------------+---------------+----------+
|   146 |           4 | String   |                                     | Inactive                         |             0 |          |
+-------+-------------+----------+-------------------------------------+----------------------------------+---------------+----------+
|   147 |           5 | String   |                                     | Initialized                      |             0 |          |
+-------+-------------+----------+-------------------------------------+----------------------------------+---------------+----------+
|   148 |           6 | String   |                                     | Invalid                          |             0 |          |
+-------+-------------+----------+-------------------------------------+----------------------------------+---------------+----------+
|   149 |           7 | String   |                                     | Mixed                            |             0 |          |
+-------+-------------+----------+-------------------------------------+----------------------------------+---------------+----------+
|   150 |           8 | String   |                                     | Partitioned                      |             0 |          |
+-------+-------------+----------+-------------------------------------+----------------------------------+---------------+----------+
|   151 |           9 | String   |                                     | Prepared                         |             0 |          |
+-------+-------------+----------+-------------------------------------+----------------------------------+---------------+----------+
|   152 |          10 | String   |                                     | Restored                         |             0 |          |
+-------+-------------+----------+-------------------------------------+----------------------------------+---------------+----------+
|   153 |          11 | String   |                                     | Skewed                           |             0 |          |
+-------+-------------+----------+-------------------------------------+----------------------------------+---------------+----------+
|   154 |          12 | String   |                                     | Split                            |             0 |          |
+-------+-------------+----------+-------------------------------------+----------------------------------+---------------+----------+
|   155 |          13 | String   |                                     | Suspended                        |             0 |          |
+-------+-------------+----------+-------------------------------------+----------------------------------+---------------+----------+
|   156 |          14 | String   |                                     | Synchronized                     |             0 |          |
+-------+-------------+----------+-------------------------------------+----------------------------------+---------------+----------+
|   157 |          15 | String   |                                     | Unsynchronized                   |             0 |          |
+-------+-------------+----------+-------------------------------------+----------------------------------+---------------+----------+
|   158 |           0 | String   |                                     | Clone                            |             0 |          |
+-------+-------------+----------+-------------------------------------+----------------------------------+---------------+----------+
|   159 |           1 | String   |                                     | Mirror                           |             0 |          |
+-------+-------------+----------+-------------------------------------+----------------------------------+---------------+----------+
|   160 |           2 | String   |                                     | Snapshot                         |             0 |          |
+-------+-------------+----------+-------------------------------------+----------------------------------+---------------+----------+
|   161 |           3 | String   |                                     | TokenizedClone                   |             0 |          |
+-------+-------------+----------+-------------------------------------+----------------------------------+---------------+----------+
|   162 |           0 | String   |                                     | Active                           |             0 |          |
+-------+-------------+----------+-------------------------------------+----------------------------------+---------------+----------+
|   163 |           1 | String   |                                     | Adaptive                         |             0 |          |
+-------+-------------+----------+-------------------------------------+----------------------------------+---------------+----------+
|   164 |           2 | String   |                                     | Asynchronous                     |             0 |          |
+-------+-------------+----------+-------------------------------------+----------------------------------+---------------+----------+
|   165 |           3 | String   |                                     | Synchronous                      |             0 |          |
+-------+-------------+----------+-------------------------------------+----------------------------------+---------------+----------+
|   166 |           0 | String   |                                     | ReplicaElement                   |             0 |          |
+-------+-------------+----------+-------------------------------------+----------------------------------+---------------+----------+
|   167 |           1 | String   |                                     | SourceElement                    |             0 |          |
+-------+-------------+----------+-------------------------------------+----------------------------------+---------------+----------+
|   168 |           0 | String   |                                     | Local                            |             0 |          |
+-------+-------------+----------+-------------------------------------+----------------------------------+---------------+----------+
|   169 |           1 | String   |                                     | Remote                           |             0 |          |
+-------+-------------+----------+-------------------------------------+----------------------------------+---------------+----------+
|   170 |           0 | String   |                                     | EUI                              |             0 |          |
+-------+-------------+----------+-------------------------------------+----------------------------------+---------------+----------+
|   171 |           1 | String   |                                     | FC_WWN                           |             0 |          |
+-------+-------------+----------+-------------------------------------+----------------------------------+---------------+----------+
|   172 |           2 | String   |                                     | iQN                              |             0 |          |
+-------+-------------+----------+-------------------------------------+----------------------------------+---------------+----------+
|   173 |           3 | String   |                                     | NAA                              |             0 |          |
+-------+-------------+----------+-------------------------------------+----------------------------------+---------------+----------+
|   174 |           4 | String   |                                     | UUID                             |             0 |          |
+-------+-------------+----------+-------------------------------------+----------------------------------+---------------+----------+
|   175 |           5 | String   |                                     | NGUID                            |             0 |          |
+-------+-------------+----------+-------------------------------------+----------------------------------+---------------+----------+
|   176 |           6 | String   |                                     | MACAddress                       |             0 |          |
+-------+-------------+----------+-------------------------------------+----------------------------------+---------------+----------+
|   177 |           7 | String   |                                     | GCXLID                           |             0 |          |
+-------+-------------+----------+-------------------------------------+----------------------------------+---------------+----------+
|   178 |           8 | String   |                                     | NQN                              |             0 |          |
+-------+-------------+----------+-------------------------------------+----------------------------------+---------------+----------+
|   179 |           9 | String   |                                     | NSID                             |             0 |          |
+-------+-------------+----------+-------------------------------------+----------------------------------+---------------+----------+
Total Entries: 180
Fixed size consumed (bytes): 1812 (0x714)
Field string size consumed (bytes): 2174 (0x87e)
Total size (bytes): 3986 (0xf92)
Version: 0XF1F4F200
Signature: 0x6b030f2
