+-------+-------------+----------+------------------------------------+----------------------------------+---------------+----------+
|   Row |   Sequence# | Format   | Flags                              | Field String                     |   Child Count | Offset   |
+=======+=============+==========+====================================+==================================+===============+==========+
|     0 |           0 | Set      |                                    | FileShare                        |            21 | 1        |
+-------+-------------+----------+------------------------------------+----------------------------------+---------------+----------+
|     1 |           0 | Boolean  | Nullable=True,Permission=ReadWrite | CASupported                      |             0 |          |
+-------+-------------+----------+------------------------------------+----------------------------------+---------------+----------+
|     2 |           1 | Array    | Nullable=True,Permission=Read      | DefaultAccessCapabilities        |             1 | 22       |
+-------+-------------+----------+------------------------------------+----------------------------------+---------------+----------+
|     3 |           2 | String   | Nullable=True,Permission=Read      | Description                      |             0 |          |
+-------+-------------+----------+------------------------------------+----------------------------------+---------------+----------+
|     4 |           3 | Set      | Nullable=False,Permission=Read     | EthernetInterfaces               |             0 |          |
+-------+-------------+----------+------------------------------------+----------------------------------+---------------+----------+
|     5 |           4 | Boolean  | Nullable=True,Permission=Read      | ExecuteSupport                   |             0 |          |
+-------+-------------+----------+------------------------------------+----------------------------------+---------------+----------+
|     6 |           5 | String   | Nullable=True,Permission=Read      | FileSharePath                    |             0 |          |
+-------+-------------+----------+------------------------------------+----------------------------------+---------------+----------+
|     7 |           6 | Enum     | Nullable=True,Permission=ReadWrite | FileShareQuotaType               |             2 | 29       |
+-------+-------------+----------+------------------------------------+----------------------------------+---------------+----------+
|     8 |           7 | Integer  | Nullable=True,Permission=Read      | FileShareRemainingQuotaBytes     |             0 |          |
+-------+-------------+----------+------------------------------------+----------------------------------+---------------+----------+
|     9 |           8 | Integer  | Nullable=True,Permission=ReadWrite | FileShareTotalQuotaBytes         |             0 |          |
+-------+-------------+----------+------------------------------------+----------------------------------+---------------+----------+
|    10 |           9 | Array    | Nullable=True,Permission=Read      | FileSharingProtocols             |             1 | 31       |
+-------+-------------+----------+------------------------------------+----------------------------------+---------------+----------+
|    11 |          10 | String   | Nullable=False,Permission=Read     | Id                               |             0 |          |
+-------+-------------+----------+------------------------------------+----------------------------------+---------------+----------+
|    12 |          11 | Set      | Nullable=False,                    | Links                            |             3 | 40       |
+-------+-------------+----------+------------------------------------+----------------------------------+---------------+----------+
|    13 |          12 | Array    | Nullable=True,Permission=ReadWrite | LowSpaceWarningThresholdPercents |             1 | 43       |
+-------+-------------+----------+------------------------------------+----------------------------------+---------------+----------+
|    14 |          13 | String   | Nullable=False,Permission=Read     | Name                             |             0 |          |
+-------+-------------+----------+------------------------------------+----------------------------------+---------------+----------+
|    15 |          14 | Set      | Nullable=False,                    | Oem                              |             0 |          |
+-------+-------------+----------+------------------------------------+----------------------------------+---------------+----------+
|    16 |          15 | Boolean  | Nullable=True,Permission=Read      | RootAccess                       |             0 |          |
+-------+-------------+----------+------------------------------------+----------------------------------+---------------+----------+
|    17 |          16 | Set      | Nullable=False,                    | Status                           |             5 | 44       |
+-------+-------------+----------+------------------------------------+----------------------------------+---------------+----------+
|    18 |          17 | Enum     | Nullable=True,Permission=Read      | WritePolicy                      |             4 | 49       |
+-------+-------------+----------+------------------------------------+----------------------------------+---------------+----------+
|    19 |          18 | Set      | Nullable=False,                    | Actions                          |             1 | 53       |
+-------+-------------+----------+------------------------------------+----------------------------------+---------------+----------+
|    20 |          19 | Integer  | Nullable=True,Permission=Read      | RemainingCapacityPercent         |             0 |          |
+-------+-------------+----------+------------------------------------+----------------------------------+---------------+----------+
|    21 |          20 | Boolean  | Nullable=True,Permission=ReadWrite | ReplicationEnabled               |             0 |          |
+-------+-------------+----------+------------------------------------+----------------------------------+---------------+----------+
|    22 |           0 | Enum     |                                    |                                  |             6 | 23       |
+-------+-------------+----------+------------------------------------+----------------------------------+---------------+----------+
|    23 |           0 | String   |                                    | Append                           |             0 |          |
+-------+-------------+----------+------------------------------------+----------------------------------+---------------+----------+
|    24 |           1 | String   |                                    | Execute                          |             0 |          |
+-------+-------------+----------+------------------------------------+----------------------------------+---------------+----------+
|    25 |           2 | String   |                                    | Read                             |             0 |          |
+-------+-------------+----------+------------------------------------+----------------------------------+---------------+----------+
|    26 |           3 | String   |                                    | Streaming                        |             0 |          |
+-------+-------------+----------+------------------------------------+----------------------------------+---------------+----------+
|    27 |           4 | String   |                                    | Write                            |             0 |          |
+-------+-------------+----------+------------------------------------+----------------------------------+---------------+----------+
|    28 |           5 | String   |                                    | WriteOnce                        |             0 |          |
+-------+-------------+----------+------------------------------------+----------------------------------+---------------+----------+
|    29 |           0 | String   |                                    | Hard                             |             0 |          |
+-------+-------------+----------+------------------------------------+----------------------------------+---------------+----------+
|    30 |           1 | String   |                                    | Soft                             |             0 |          |
+-------+-------------+----------+------------------------------------+----------------------------------+---------------+----------+
|    31 |           0 | Enum     |                                    |                                  |             8 | 32       |
+-------+-------------+----------+------------------------------------+----------------------------------+---------------+----------+
|    32 |           0 | String   |                                    | NFSv3                            |             0 |          |
+-------+-------------+----------+------------------------------------+----------------------------------+---------------+----------+
|    33 |           1 | String   |                                    | NFSv4_0                          |             0 |          |
+-------+-------------+----------+------------------------------------+----------------------------------+---------------+----------+
|    34 |           2 | String   |                                    | NFSv4_1                          |             0 |          |
+-------+-------------+----------+------------------------------------+----------------------------------+---------------+----------+
|    35 |           3 | String   |                                    | SMBv2_0                          |             0 |          |
+-------+-------------+----------+------------------------------------+----------------------------------+---------------+----------+
|    36 |           4 | String   |                                    | SMBv2_1                          |             0 |          |
+-------+-------------+----------+------------------------------------+----------------------------------+---------------+----------+
|    37 |           5 | String   |                                    | SMBv3_0                          |             0 |          |
+-------+-------------+----------+------------------------------------+----------------------------------+---------------+----------+
|    38 |           6 | String   |                                    | SMBv3_0_2                        |             0 |          |
+-------+-------------+----------+------------------------------------+----------------------------------+---------------+----------+
|    39 |           7 | String   |                                    | SMBv3_1_1                        |             0 |          |
+-------+-------------+----------+------------------------------------+----------------------------------+---------------+----------+
|    40 |           0 | Set      | Nullable=False,                    | ClassOfService                   |             0 |          |
+-------+-------------+----------+------------------------------------+----------------------------------+---------------+----------+
|    41 |           1 | Set      | Nullable=False,Permission=Read     | FileSystem                       |             0 |          |
+-------+-------------+----------+------------------------------------+----------------------------------+---------------+----------+
|    42 |           2 | Set      | Nullable=False,                    | Oem                              |             0 |          |
+-------+-------------+----------+------------------------------------+----------------------------------+---------------+----------+
|    43 |           0 | Integer  |                                    |                                  |             0 |          |
+-------+-------------+----------+------------------------------------+----------------------------------+---------------+----------+
|    44 |           0 | Enum     | Nullable=True,Permission=Read      | Health                           |             3 | 54       |
+-------+-------------+----------+------------------------------------+----------------------------------+---------------+----------+
|    45 |           1 | Enum     | Nullable=True,Permission=Read      | HealthRollup                     |             3 | 54       |
+-------+-------------+----------+------------------------------------+----------------------------------+---------------+----------+
|    46 |           2 | Set      | Nullable=False,                    | Oem                              |             0 |          |
+-------+-------------+----------+------------------------------------+----------------------------------+---------------+----------+
|    47 |           3 | Enum     | Nullable=True,Permission=Read      | State                            |            13 | 57       |
+-------+-------------+----------+------------------------------------+----------------------------------+---------------+----------+
|    48 |           4 | Array    | Nullable=True,                     | Conditions                       |             1 | 70       |
+-------+-------------+----------+------------------------------------+----------------------------------+---------------+----------+
|    49 |           0 | String   |                                    | Active                           |             0 |          |
+-------+-------------+----------+------------------------------------+----------------------------------+---------------+----------+
|    50 |           1 | String   |                                    | Adaptive                         |             0 |          |
+-------+-------------+----------+------------------------------------+----------------------------------+---------------+----------+
|    51 |           2 | String   |                                    | Asynchronous                     |             0 |          |
+-------+-------------+----------+------------------------------------+----------------------------------+---------------+----------+
|    52 |           3 | String   |                                    | Synchronous                      |             0 |          |
+-------+-------------+----------+------------------------------------+----------------------------------+---------------+----------+
|    53 |           0 | Set      | Nullable=False,                    | Oem                              |             0 |          |
+-------+-------------+----------+------------------------------------+----------------------------------+---------------+----------+
|    54 |           0 | String   |                                    | Critical                         |             0 |          |
+-------+-------------+----------+------------------------------------+----------------------------------+---------------+----------+
|    55 |           1 | String   |                                    | OK                               |             0 |          |
+-------+-------------+----------+------------------------------------+----------------------------------+---------------+----------+
|    56 |           2 | String   |                                    | Warning                          |             0 |          |
+-------+-------------+----------+------------------------------------+----------------------------------+---------------+----------+
|    57 |           0 | String   |                                    | Absent                           |             0 |          |
+-------+-------------+----------+------------------------------------+----------------------------------+---------------+----------+
|    58 |           1 | String   |                                    | Disabled                         |             0 |          |
+-------+-------------+----------+------------------------------------+----------------------------------+---------------+----------+
|    59 |           2 | String   |                                    | Enabled                          |             0 |          |
+-------+-------------+----------+------------------------------------+----------------------------------+---------------+----------+
|    60 |           3 | String   |                                    | InTest                           |             0 |          |
+-------+-------------+----------+------------------------------------+----------------------------------+---------------+----------+
|    61 |           4 | String   |                                    | StandbyOffline                   |             0 |          |
+-------+-------------+----------+------------------------------------+----------------------------------+---------------+----------+
|    62 |           5 | String   |                                    | StandbySpare                     |             0 |          |
+-------+-------------+----------+------------------------------------+----------------------------------+---------------+----------+
|    63 |           6 | String   |                                    | Starting                         |             0 |          |
+-------+-------------+----------+------------------------------------+----------------------------------+---------------+----------+
|    64 |           7 | String   |                                    | Degraded                         |             0 |          |
+-------+-------------+----------+------------------------------------+----------------------------------+---------------+----------+
|    65 |           8 | String   |                                    | UnavailableOffline               |             0 |          |
+-------+-------------+----------+------------------------------------+----------------------------------+---------------+----------+
|    66 |           9 | String   |                                    | Deferring                        |             0 |          |
+-------+-------------+----------+------------------------------------+----------------------------------+---------------+----------+
|    67 |          10 | String   |                                    | Quiesced                         |             0 |          |
+-------+-------------+----------+------------------------------------+----------------------------------+---------------+----------+
|    68 |          11 | String   |                                    | Updating                         |             0 |          |
+-------+-------------+----------+------------------------------------+----------------------------------+---------------+----------+
|    69 |          12 | String   |                                    | Qualified                        |             0 |          |
+-------+-------------+----------+------------------------------------+----------------------------------+---------------+----------+
|    70 |           0 | Set      |                                    |                                  |            13 | 71       |
+-------+-------------+----------+------------------------------------+----------------------------------+---------------+----------+
|    71 |           0 | Set      | Nullable=False,Permission=Read     | LogEntry                         |             0 |          |
+-------+-------------+----------+------------------------------------+----------------------------------+---------------+----------+
|    72 |           1 | String   | Nullable=False,Permission=Read     | Message                          |             0 |          |
+-------+-------------+----------+------------------------------------+----------------------------------+---------------+----------+
|    73 |           2 | Array    | Nullable=False,Permission=Read     | MessageArgs                      |             1 | 84       |
+-------+-------------+----------+------------------------------------+----------------------------------+---------------+----------+
|    74 |           3 | String   | Nullable=False,Permission=Read     | MessageId                        |             0 |          |
+-------+-------------+----------+------------------------------------+----------------------------------+---------------+----------+
|    75 |           4 | Set      | Nullable=False,Permission=Read     | OriginOfCondition                |             0 |          |
+-------+-------------+----------+------------------------------------+----------------------------------+---------------+----------+
|    76 |           5 | Enum     | Nullable=False,Permission=Read     | Severity                         |             3 | 54       |
+-------+-------------+----------+------------------------------------+----------------------------------+---------------+----------+
|    77 |           6 | String   | Nullable=False,Permission=Read     | Timestamp                        |             0 |          |
+-------+-------------+----------+------------------------------------+----------------------------------+---------------+----------+
|    78 |           7 | String   | Nullable=False,Permission=Read     | Resolution                       |             0 |          |
+-------+-------------+----------+------------------------------------+----------------------------------+---------------+----------+
|    79 |           8 | Array    | Nullable=False,                    | ResolutionSteps                  |             1 | 85       |
+-------+-------------+----------+------------------------------------+----------------------------------+---------------+----------+
|    80 |           9 | String   | Nullable=True,Permission=Read      | UserAuthenticationSource         |             0 |          |
+-------+-------------+----------+------------------------------------+----------------------------------+---------------+----------+
|    81 |          10 | String   | Nullable=True,Permission=Read      | Username                         |             0 |          |
+-------+-------------+----------+------------------------------------+----------------------------------+---------------+----------+
|    82 |          11 | Set      | Nullable=False,                    | Oem                              |             0 |          |
+-------+-------------+----------+------------------------------------+----------------------------------+---------------+----------+
|    83 |          12 | Enum     | Nullable=True,Permission=Read      | ConditionType                    |             3 | 94       |
+-------+-------------+----------+------------------------------------+----------------------------------+---------------+----------+
|    84 |           0 | String   |                                    |                                  |             0 |          |
+-------+-------------+----------+------------------------------------+----------------------------------+---------------+----------+
|    85 |           0 | Set      |                                    |                                  |             8 | 86       |
+-------+-------------+----------+------------------------------------+----------------------------------+---------------+----------+
|    86 |           0 | Array    | Nullable=True,                     | ActionParameters                 |             1 | 97       |
+-------+-------------+----------+------------------------------------+----------------------------------+---------------+----------+
|    87 |           1 | String   | Nullable=False,Permission=Read     | ActionURI                        |             0 |          |
+-------+-------------+----------+------------------------------------+----------------------------------+---------------+----------+
|    88 |           2 | Set      | Nullable=False,                    | Oem                              |             0 |          |
+-------+-------------+----------+------------------------------------+----------------------------------+---------------+----------+
|    89 |           3 | Integer  | Nullable=True,Permission=Read      | Priority                         |             0 |          |
+-------+-------------+----------+------------------------------------+----------------------------------+---------------+----------+
|    90 |           4 | Enum     | Nullable=True,Permission=Read      | ResolutionType                   |             8 | 112      |
+-------+-------------+----------+------------------------------------+----------------------------------+---------------+----------+
|    91 |           5 | Integer  | Nullable=True,Permission=Read      | RetryCount                       |             0 |          |
+-------+-------------+----------+------------------------------------+----------------------------------+---------------+----------+
|    92 |           6 | Integer  | Nullable=True,Permission=Read      | RetryIntervalSeconds             |             0 |          |
+-------+-------------+----------+------------------------------------+----------------------------------+---------------+----------+
|    93 |           7 | String   | Nullable=True,Permission=Read      | TargetComponentURI               |             0 |          |
+-------+-------------+----------+------------------------------------+----------------------------------+---------------+----------+
|    94 |           0 | String   |                                    | Alert                            |             0 |          |
+-------+-------------+----------+------------------------------------+----------------------------------+---------------+----------+
|    95 |           1 | String   |                                    | Informational                    |             0 |          |
+-------+-------------+----------+------------------------------------+----------------------------------+---------------+----------+
|    96 |           2 | String   |                                    | Subsystem                        |             0 |          |
+-------+-------------+----------+------------------------------------+----------------------------------+---------------+----------+
|    97 |           0 | Set      |                                    |                                  |            14 | 98       |
+-------+-------------+----------+------------------------------------+----------------------------------+---------------+----------+
|    98 |           0 | Array    | Nullable=True,Permission=Read      | AllowableValues                  |             1 | 84       |
+-------+-------------+----------+------------------------------------+----------------------------------+---------------+----------+
|    99 |           1 | Enum     | Nullable=True,Permission=Read      | DataType                         |             7 | 120      |
+-------+-------------+----------+------------------------------------+----------------------------------+---------------+----------+
|   100 |           2 | String   | Nullable=False,Permission=Read     | Name                             |             0 |          |
+-------+-------------+----------+------------------------------------+----------------------------------+---------------+----------+
|   101 |           3 | String   | Nullable=True,Permission=Read      | ObjectDataType                   |             0 |          |
+-------+-------------+----------+------------------------------------+----------------------------------+---------------+----------+
|   102 |           4 | Boolean  | Nullable=False,Permission=Read     | Required                         |             0 |          |
+-------+-------------+----------+------------------------------------+----------------------------------+---------------+----------+
|   103 |           5 | Real     | Nullable=True,Permission=Read      | MaximumValue                     |             0 |          |
+-------+-------------+----------+------------------------------------+----------------------------------+---------------+----------+
|   104 |           6 | Real     | Nullable=True,Permission=Read      | MinimumValue                     |             0 |          |
+-------+-------------+----------+------------------------------------+----------------------------------+---------------+----------+
|   105 |           7 | Integer  | Nullable=True,Permission=Read      | ArraySizeMaximum                 |             0 |          |
+-------+-------------+----------+------------------------------------+----------------------------------+---------------+----------+
|   106 |           8 | Integer  | Nullable=True,Permission=Read      | ArraySizeMinimum                 |             0 |          |
+-------+-------------+----------+------------------------------------+----------------------------------+---------------+----------+
|   107 |           9 | Array    | Nullable=True,Permission=Read      | AllowableNumbers                 |             1 | 84       |
+-------+-------------+----------+------------------------------------+----------------------------------+---------------+----------+
|   108 |          10 | String   | Nullable=True,Permission=Read      | AllowablePattern                 |             0 |          |
+-------+-------------+----------+------------------------------------+----------------------------------+---------------+----------+
|   109 |          11 | Array    | Nullable=True,Permission=Read      | AllowableValueDescriptions       |             1 | 84       |
+-------+-------------+----------+------------------------------------+----------------------------------+---------------+----------+
|   110 |          12 | String   | Nullable=True,Permission=Read      | DefaultValue                     |             0 |          |
+-------+-------------+----------+------------------------------------+----------------------------------+---------------+----------+
|   111 |          13 | Boolean  | Nullable=True,Permission=Read      | NoDefaultValue                   |             0 |          |
+-------+-------------+----------+------------------------------------+----------------------------------+---------------+----------+
|   112 |           0 | String   |                                    | CollectDiagnosticData            |             0 |          |
+-------+-------------+----------+------------------------------------+----------------------------------+---------------+----------+
|   113 |           1 | String   |                                    | ContactVendor                    |             0 |          |
+-------+-------------+----------+------------------------------------+----------------------------------+---------------+----------+
|   114 |           2 | String   |                                    | FirmwareUpdate                   |             0 |          |
+-------+-------------+----------+------------------------------------+----------------------------------+---------------+----------+
|   115 |           3 | String   |                                    | OEM                              |             0 |          |
+-------+-------------+----------+------------------------------------+----------------------------------+---------------+----------+
|   116 |           4 | String   |                                    | PowerCycle                       |             0 |          |
+-------+-------------+----------+------------------------------------+----------------------------------+---------------+----------+
|   117 |           5 | String   |                                    | ReplaceComponent                 |             0 |          |
+-------+-------------+----------+------------------------------------+----------------------------------+---------------+----------+
|   118 |           6 | String   |                                    | Reset                            |             0 |          |
+-------+-------------+----------+------------------------------------+----------------------------------+---------------+----------+
|   119 |           7 | String   |                                    | ResetToDefaults                  |             0 |          |
+-------+-------------+----------+------------------------------------+----------------------------------+---------------+----------+
|   120 |           0 | String   |                                    | Boolean                          |             0 |          |
+-------+-------------+----------+------------------------------------+----------------------------------+---------------+----------+
|   121 |           1 | String   |                                    | Number                           |             0 |          |
+-------+-------------+----------+------------------------------------+----------------------------------+---------------+----------+
|   122 |           2 | String   |                                    | NumberArray                      |             0 |          |
+-------+-------------+----------+------------------------------------+----------------------------------+---------------+----------+
|   123 |           3 | String   |                                    | Object                           |             0 |          |
+-------+-------------+----------+------------------------------------+----------------------------------+---------------+----------+
|   124 |           4 | String   |                                    | ObjectArray                      |             0 |          |
+-------+-------------+----------+------------------------------------+----------------------------------+---------------+----------+
|   125 |           5 | String   |                                    | String                           |             0 |          |
+-------+-------------+----------+------------------------------------+----------------------------------+---------------+----------+
|   126 |           6 | String   |                                    | StringArray                      |             0 |          |
+-------+-------------+----------+------------------------------------+----------------------------------+---------------+----------+
Total Entries: 127
Fixed size consumed (bytes): 1282 (0x502)
Field string size consumed (bytes): 1461 (0x5b5)
Total size (bytes): 2743 (0xab7)
Version: 0XF1F3F000
Signature: 0xf050e0e6
