+-------+-------------+----------+------------------------------------+-----------------------------+---------------+----------+
|   Row |   Sequence# | Format   | Flags                              | Field String                |   Child Count | Offset   |
+=======+=============+==========+====================================+=============================+===============+==========+
|     0 |           0 | Set      |                                    | IOConnectivityLineOfService |             8 | 1        |
+-------+-------------+----------+------------------------------------+-----------------------------+---------------+----------+
|     1 |           0 | Array    | Nullable=True,Permission=ReadWrite | AccessProtocols             |             1 | 9        |
+-------+-------------+----------+------------------------------------+-----------------------------+---------------+----------+
|     2 |           1 | String   | Nullable=True,Permission=Read      | Description                 |             0 |          |
+-------+-------------+----------+------------------------------------+-----------------------------+---------------+----------+
|     3 |           2 | String   | Nullable=False,Permission=Read     | Id                          |             0 |          |
+-------+-------------+----------+------------------------------------+-----------------------------+---------------+----------+
|     4 |           3 | String   | Nullable=False,Permission=Read     | Name                        |             0 |          |
+-------+-------------+----------+------------------------------------+-----------------------------+---------------+----------+
|     5 |           4 | Set      | Nullable=False,                    | Oem                         |             0 |          |
+-------+-------------+----------+------------------------------------+-----------------------------+---------------+----------+
|     6 |           5 | Integer  | Nullable=True,Permission=ReadWrite | MaxBytesPerSecond           |             0 |          |
+-------+-------------+----------+------------------------------------+-----------------------------+---------------+----------+
|     7 |           6 | Integer  | Nullable=True,Permission=ReadWrite | MaxIOPS                     |             0 |          |
+-------+-------------+----------+------------------------------------+-----------------------------+---------------+----------+
|     8 |           7 | Set      | Nullable=False,                    | Actions                     |             1 | 53       |
+-------+-------------+----------+------------------------------------+-----------------------------+---------------+----------+
|     9 |           0 | Enum     |                                    |                             |            43 | 10       |
+-------+-------------+----------+------------------------------------+-----------------------------+---------------+----------+
|    10 |           0 | String   |                                    | AHCI                        |             0 |          |
+-------+-------------+----------+------------------------------------+-----------------------------+---------------+----------+
|    11 |           1 | String   |                                    | FC                          |             0 |          |
+-------+-------------+----------+------------------------------------+-----------------------------+---------------+----------+
|    12 |           2 | String   |                                    | FCoE                        |             0 |          |
+-------+-------------+----------+------------------------------------+-----------------------------+---------------+----------+
|    13 |           3 | String   |                                    | FTP                         |             0 |          |
+-------+-------------+----------+------------------------------------+-----------------------------+---------------+----------+
|    14 |           4 | String   |                                    | HTTP                        |             0 |          |
+-------+-------------+----------+------------------------------------+-----------------------------+---------------+----------+
|    15 |           5 | String   |                                    | HTTPS                       |             0 |          |
+-------+-------------+----------+------------------------------------+-----------------------------+---------------+----------+
|    16 |           6 | String   |                                    | iSCSI                       |             0 |          |
+-------+-------------+----------+------------------------------------+-----------------------------+---------------+----------+
|    17 |           7 | String   |                                    | NFSv3                       |             0 |          |
+-------+-------------+----------+------------------------------------+-----------------------------+---------------+----------+
|    18 |           8 | String   |                                    | NFSv4                       |             0 |          |
+-------+-------------+----------+------------------------------------+-----------------------------+---------------+----------+
|    19 |           9 | String   |                                    | NVMe                        |             0 |          |
+-------+-------------+----------+------------------------------------+-----------------------------+---------------+----------+
|    20 |          10 | String   |                                    | NVMeOverFabrics             |             0 |          |
+-------+-------------+----------+------------------------------------+-----------------------------+---------------+----------+
|    21 |          11 | String   |                                    | PCIe                        |             0 |          |
+-------+-------------+----------+------------------------------------+-----------------------------+---------------+----------+
|    22 |          12 | String   |                                    | SAS                         |             0 |          |
+-------+-------------+----------+------------------------------------+-----------------------------+---------------+----------+
|    23 |          13 | String   |                                    | SATA                        |             0 |          |
+-------+-------------+----------+------------------------------------+-----------------------------+---------------+----------+
|    24 |          14 | String   |                                    | SFTP                        |             0 |          |
+-------+-------------+----------+------------------------------------+-----------------------------+---------------+----------+
|    25 |          15 | String   |                                    | SMB                         |             0 |          |
+-------+-------------+----------+------------------------------------+-----------------------------+---------------+----------+
|    26 |          16 | String   |                                    | UHCI                        |             0 |          |
+-------+-------------+----------+------------------------------------+-----------------------------+---------------+----------+
|    27 |          17 | String   |                                    | USB                         |             0 |          |
+-------+-------------+----------+------------------------------------+-----------------------------+---------------+----------+
|    28 |          18 | String   |                                    | FCP                         |             0 |          |
+-------+-------------+----------+------------------------------------+-----------------------------+---------------+----------+
|    29 |          19 | String   |                                    | FICON                       |             0 |          |
+-------+-------------+----------+------------------------------------+-----------------------------+---------------+----------+
|    30 |          20 | String   |                                    | iWARP                       |             0 |          |
+-------+-------------+----------+------------------------------------+-----------------------------+---------------+----------+
|    31 |          21 | String   |                                    | RoCE                        |             0 |          |
+-------+-------------+----------+------------------------------------+-----------------------------+---------------+----------+
|    32 |          22 | String   |                                    | RoCEv2                      |             0 |          |
+-------+-------------+----------+------------------------------------+-----------------------------+---------------+----------+
|    33 |          23 | String   |                                    | OEM                         |             0 |          |
+-------+-------------+----------+------------------------------------+-----------------------------+---------------+----------+
|    34 |          24 | String   |                                    | I2C                         |             0 |          |
+-------+-------------+----------+------------------------------------+-----------------------------+---------------+----------+
|    35 |          25 | String   |                                    | TCP                         |             0 |          |
+-------+-------------+----------+------------------------------------+-----------------------------+---------------+----------+
|    36 |          26 | String   |                                    | TFTP                        |             0 |          |
+-------+-------------+----------+------------------------------------+-----------------------------+---------------+----------+
|    37 |          27 | String   |                                    | UDP                         |             0 |          |
+-------+-------------+----------+------------------------------------+-----------------------------+---------------+----------+
|    38 |          28 | String   |                                    | GenZ                        |             0 |          |
+-------+-------------+----------+------------------------------------+-----------------------------+---------------+----------+
|    39 |          29 | String   |                                    | MultiProtocol               |             0 |          |
+-------+-------------+----------+------------------------------------+-----------------------------+---------------+----------+
|    40 |          30 | String   |                                    | Ethernet                    |             0 |          |
+-------+-------------+----------+------------------------------------+-----------------------------+---------------+----------+
|    41 |          31 | String   |                                    | InfiniBand                  |             0 |          |
+-------+-------------+----------+------------------------------------+-----------------------------+---------------+----------+
|    42 |          32 | String   |                                    | DisplayPort                 |             0 |          |
+-------+-------------+----------+------------------------------------+-----------------------------+---------------+----------+
|    43 |          33 | String   |                                    | DVI                         |             0 |          |
+-------+-------------+----------+------------------------------------+-----------------------------+---------------+----------+
|    44 |          34 | String   |                                    | HDMI                        |             0 |          |
+-------+-------------+----------+------------------------------------+-----------------------------+---------------+----------+
|    45 |          35 | String   |                                    | NVLink                      |             0 |          |
+-------+-------------+----------+------------------------------------+-----------------------------+---------------+----------+
|    46 |          36 | String   |                                    | VGA                         |             0 |          |
+-------+-------------+----------+------------------------------------+-----------------------------+---------------+----------+
|    47 |          37 | String   |                                    | CXL                         |             0 |          |
+-------+-------------+----------+------------------------------------+-----------------------------+---------------+----------+
|    48 |          38 | String   |                                    | QPI                         |             0 |          |
+-------+-------------+----------+------------------------------------+-----------------------------+---------------+----------+
|    49 |          39 | String   |                                    | UPI                         |             0 |          |
+-------+-------------+----------+------------------------------------+-----------------------------+---------------+----------+
|    50 |          40 | String   |                                    | eMMC                        |             0 |          |
+-------+-------------+----------+------------------------------------+-----------------------------+---------------+----------+
|    51 |          41 | String   |                                    | UET                         |             0 |          |
+-------+-------------+----------+------------------------------------+-----------------------------+---------------+----------+
|    52 |          42 | String   |                                    | UALink                      |             0 |          |
+-------+-------------+----------+------------------------------------+-----------------------------+---------------+----------+
|    53 |           0 | Set      | Nullable=False,                    | Oem                         |             0 |          |
+-------+-------------+----------+------------------------------------+-----------------------------+---------------+----------+
Total Entries: 54
Fixed size consumed (bytes): 552 (0x228)
Field string size consumed (bytes): 444 (0x1bc)
Total size (bytes): 996 (0x3e4)
Version: 0XF1F2F100
Signature: 0xfc3bb4d9
