+-------+-------------+----------+------------------------------------+-------------------------------+---------------+----------+
|   Row |   Sequence# | Format   | Flags                              | Field String                  |   Child Count | Offset   |
+=======+=============+==========+====================================+===============================+===============+==========+
|     0 |           0 | Set      |                                    | IOConnectivityLoSCapabilities |            10 | 1        |
+-------+-------------+----------+------------------------------------+-------------------------------+---------------+----------+
|     1 |           0 | String   | Nullable=True,Permission=Read      | Description                   |             0 |          |
+-------+-------------+----------+------------------------------------+-------------------------------+---------------+----------+
|     2 |           1 | String   | Nullable=False,Permission=Read     | Id                            |             0 |          |
+-------+-------------+----------+------------------------------------+-------------------------------+---------------+----------+
|     3 |           2 | Set      | Nullable=False,                    | Identifier                    |             2 | 11       |
+-------+-------------+----------+------------------------------------+-------------------------------+---------------+----------+
|     4 |           3 | Integer  | Nullable=True,Permission=ReadWrite | MaxSupportedBytesPerSecond    |             0 |          |
+-------+-------------+----------+------------------------------------+-------------------------------+---------------+----------+
|     5 |           4 | String   | Nullable=False,Permission=Read     | Name                          |             0 |          |
+-------+-------------+----------+------------------------------------+-------------------------------+---------------+----------+
|     6 |           5 | Set      | Nullable=False,                    | Oem                           |             0 |          |
+-------+-------------+----------+------------------------------------+-------------------------------+---------------+----------+
|     7 |           6 | Array    | Nullable=True,Permission=ReadWrite | SupportedAccessProtocols      |             1 | 13       |
+-------+-------------+----------+------------------------------------+-------------------------------+---------------+----------+
|     8 |           7 | Array    | Nullable=True,Permission=ReadWrite | SupportedLinesOfService       |             1 | 57       |
+-------+-------------+----------+------------------------------------+-------------------------------+---------------+----------+
|     9 |           8 | Set      | Nullable=False,                    | Actions                       |             1 | 66       |
+-------+-------------+----------+------------------------------------+-------------------------------+---------------+----------+
|    10 |           9 | Integer  | Nullable=True,Permission=ReadWrite | MaxSupportedIOPS              |             0 |          |
+-------+-------------+----------+------------------------------------+-------------------------------+---------------+----------+
|    11 |           0 | String   | Nullable=True,Permission=Read      | DurableName                   |             0 |          |
+-------+-------------+----------+------------------------------------+-------------------------------+---------------+----------+
|    12 |           1 | Enum     | Nullable=True,Permission=Read      | DurableNameFormat             |            10 | 67       |
+-------+-------------+----------+------------------------------------+-------------------------------+---------------+----------+
|    13 |           0 | Enum     |                                    |                               |            43 | 14       |
+-------+-------------+----------+------------------------------------+-------------------------------+---------------+----------+
|    14 |           0 | String   |                                    | AHCI                          |             0 |          |
+-------+-------------+----------+------------------------------------+-------------------------------+---------------+----------+
|    15 |           1 | String   |                                    | FC                            |             0 |          |
+-------+-------------+----------+------------------------------------+-------------------------------+---------------+----------+
|    16 |           2 | String   |                                    | FCoE                          |             0 |          |
+-------+-------------+----------+------------------------------------+-------------------------------+---------------+----------+
|    17 |           3 | String   |                                    | FTP                           |             0 |          |
+-------+-------------+----------+------------------------------------+-------------------------------+---------------+----------+
|    18 |           4 | String   |                                    | HTTP                          |             0 |          |
+-------+-------------+----------+------------------------------------+-------------------------------+---------------+----------+
|    19 |           5 | String   |                                    | HTTPS                         |             0 |          |
+-------+-------------+----------+------------------------------------+-------------------------------+---------------+----------+
|    20 |           6 | String   |                                    | iSCSI                         |             0 |          |
+-------+-------------+----------+------------------------------------+-------------------------------+---------------+----------+
|    21 |           7 | String   |                                    | NFSv3                         |             0 |          |
+-------+-------------+----------+------------------------------------+-------------------------------+---------------+----------+
|    22 |           8 | String   |                                    | NFSv4                         |             0 |          |
+-------+-------------+----------+------------------------------------+-------------------------------+---------------+----------+
|    23 |           9 | String   |                                    | NVMe                          |             0 |          |
+-------+-------------+----------+------------------------------------+-------------------------------+---------------+----------+
|    24 |          10 | String   |                                    | NVMeOverFabrics               |             0 |          |
+-------+-------------+----------+------------------------------------+-------------------------------+---------------+----------+
|    25 |          11 | String   |                                    | PCIe                          |             0 |          |
+-------+-------------+----------+------------------------------------+-------------------------------+---------------+----------+
|    26 |          12 | String   |                                    | SAS                           |             0 |          |
+-------+-------------+----------+------------------------------------+-------------------------------+---------------+----------+
|    27 |          13 | String   |                                    | SATA                          |             0 |          |
+-------+-------------+----------+------------------------------------+-------------------------------+---------------+----------+
|    28 |          14 | String   |                                    | SFTP                          |             0 |          |
+-------+-------------+----------+------------------------------------+-------------------------------+---------------+----------+
|    29 |          15 | String   |                                    | SMB                           |             0 |          |
+-------+-------------+----------+------------------------------------+-------------------------------+---------------+----------+
|    30 |          16 | String   |                                    | UHCI                          |             0 |          |
+-------+-------------+----------+------------------------------------+-------------------------------+---------------+----------+
|    31 |          17 | String   |                                    | USB                           |             0 |          |
+-------+-------------+----------+------------------------------------+-------------------------------+---------------+----------+
|    32 |          18 | String   |                                    | FCP                           |             0 |          |
+-------+-------------+----------+------------------------------------+-------------------------------+---------------+----------+
|    33 |          19 | String   |                                    | FICON                         |             0 |          |
+-------+-------------+----------+------------------------------------+-------------------------------+---------------+----------+
|    34 |          20 | String   |                                    | iWARP                         |             0 |          |
+-------+-------------+----------+------------------------------------+-------------------------------+---------------+----------+
|    35 |          21 | String   |                                    | RoCE                          |             0 |          |
+-------+-------------+----------+------------------------------------+-------------------------------+---------------+----------+
|    36 |          22 | String   |                                    | RoCEv2                        |             0 |          |
+-------+-------------+----------+------------------------------------+-------------------------------+---------------+----------+
|    37 |          23 | String   |                                    | OEM                           |             0 |          |
+-------+-------------+----------+------------------------------------+-------------------------------+---------------+----------+
|    38 |          24 | String   |                                    | I2C                           |             0 |          |
+-------+-------------+----------+------------------------------------+-------------------------------+---------------+----------+
|    39 |          25 | String   |                                    | TCP                           |             0 |          |
+-------+-------------+----------+------------------------------------+-------------------------------+---------------+----------+
|    40 |          26 | String   |                                    | TFTP                          |             0 |          |
+-------+-------------+----------+------------------------------------+-------------------------------+---------------+----------+
|    41 |          27 | String   |                                    | UDP                           |             0 |          |
+-------+-------------+----------+------------------------------------+-------------------------------+---------------+----------+
|    42 |          28 | String   |                                    | GenZ                          |             0 |          |
+-------+-------------+----------+------------------------------------+-------------------------------+---------------+----------+
|    43 |          29 | String   |                                    | MultiProtocol                 |             0 |          |
+-------+-------------+----------+------------------------------------+-------------------------------+---------------+----------+
|    44 |          30 | String   |                                    | Ethernet                      |             0 |          |
+-------+-------------+----------+------------------------------------+-------------------------------+---------------+----------+
|    45 |          31 | String   |                                    | InfiniBand                    |             0 |          |
+-------+-------------+----------+------------------------------------+-------------------------------+---------------+----------+
|    46 |          32 | String   |                                    | DisplayPort                   |             0 |          |
+-------+-------------+----------+------------------------------------+-------------------------------+---------------+----------+
|    47 |          33 | String   |                                    | DVI                           |             0 |          |
+-------+-------------+----------+------------------------------------+-------------------------------+---------------+----------+
|    48 |          34 | String   |                                    | HDMI                          |             0 |          |
+-------+-------------+----------+------------------------------------+-------------------------------+---------------+----------+
|    49 |          35 | String   |                                    | NVLink                        |             0 |          |
+-------+-------------+----------+------------------------------------+-------------------------------+---------------+----------+
|    50 |          36 | String   |                                    | VGA                           |             0 |          |
+-------+-------------+----------+------------------------------------+-------------------------------+---------------+----------+
|    51 |          37 | String   |                                    | CXL                           |             0 |          |
+-------+-------------+----------+------------------------------------+-------------------------------+---------------+----------+
|    52 |          38 | String   |                                    | QPI                           |             0 |          |
+-------+-------------+----------+------------------------------------+-------------------------------+---------------+----------+
|    53 |          39 | String   |                                    | UPI                           |             0 |          |
+-------+-------------+----------+------------------------------------+-------------------------------+---------------+----------+
|    54 |          40 | String   |                                    | eMMC                          |             0 |          |
+-------+-------------+----------+------------------------------------+-------------------------------+---------------+----------+
|    55 |          41 | String   |                                    | UET                           |             0 |          |
+-------+-------------+----------+------------------------------------+-------------------------------+---------------+----------+
|    56 |          42 | String   |                                    | UALink                        |             0 |          |
+-------+-------------+----------+------------------------------------+-------------------------------+---------------+----------+
|    57 |           0 | Set      |                                    |                               |             8 | 58       |
+-------+-------------+----------+------------------------------------+-------------------------------+---------------+----------+
|    58 |           0 | Array    | Nullable=True,Permission=ReadWrite | AccessProtocols               |             1 | 13       |
+-------+-------------+----------+------------------------------------+-------------------------------+---------------+----------+
|    59 |           1 | String   | Nullable=True,Permission=Read      | Description                   |             0 |          |
+-------+-------------+----------+------------------------------------+-------------------------------+---------------+----------+
|    60 |           2 | String   | Nullable=False,Permission=Read     | Id                            |             0 |          |
+-------+-------------+----------+------------------------------------+-------------------------------+---------------+----------+
|    61 |           3 | String   | Nullable=False,Permission=Read     | Name                          |             0 |          |
+-------+-------------+----------+------------------------------------+-------------------------------+---------------+----------+
|    62 |           4 | Set      | Nullable=False,                    | Oem                           |             0 |          |
+-------+-------------+----------+------------------------------------+-------------------------------+---------------+----------+
|    63 |           5 | Integer  | Nullable=True,Permission=ReadWrite | MaxBytesPerSecond             |             0 |          |
+-------+-------------+----------+------------------------------------+-------------------------------+---------------+----------+
|    64 |           6 | Integer  | Nullable=True,Permission=ReadWrite | MaxIOPS                       |             0 |          |
+-------+-------------+----------+------------------------------------+-------------------------------+---------------+----------+
|    65 |           7 | Set      | Nullable=False,                    | Actions                       |             1 | 77       |
+-------+-------------+----------+------------------------------------+-------------------------------+---------------+----------+
|    66 |           0 | Set      | Nullable=False,                    | Oem                           |             0 |          |
+-------+-------------+----------+------------------------------------+-------------------------------+---------------+----------+
|    67 |           0 | String   |                                    | EUI                           |             0 |          |
+-------+-------------+----------+------------------------------------+-------------------------------+---------------+----------+
|    68 |           1 | String   |                                    | FC_WWN                        |             0 |          |
+-------+-------------+----------+------------------------------------+-------------------------------+---------------+----------+
|    69 |           2 | String   |                                    | iQN                           |             0 |          |
+-------+-------------+----------+------------------------------------+-------------------------------+---------------+----------+
|    70 |           3 | String   |                                    | NAA                           |             0 |          |
+-------+-------------+----------+------------------------------------+-------------------------------+---------------+----------+
|    71 |           4 | String   |                                    | UUID                          |             0 |          |
+-------+-------------+----------+------------------------------------+-------------------------------+---------------+----------+
|    72 |           5 | String   |                                    | NGUID                         |             0 |          |
+-------+-------------+----------+------------------------------------+-------------------------------+---------------+----------+
|    73 |           6 | String   |                                    | MACAddress                    |             0 |          |
+-------+-------------+----------+------------------------------------+-------------------------------+---------------+----------+
|    74 |           7 | String   |                                    | GCXLID                        |             0 |          |
+-------+-------------+----------+------------------------------------+-------------------------------+---------------+----------+
|    75 |           8 | String   |                                    | NQN                           |             0 |          |
+-------+-------------+----------+------------------------------------+-------------------------------+---------------+----------+
|    76 |           9 | String   |                                    | NSID                          |             0 |          |
+-------+-------------+----------+------------------------------------+-------------------------------+---------------+----------+
|    77 |           0 | Set      | Nullable=False,                    | Oem                           |             0 |          |
+-------+-------------+----------+------------------------------------+-------------------------------+---------------+----------+
Total Entries: 78
Fixed size consumed (bytes): 792 (0x318)
Field string size consumed (bytes): 637 (0x27d)
Total size (bytes): 1429 (0x595)
Version: 0XF1F2F000
Signature: 0xb7920c22
