+-------+-------------+----------+------------------------------------+--------------------+---------------+----------+
|   Row |   Sequence# | Format   | Flags                              | Field String       |   Child Count | Offset   |
+=======+=============+==========+====================================+====================+===============+==========+
|     0 |           0 | Set      |                                    | IOStatistics       |            10 | 1        |
+-------+-------------+----------+------------------------------------+--------------------+---------------+----------+
|     1 |           0 | String   | Nullable=True,Permission=ReadWrite | NonIORequestTime   |             0 |          |
+-------+-------------+----------+------------------------------------+--------------------+---------------+----------+
|     2 |           1 | Integer  | Nullable=True,Permission=ReadWrite | NonIORequests      |             0 |          |
+-------+-------------+----------+------------------------------------+--------------------+---------------+----------+
|     3 |           2 | Integer  | Nullable=True,Permission=ReadWrite | ReadHitIORequests  |             0 |          |
+-------+-------------+----------+------------------------------------+--------------------+---------------+----------+
|     4 |           3 | Integer  | Nullable=True,Permission=ReadWrite | ReadIOKiBytes      |             0 |          |
+-------+-------------+----------+------------------------------------+--------------------+---------------+----------+
|     5 |           4 | String   | Nullable=True,Permission=ReadWrite | ReadIORequestTime  |             0 |          |
+-------+-------------+----------+------------------------------------+--------------------+---------------+----------+
|     6 |           5 | Integer  | Nullable=True,Permission=ReadWrite | ReadIORequests     |             0 |          |
+-------+-------------+----------+------------------------------------+--------------------+---------------+----------+
|     7 |           6 | Integer  | Nullable=True,Permission=ReadWrite | WriteHitIORequests |             0 |          |
+-------+-------------+----------+------------------------------------+--------------------+---------------+----------+
|     8 |           7 | Integer  | Nullable=True,Permission=ReadWrite | WriteIOKiBytes     |             0 |          |
+-------+-------------+----------+------------------------------------+--------------------+---------------+----------+
|     9 |           8 | String   | Nullable=True,Permission=ReadWrite | WriteIORequestTime |             0 |          |
+-------+-------------+----------+------------------------------------+--------------------+---------------+----------+
|    10 |           9 | Integer  | Nullable=True,Permission=ReadWrite | WriteIORequests    |             0 |          |
+-------+-------------+----------+------------------------------------+--------------------+---------------+----------+
Total Entries: 11
Fixed size consumed (bytes): 122 (0x7a)
Field string size consumed (bytes): 273 (0x111)
Total size (bytes): 395 (0x18b)
Version: 0XF1F0F400
Signature: 0xa4ca9b9a
