+-------+-------------+----------+------------------------------------+------------------------+---------------+----------+
|   Row |   Sequence# | Format   | Flags                              | Field String           |   Child Count | Offset   |
+=======+=============+==========+====================================+========================+===============+==========+
|     0 |           0 | Set      |                                    | SpareResourceSet       |            11 | 1        |
+-------+-------------+----------+------------------------------------+------------------------+---------------+----------+
|     1 |           0 | String   | Nullable=True,Permission=Read      | Description            |             0 |          |
+-------+-------------+----------+------------------------------------+------------------------+---------------+----------+
|     2 |           1 | String   | Nullable=False,Permission=Read     | Id                     |             0 |          |
+-------+-------------+----------+------------------------------------+------------------------+---------------+----------+
|     3 |           2 | Set      | Nullable=False,                    | Links                  |             3 | 12       |
+-------+-------------+----------+------------------------------------+------------------------+---------------+----------+
|     4 |           3 | String   | Nullable=False,Permission=Read     | Name                   |             0 |          |
+-------+-------------+----------+------------------------------------+------------------------+---------------+----------+
|     5 |           4 | Set      | Nullable=False,                    | Oem                    |             0 |          |
+-------+-------------+----------+------------------------------------+------------------------+---------------+----------+
|     6 |           5 | Set      | Nullable=False,                    | OnHandLocation         |            12 | 15       |
+-------+-------------+----------+------------------------------------+------------------------+---------------+----------+
|     7 |           6 | Boolean  | Nullable=True,Permission=ReadWrite | OnLine                 |             0 |          |
+-------+-------------+----------+------------------------------------+------------------------+---------------+----------+
|     8 |           7 | String   | Nullable=True,Permission=ReadWrite | ResourceType           |             0 |          |
+-------+-------------+----------+------------------------------------+------------------------+---------------+----------+
|     9 |           8 | String   | Nullable=True,Permission=ReadWrite | TimeToProvision        |             0 |          |
+-------+-------------+----------+------------------------------------+------------------------+---------------+----------+
|    10 |           9 | String   | Nullable=True,Permission=ReadWrite | TimeToReplenish        |             0 |          |
+-------+-------------+----------+------------------------------------+------------------------+---------------+----------+
|    11 |          10 | Set      | Nullable=False,                    | Actions                |             1 | 27       |
+-------+-------------+----------+------------------------------------+------------------------+---------------+----------+
|    12 |           0 | Set      | Nullable=False,                    | Oem                    |             0 |          |
+-------+-------------+----------+------------------------------------+------------------------+---------------+----------+
|    13 |           1 | Array    | Nullable=True,                     | OnHandSpares           |             1 | 28       |
+-------+-------------+----------+------------------------------------+------------------------+---------------+----------+
|    14 |           2 | Array    | Nullable=True,                     | ReplacementSpareSets   |             1 | 28       |
+-------+-------------+----------+------------------------------------+------------------------+---------------+----------+
|    15 |           0 | String   | Nullable=True,Permission=Read      | Info                   |             0 |          |
+-------+-------------+----------+------------------------------------+------------------------+---------------+----------+
|    16 |           1 | String   | Nullable=True,Permission=Read      | InfoFormat             |             0 |          |
+-------+-------------+----------+------------------------------------+------------------------+---------------+----------+
|    17 |           2 | Set      | Nullable=False,                    | Oem                    |             0 |          |
+-------+-------------+----------+------------------------------------+------------------------+---------------+----------+
|    18 |           3 | Set      | Nullable=False,                    | Placement              |             7 | 29       |
+-------+-------------+----------+------------------------------------+------------------------+---------------+----------+
|    19 |           4 | Set      | Nullable=False,                    | PostalAddress          |            33 | 36       |
+-------+-------------+----------+------------------------------------+------------------------+---------------+----------+
|    20 |           5 | Set      | Nullable=False,                    | PartLocation           |             5 | 69       |
+-------+-------------+----------+------------------------------------+------------------------+---------------+----------+
|    21 |           6 | Real     | Nullable=True,Permission=ReadWrite | AltitudeMeters         |             0 |          |
+-------+-------------+----------+------------------------------------+------------------------+---------------+----------+
|    22 |           7 | Real     | Nullable=True,Permission=ReadWrite | Latitude               |             0 |          |
+-------+-------------+----------+------------------------------------+------------------------+---------------+----------+
|    23 |           8 | Real     | Nullable=True,Permission=ReadWrite | Longitude              |             0 |          |
+-------+-------------+----------+------------------------------------+------------------------+---------------+----------+
|    24 |           9 | Array    | Nullable=True,                     | Contacts               |             1 | 74       |
+-------+-------------+----------+------------------------------------+------------------------+---------------+----------+
|    25 |          10 | String   | Nullable=True,Permission=Read      | PartLocationContext    |             0 |          |
+-------+-------------+----------+------------------------------------+------------------------+---------------+----------+
|    26 |          11 | Set      | Nullable=False,                    | PhysicalAddress        |             7 | 78       |
+-------+-------------+----------+------------------------------------+------------------------+---------------+----------+
|    27 |           0 | Set      | Nullable=False,                    | Oem                    |             0 |          |
+-------+-------------+----------+------------------------------------+------------------------+---------------+----------+
|    28 |           0 | Set      |                                    |                        |             0 |          |
+-------+-------------+----------+------------------------------------+------------------------+---------------+----------+
|    29 |           0 | String   | Nullable=True,Permission=ReadWrite | Rack                   |             0 |          |
+-------+-------------+----------+------------------------------------+------------------------+---------------+----------+
|    30 |           1 | Integer  | Nullable=True,Permission=ReadWrite | RackOffset             |             0 |          |
+-------+-------------+----------+------------------------------------+------------------------+---------------+----------+
|    31 |           2 | Enum     | Nullable=True,Permission=ReadWrite | RackOffsetUnits        |             2 | 85       |
+-------+-------------+----------+------------------------------------+------------------------+---------------+----------+
|    32 |           3 | String   | Nullable=True,Permission=ReadWrite | Row                    |             0 |          |
+-------+-------------+----------+------------------------------------+------------------------+---------------+----------+
|    33 |           4 | String   | Nullable=True,Permission=ReadWrite | AdditionalInfo         |             0 |          |
+-------+-------------+----------+------------------------------------+------------------------+---------------+----------+
|    34 |           5 | String   | Nullable=True,Permission=ReadWrite | FacilityName           |             0 |          |
+-------+-------------+----------+------------------------------------+------------------------+---------------+----------+
|    35 |           6 | String   | Nullable=True,Permission=ReadWrite | Room                   |             0 |          |
+-------+-------------+----------+------------------------------------+------------------------+---------------+----------+
|    36 |           0 | String   | Nullable=True,Permission=ReadWrite | AdditionalCode         |             0 |          |
+-------+-------------+----------+------------------------------------+------------------------+---------------+----------+
|    37 |           1 | String   | Nullable=True,Permission=ReadWrite | Building               |             0 |          |
+-------+-------------+----------+------------------------------------+------------------------+---------------+----------+
|    38 |           2 | String   | Nullable=True,Permission=ReadWrite | City                   |             0 |          |
+-------+-------------+----------+------------------------------------+------------------------+---------------+----------+
|    39 |           3 | String   | Nullable=True,Permission=ReadWrite | Community              |             0 |          |
+-------+-------------+----------+------------------------------------+------------------------+---------------+----------+
|    40 |           4 | String   | Nullable=True,Permission=ReadWrite | Country                |             0 |          |
+-------+-------------+----------+------------------------------------+------------------------+---------------+----------+
|    41 |           5 | String   | Nullable=True,Permission=ReadWrite | District               |             0 |          |
+-------+-------------+----------+------------------------------------+------------------------+---------------+----------+
|    42 |           6 | String   | Nullable=True,Permission=ReadWrite | Division               |             0 |          |
+-------+-------------+----------+------------------------------------+------------------------+---------------+----------+
|    43 |           7 | String   | Nullable=True,Permission=ReadWrite | Floor                  |             0 |          |
+-------+-------------+----------+------------------------------------+------------------------+---------------+----------+
|    44 |           8 | String   | Nullable=True,Permission=ReadWrite | GPSCoords              |             0 |          |
+-------+-------------+----------+------------------------------------+------------------------+---------------+----------+
|    45 |           9 | Integer  | Nullable=True,Permission=ReadWrite | HouseNumber            |             0 |          |
+-------+-------------+----------+------------------------------------+------------------------+---------------+----------+
|    46 |          10 | String   | Nullable=True,Permission=ReadWrite | HouseNumberSuffix      |             0 |          |
+-------+-------------+----------+------------------------------------+------------------------+---------------+----------+
|    47 |          11 | String   | Nullable=True,Permission=ReadWrite | Landmark               |             0 |          |
+-------+-------------+----------+------------------------------------+------------------------+---------------+----------+
|    48 |          12 | String   | Nullable=True,Permission=ReadWrite | LeadingStreetDirection |             0 |          |
+-------+-------------+----------+------------------------------------+------------------------+---------------+----------+
|    49 |          13 | String   | Nullable=True,Permission=ReadWrite | Location               |             0 |          |
+-------+-------------+----------+------------------------------------+------------------------+---------------+----------+
|    50 |          14 | String   | Nullable=True,Permission=ReadWrite | Name                   |             0 |          |
+-------+-------------+----------+------------------------------------+------------------------+---------------+----------+
|    51 |          15 | String   | Nullable=True,Permission=ReadWrite | Neighborhood           |             0 |          |
+-------+-------------+----------+------------------------------------+------------------------+---------------+----------+
|    52 |          16 | String   | Nullable=True,Permission=ReadWrite | POBox                  |             0 |          |
+-------+-------------+----------+------------------------------------+------------------------+---------------+----------+
|    53 |          17 | String   | Nullable=True,Permission=ReadWrite | PlaceType              |             0 |          |
+-------+-------------+----------+------------------------------------+------------------------+---------------+----------+
|    54 |          18 | String   | Nullable=True,Permission=ReadWrite | PostalCode             |             0 |          |
+-------+-------------+----------+------------------------------------+------------------------+---------------+----------+
|    55 |          19 | String   | Nullable=True,Permission=ReadWrite | Road                   |             0 |          |
+-------+-------------+----------+------------------------------------+------------------------+---------------+----------+
|    56 |          20 | String   | Nullable=True,Permission=ReadWrite | RoadBranch             |             0 |          |
+-------+-------------+----------+------------------------------------+------------------------+---------------+----------+
|    57 |          21 | String   | Nullable=True,Permission=ReadWrite | RoadPostModifier       |             0 |          |
+-------+-------------+----------+------------------------------------+------------------------+---------------+----------+
|    58 |          22 | String   | Nullable=True,Permission=ReadWrite | RoadPreModifier        |             0 |          |
+-------+-------------+----------+------------------------------------+------------------------+---------------+----------+
|    59 |          23 | String   | Nullable=True,Permission=ReadWrite | RoadSection            |             0 |          |
+-------+-------------+----------+------------------------------------+------------------------+---------------+----------+
|    60 |          24 | String   | Nullable=True,Permission=ReadWrite | RoadSubBranch          |             0 |          |
+-------+-------------+----------+------------------------------------+------------------------+---------------+----------+
|    61 |          25 | String   | Nullable=True,Permission=ReadWrite | Room                   |             0 |          |
+-------+-------------+----------+------------------------------------+------------------------+---------------+----------+
|    62 |          26 | String   | Nullable=True,Permission=ReadWrite | Seat                   |             0 |          |
+-------+-------------+----------+------------------------------------+------------------------+---------------+----------+
|    63 |          27 | String   | Nullable=True,Permission=ReadWrite | Street                 |             0 |          |
+-------+-------------+----------+------------------------------------+------------------------+---------------+----------+
|    64 |          28 | String   | Nullable=True,Permission=ReadWrite | StreetSuffix           |             0 |          |
+-------+-------------+----------+------------------------------------+------------------------+---------------+----------+
|    65 |          29 | String   | Nullable=True,Permission=ReadWrite | Territory              |             0 |          |
+-------+-------------+----------+------------------------------------+------------------------+---------------+----------+
|    66 |          30 | String   | Nullable=True,Permission=ReadWrite | TrailingStreetSuffix   |             0 |          |
+-------+-------------+----------+------------------------------------+------------------------+---------------+----------+
|    67 |          31 | String   | Nullable=True,Permission=ReadWrite | Unit                   |             0 |          |
+-------+-------------+----------+------------------------------------+------------------------+---------------+----------+
|    68 |          32 | String   | Nullable=True,Permission=ReadWrite | AdditionalInfo         |             0 |          |
+-------+-------------+----------+------------------------------------+------------------------+---------------+----------+
|    69 |           0 | Integer  | Nullable=True,Permission=Read      | LocationOrdinalValue   |             0 |          |
+-------+-------------+----------+------------------------------------+------------------------+---------------+----------+
|    70 |           1 | Enum     | Nullable=True,Permission=Read      | LocationType           |             6 | 87       |
+-------+-------------+----------+------------------------------------+------------------------+---------------+----------+
|    71 |           2 | Enum     | Nullable=True,Permission=Read      | Orientation            |             6 | 93       |
+-------+-------------+----------+------------------------------------+------------------------+---------------+----------+
|    72 |           3 | Enum     | Nullable=True,Permission=Read      | Reference              |             7 | 99       |
+-------+-------------+----------+------------------------------------+------------------------+---------------+----------+
|    73 |           4 | String   | Nullable=True,Permission=Read      | ServiceLabel           |             0 |          |
+-------+-------------+----------+------------------------------------+------------------------+---------------+----------+
|    74 |           0 | Set      |                                    |                        |             3 | 75       |
+-------+-------------+----------+------------------------------------+------------------------+---------------+----------+
|    75 |           0 | String   | Nullable=True,Permission=ReadWrite | ContactName            |             0 |          |
+-------+-------------+----------+------------------------------------+------------------------+---------------+----------+
|    76 |           1 | String   | Nullable=True,Permission=ReadWrite | EmailAddress           |             0 |          |
+-------+-------------+----------+------------------------------------+------------------------+---------------+----------+
|    77 |           2 | String   | Nullable=True,Permission=ReadWrite | PhoneNumber            |             0 |          |
+-------+-------------+----------+------------------------------------+------------------------+---------------+----------+
|    78 |           0 | String   | Nullable=True,Permission=ReadWrite | City                   |             0 |          |
+-------+-------------+----------+------------------------------------+------------------------+---------------+----------+
|    79 |           1 | String   | Nullable=True,Permission=ReadWrite | Country                |             0 |          |
+-------+-------------+----------+------------------------------------+------------------------+---------------+----------+
|    80 |           2 | String   | Nullable=True,Permission=ReadWrite | ISOCountryCode         |             0 |          |
+-------+-------------+----------+------------------------------------+------------------------+---------------+----------+
|    81 |           3 | String   | Nullable=True,Permission=ReadWrite | ISOSubdivisionCode     |             0 |          |
+-------+-------------+----------+------------------------------------+------------------------+---------------+----------+
|    82 |           4 | String   | Nullable=True,Permission=ReadWrite | PostalCode             |             0 |          |
+-------+-------------+----------+------------------------------------+------------------------+---------------+----------+
|    83 |           5 | String   | Nullable=True,Permission=ReadWrite | StateOrProvince        |             0 |          |
+-------+-------------+----------+------------------------------------+------------------------+---------------+----------+
|    84 |           6 | String   | Nullable=True,Permission=ReadWrite | StreetAddress          |             0 |          |
+-------+-------------+----------+------------------------------------+------------------------+---------------+----------+
|    85 |           0 | String   |                                    | EIA_310                |             0 |          |
+-------+-------------+----------+------------------------------------+------------------------+---------------+----------+
|    86 |           1 | String   |                                    | OpenU                  |             0 |          |
+-------+-------------+----------+------------------------------------+------------------------+---------------+----------+
|    87 |           0 | String   |                                    | Bay                    |             0 |          |
+-------+-------------+----------+------------------------------------+------------------------+---------------+----------+
|    88 |           1 | String   |                                    | Connector              |             0 |          |
+-------+-------------+----------+------------------------------------+------------------------+---------------+----------+
|    89 |           2 | String   |                                    | Slot                   |             0 |          |
+-------+-------------+----------+------------------------------------+------------------------+---------------+----------+
|    90 |           3 | String   |                                    | Socket                 |             0 |          |
+-------+-------------+----------+------------------------------------+------------------------+---------------+----------+
|    91 |           4 | String   |                                    | Backplane              |             0 |          |
+-------+-------------+----------+------------------------------------+------------------------+---------------+----------+
|    92 |           5 | String   |                                    | Embedded               |             0 |          |
+-------+-------------+----------+------------------------------------+------------------------+---------------+----------+
|    93 |           0 | String   |                                    | BackToFront            |             0 |          |
+-------+-------------+----------+------------------------------------+------------------------+---------------+----------+
|    94 |           1 | String   |                                    | BottomToTop            |             0 |          |
+-------+-------------+----------+------------------------------------+------------------------+---------------+----------+
|    95 |           2 | String   |                                    | FrontToBack            |             0 |          |
+-------+-------------+----------+------------------------------------+------------------------+---------------+----------+
|    96 |           3 | String   |                                    | LeftToRight            |             0 |          |
+-------+-------------+----------+------------------------------------+------------------------+---------------+----------+
|    97 |           4 | String   |                                    | RightToLeft            |             0 |          |
+-------+-------------+----------+------------------------------------+------------------------+---------------+----------+
|    98 |           5 | String   |                                    | TopToBottom            |             0 |          |
+-------+-------------+----------+------------------------------------+------------------------+---------------+----------+
|    99 |           0 | String   |                                    | Bottom                 |             0 |          |
+-------+-------------+----------+------------------------------------+------------------------+---------------+----------+
|   100 |           1 | String   |                                    | Front                  |             0 |          |
+-------+-------------+----------+------------------------------------+------------------------+---------------+----------+
|   101 |           2 | String   |                                    | Left                   |             0 |          |
+-------+-------------+----------+------------------------------------+------------------------+---------------+----------+
|   102 |           3 | String   |                                    | Middle                 |             0 |          |
+-------+-------------+----------+------------------------------------+------------------------+---------------+----------+
|   103 |           4 | String   |                                    | Rear                   |             0 |          |
+-------+-------------+----------+------------------------------------+------------------------+---------------+----------+
|   104 |           5 | String   |                                    | Right                  |             0 |          |
+-------+-------------+----------+------------------------------------+------------------------+---------------+----------+
|   105 |           6 | String   |                                    | Top                    |             0 |          |
+-------+-------------+----------+------------------------------------+------------------------+---------------+----------+
Total Entries: 106
Fixed size consumed (bytes): 1072 (0x430)
Field string size consumed (bytes): 1121 (0x461)
Total size (bytes): 2193 (0x891)
Version: 0XF1F0F200
Signature: 0x7d89f647
