+-------+-------------+----------+------------------------------------+--------------------------------+---------------+----------+
|   Row |   Sequence# | Format   | Flags                              | Field String                   |   Child Count | Offset   |
+=======+=============+==========+====================================+================================+===============+==========+
|     0 |           0 | Set      |                                    | StoragePoolMetrics             |            17 | 1        |
+-------+-------------+----------+------------------------------------+--------------------------------+---------------+----------+
|     1 |           0 | Set      | Nullable=False,                    | Actions                        |             1 | 18       |
+-------+-------------+----------+------------------------------------+--------------------------------+---------------+----------+
|     2 |           1 | Real     | Nullable=True,Permission=Read      | ConsistencyCheckErrorCount     |             0 |          |
+-------+-------------+----------+------------------------------------+--------------------------------+---------------+----------+
|     3 |           2 | Integer  | Nullable=True,Permission=Read      | CorrectableIOReadErrorCount    |             0 |          |
+-------+-------------+----------+------------------------------------+--------------------------------+---------------+----------+
|     4 |           3 | Integer  | Nullable=True,Permission=Read      | CorrectableIOWriteErrorCount   |             0 |          |
+-------+-------------+----------+------------------------------------+--------------------------------+---------------+----------+
|     5 |           4 | String   | Nullable=True,Permission=Read      | Description                    |             0 |          |
+-------+-------------+----------+------------------------------------+--------------------------------+---------------+----------+
|     6 |           5 | Set      | Nullable=False,                    | IOStatistics                   |            10 | 19       |
+-------+-------------+----------+------------------------------------+--------------------------------+---------------+----------+
|     7 |           6 | String   | Nullable=False,Permission=Read     | Id                             |             0 |          |
+-------+-------------+----------+------------------------------------+--------------------------------+---------------+----------+
|     8 |           7 | String   | Nullable=False,Permission=Read     | Name                           |             0 |          |
+-------+-------------+----------+------------------------------------+--------------------------------+---------------+----------+
|     9 |           8 | Set      | Nullable=False,                    | Oem                            |             0 |          |
+-------+-------------+----------+------------------------------------+--------------------------------+---------------+----------+
|    10 |           9 | Real     | Nullable=True,Permission=Read      | RebuildErrorCount              |             0 |          |
+-------+-------------+----------+------------------------------------+--------------------------------+---------------+----------+
|    11 |          10 | Real     | Nullable=True,Permission=Read      | StateChangeCount               |             0 |          |
+-------+-------------+----------+------------------------------------+--------------------------------+---------------+----------+
|    12 |          11 | Integer  | Nullable=True,Permission=Read      | UncorrectableIOReadErrorCount  |             0 |          |
+-------+-------------+----------+------------------------------------+--------------------------------+---------------+----------+
|    13 |          12 | Integer  | Nullable=True,Permission=Read      | UncorrectableIOWriteErrorCount |             0 |          |
+-------+-------------+----------+------------------------------------+--------------------------------+---------------+----------+
|    14 |          13 | Integer  | Nullable=True,Permission=Read      | CompressionSavingsBytes        |             0 |          |
+-------+-------------+----------+------------------------------------+--------------------------------+---------------+----------+
|    15 |          14 | Integer  | Nullable=True,Permission=Read      | DeduplicationSavingsBytes      |             0 |          |
+-------+-------------+----------+------------------------------------+--------------------------------+---------------+----------+
|    16 |          15 | Integer  | Nullable=True,Permission=Read      | ThinProvisioningSavingsBytes   |             0 |          |
+-------+-------------+----------+------------------------------------+--------------------------------+---------------+----------+
|    17 |          16 | String   | Nullable=True,Permission=Read      | LifetimeStartDateTime          |             0 |          |
+-------+-------------+----------+------------------------------------+--------------------------------+---------------+----------+
|    18 |           0 | Set      | Nullable=False,                    | Oem                            |             0 |          |
+-------+-------------+----------+------------------------------------+--------------------------------+---------------+----------+
|    19 |           0 | String   | Nullable=True,Permission=ReadWrite | NonIORequestTime               |             0 |          |
+-------+-------------+----------+------------------------------------+--------------------------------+---------------+----------+
|    20 |           1 | Integer  | Nullable=True,Permission=ReadWrite | NonIORequests                  |             0 |          |
+-------+-------------+----------+------------------------------------+--------------------------------+---------------+----------+
|    21 |           2 | Integer  | Nullable=True,Permission=ReadWrite | ReadHitIORequests              |             0 |          |
+-------+-------------+----------+------------------------------------+--------------------------------+---------------+----------+
|    22 |           3 | Integer  | Nullable=True,Permission=ReadWrite | ReadIOKiBytes                  |             0 |          |
+-------+-------------+----------+------------------------------------+--------------------------------+---------------+----------+
|    23 |           4 | String   | Nullable=True,Permission=ReadWrite | ReadIORequestTime              |             0 |          |
+-------+-------------+----------+------------------------------------+--------------------------------+---------------+----------+
|    24 |           5 | Integer  | Nullable=True,Permission=ReadWrite | ReadIORequests                 |             0 |          |
+-------+-------------+----------+------------------------------------+--------------------------------+---------------+----------+
|    25 |           6 | Integer  | Nullable=True,Permission=ReadWrite | WriteHitIORequests             |             0 |          |
+-------+-------------+----------+------------------------------------+--------------------------------+---------------+----------+
|    26 |           7 | Integer  | Nullable=True,Permission=ReadWrite | WriteIOKiBytes                 |             0 |          |
+-------+-------------+----------+------------------------------------+--------------------------------+---------------+----------+
|    27 |           8 | String   | Nullable=True,Permission=ReadWrite | WriteIORequestTime             |             0 |          |
+-------+-------------+----------+------------------------------------+--------------------------------+---------------+----------+
|    28 |           9 | Integer  | Nullable=True,Permission=ReadWrite | WriteIORequests                |             0 |          |
+-------+-------------+----------+------------------------------------+--------------------------------+---------------+----------+
Total Entries: 29
Fixed size consumed (bytes): 302 (0x12e)
Field string size consumed (bytes): 605 (0x25d)
Total size (bytes): 907 (0x38b)
Version: 0XF1F2F000
Signature: 0x4255ecd5
