+-------+-------------+----------+------------------------------------+------------------------------+---------------+----------+
|   Row |   Sequence# | Format   | Flags                              | Field String                 |   Child Count | Offset   |
+=======+=============+==========+====================================+==============================+===============+==========+
|     0 |           0 | Set      |                                    | StorageServiceMetrics        |             9 | 1        |
+-------+-------------+----------+------------------------------------+------------------------------+---------------+----------+
|     1 |           0 | Set      | Nullable=False,                    | Actions                      |             1 | 10       |
+-------+-------------+----------+------------------------------------+------------------------------+---------------+----------+
|     2 |           1 | String   | Nullable=True,Permission=Read      | Description                  |             0 |          |
+-------+-------------+----------+------------------------------------+------------------------------+---------------+----------+
|     3 |           2 | Set      | Nullable=False,                    | IOStatistics                 |            10 | 11       |
+-------+-------------+----------+------------------------------------+------------------------------+---------------+----------+
|     4 |           3 | String   | Nullable=False,Permission=Read     | Id                           |             0 |          |
+-------+-------------+----------+------------------------------------+------------------------------+---------------+----------+
|     5 |           4 | String   | Nullable=False,Permission=Read     | Name                         |             0 |          |
+-------+-------------+----------+------------------------------------+------------------------------+---------------+----------+
|     6 |           5 | Set      | Nullable=False,                    | Oem                          |             0 |          |
+-------+-------------+----------+------------------------------------+------------------------------+---------------+----------+
|     7 |           6 | Integer  | Nullable=True,Permission=Read      | CompressionSavingsBytes      |             0 |          |
+-------+-------------+----------+------------------------------------+------------------------------+---------------+----------+
|     8 |           7 | Integer  | Nullable=True,Permission=Read      | DeduplicationSavingsBytes    |             0 |          |
+-------+-------------+----------+------------------------------------+------------------------------+---------------+----------+
|     9 |           8 | Integer  | Nullable=True,Permission=Read      | ThinProvisioningSavingsBytes |             0 |          |
+-------+-------------+----------+------------------------------------+------------------------------+---------------+----------+
|    10 |           0 | Set      | Nullable=False,                    | Oem                          |             0 |          |
+-------+-------------+----------+------------------------------------+------------------------------+---------------+----------+
|    11 |           0 | String   | Nullable=True,Permission=ReadWrite | NonIORequestTime             |             0 |          |
+-------+-------------+----------+------------------------------------+------------------------------+---------------+----------+
|    12 |           1 | Integer  | Nullable=True,Permission=ReadWrite | NonIORequests                |             0 |          |
+-------+-------------+----------+------------------------------------+------------------------------+---------------+----------+
|    13 |           2 | Integer  | Nullable=True,Permission=ReadWrite | ReadHitIORequests            |             0 |          |
+-------+-------------+----------+------------------------------------+------------------------------+---------------+----------+
|    14 |           3 | Integer  | Nullable=True,Permission=ReadWrite | ReadIOKiBytes                |             0 |          |
+-------+-------------+----------+------------------------------------+------------------------------+---------------+----------+
|    15 |           4 | String   | Nullable=True,Permission=ReadWrite | ReadIORequestTime            |             0 |          |
+-------+-------------+----------+------------------------------------+------------------------------+---------------+----------+
|    16 |           5 | Integer  | Nullable=True,Permission=ReadWrite | ReadIORequests               |             0 |          |
+-------+-------------+----------+------------------------------------+------------------------------+---------------+----------+
|    17 |           6 | Integer  | Nullable=True,Permission=ReadWrite | WriteHitIORequests           |             0 |          |
+-------+-------------+----------+------------------------------------+------------------------------+---------------+----------+
|    18 |           7 | Integer  | Nullable=True,Permission=ReadWrite | WriteIOKiBytes               |             0 |          |
+-------+-------------+----------+------------------------------------+------------------------------+---------------+----------+
|    19 |           8 | String   | Nullable=True,Permission=ReadWrite | WriteIORequestTime           |             0 |          |
+-------+-------------+----------+------------------------------------+------------------------------+---------------+----------+
|    20 |           9 | Integer  | Nullable=True,Permission=ReadWrite | WriteIORequests              |             0 |          |
+-------+-------------+----------+------------------------------------+------------------------------+---------------+----------+
Total Entries: 21
Fixed size consumed (bytes): 222 (0xde)
Field string size consumed (bytes): 406 (0x196)
Total size (bytes): 628 (0x274)
Version: 0XF1F1F000
Signature: 0x34c7506
