+-------+-------------+----------+-------------------------------------+-----------------------------+---------------+----------+
|   Row |   Sequence# | Format   | Flags                               | Field String                |   Child Count | Offset   |
+=======+=============+==========+=====================================+=============================+===============+==========+
|     0 |           0 | Set      |                                     | StorageGroup                |            20 | 1        |
+-------+-------------+----------+-------------------------------------+-----------------------------+---------------+----------+
|     1 |           0 | Enum     | Nullable=True,Permission=ReadWrite  | AccessState                 |             5 | 21       |
+-------+-------------+----------+-------------------------------------+-----------------------------+---------------+----------+
|     2 |           1 | Set      | Nullable=False,                     | Actions                     |             3 | 26       |
+-------+-------------+----------+-------------------------------------+-----------------------------+---------------+----------+
|     3 |           2 | Array    | Nullable=True,Permission=ReadWrite  | ClientEndpointGroups        |             1 | 29       |
+-------+-------------+----------+-------------------------------------+-----------------------------+---------------+----------+
|     4 |           3 | String   | Nullable=True,Permission=Read       | Description                 |             0 |          |
+-------+-------------+----------+-------------------------------------+-----------------------------+---------------+----------+
|     5 |           4 | String   | Nullable=False,Permission=Read      | Id                          |             0 |          |
+-------+-------------+----------+-------------------------------------+-----------------------------+---------------+----------+
|     6 |           5 | Set      | Nullable=False,                     | Identifier                  |             2 | 30       |
+-------+-------------+----------+-------------------------------------+-----------------------------+---------------+----------+
|     7 |           6 | Set      | Nullable=False,                     | Links                       |             4 | 32       |
+-------+-------------+----------+-------------------------------------+-----------------------------+---------------+----------+
|     8 |           7 | Boolean  | Nullable=True,Permission=ReadWrite  | MembersAreConsistent        |             0 |          |
+-------+-------------+----------+-------------------------------------+-----------------------------+---------------+----------+
|     9 |           8 | String   | Nullable=False,Permission=Read      | Name                        |             0 |          |
+-------+-------------+----------+-------------------------------------+-----------------------------+---------------+----------+
|    10 |           9 | Set      | Nullable=False,                     | Oem                         |             0 |          |
+-------+-------------+----------+-------------------------------------+-----------------------------+---------------+----------+
|    11 |          10 | Set      | Nullable=False,                     | ReplicaInfo                 |            29 | 36       |
+-------+-------------+----------+-------------------------------------+-----------------------------+---------------+----------+
|    12 |          11 | Array    | Nullable=True,Permission=ReadWrite  | ServerEndpointGroups        |             1 | 29       |
+-------+-------------+----------+-------------------------------------+-----------------------------+---------------+----------+
|    13 |          12 | Set      | Nullable=False,                     | Status                      |             5 | 65       |
+-------+-------------+----------+-------------------------------------+-----------------------------+---------------+----------+
|    14 |          13 | Array    | Nullable=True,Permission=ReadWrite  | Volumes                     |             1 | 29       |
+-------+-------------+----------+-------------------------------------+-----------------------------+---------------+----------+
|    15 |          14 | Boolean  | Nullable=True,Permission=ReadWrite  | VolumesAreExposed           |             0 |          |
+-------+-------------+----------+-------------------------------------+-----------------------------+---------------+----------+
|    16 |          15 | Array    | Nullable=True,                      | MappedVolumes               |             1 | 70       |
+-------+-------------+----------+-------------------------------------+-----------------------------+---------------+----------+
|    17 |          16 | Array    | Nullable=True,Permission=Read       | ReplicaTargets              |             1 | 29       |
+-------+-------------+----------+-------------------------------------+-----------------------------+---------------+----------+
|    18 |          17 | Enum     | Nullable=True,Permission=ReadWrite  | AuthenticationMethod        |             4 | 74       |
+-------+-------------+----------+-------------------------------------+-----------------------------+---------------+----------+
|    19 |          18 | Array    | Nullable=True,                      | ChapInfo                    |             1 | 78       |
+-------+-------------+----------+-------------------------------------+-----------------------------+---------------+----------+
|    20 |          19 | Array    | Nullable=True,                      | DHChapInfo                  |             1 | 86       |
+-------+-------------+----------+-------------------------------------+-----------------------------+---------------+----------+
|    21 |           0 | String   |                                     | NonOptimized                |             0 |          |
+-------+-------------+----------+-------------------------------------+-----------------------------+---------------+----------+
|    22 |           1 | String   |                                     | Optimized                   |             0 |          |
+-------+-------------+----------+-------------------------------------+-----------------------------+---------------+----------+
|    23 |           2 | String   |                                     | Standby                     |             0 |          |
+-------+-------------+----------+-------------------------------------+-----------------------------+---------------+----------+
|    24 |           3 | String   |                                     | Transitioning               |             0 |          |
+-------+-------------+----------+-------------------------------------+-----------------------------+---------------+----------+
|    25 |           4 | String   |                                     | Unavailable                 |             0 |          |
+-------+-------------+----------+-------------------------------------+-----------------------------+---------------+----------+
|    26 |           0 | Set      | Nullable=False,                     | Oem                         |             0 |          |
+-------+-------------+----------+-------------------------------------+-----------------------------+---------------+----------+
|    27 |           1 | Set      |                                     | #StorageGroup.ExposeVolumes |             2 | 89       |
+-------+-------------+----------+-------------------------------------+-----------------------------+---------------+----------+
|    28 |           2 | Set      |                                     | #StorageGroup.HideVolumes   |             2 | 91       |
+-------+-------------+----------+-------------------------------------+-----------------------------+---------------+----------+
|    29 |           0 | Set      |                                     |                             |             0 |          |
+-------+-------------+----------+-------------------------------------+-----------------------------+---------------+----------+
|    30 |           0 | String   | Nullable=True,Permission=Read       | DurableName                 |             0 |          |
+-------+-------------+----------+-------------------------------------+-----------------------------+---------------+----------+
|    31 |           1 | Enum     | Nullable=True,Permission=Read       | DurableNameFormat           |            10 | 93       |
+-------+-------------+----------+-------------------------------------+-----------------------------+---------------+----------+
|    32 |           0 | Array    | Nullable=True,Permission=ReadWrite  | ChildStorageGroups          |             1 | 29       |
+-------+-------------+----------+-------------------------------------+-----------------------------+---------------+----------+
|    33 |           1 | Set      | Nullable=False,Permission=ReadWrite | ClassOfService              |             0 |          |
+-------+-------------+----------+-------------------------------------+-----------------------------+---------------+----------+
|    34 |           2 | Set      | Nullable=False,                     | Oem                         |             0 |          |
+-------+-------------+----------+-------------------------------------+-----------------------------+---------------+----------+
|    35 |           3 | Array    | Nullable=True,Permission=Read       | ParentStorageGroups         |             1 | 29       |
+-------+-------------+----------+-------------------------------------+-----------------------------+---------------+----------+
|    36 |           0 | Boolean  | Nullable=True,Permission=Read       | ConsistencyEnabled          |             0 |          |
+-------+-------------+----------+-------------------------------------+-----------------------------+---------------+----------+
|    37 |           1 | Enum     | Nullable=True,Permission=Read       | ConsistencyState            |             2 | 103      |
+-------+-------------+----------+-------------------------------------+-----------------------------+---------------+----------+
|    38 |           2 | Enum     | Nullable=True,Permission=Read       | ConsistencyStatus           |             4 | 105      |
+-------+-------------+----------+-------------------------------------+-----------------------------+---------------+----------+
|    39 |           3 | Enum     | Nullable=True,Permission=Read       | ConsistencyType             |             1 | 109      |
+-------+-------------+----------+-------------------------------------+-----------------------------+---------------+----------+
|    40 |           4 | Boolean  | Nullable=True,Permission=Read       | FailedCopyStopsHostIO       |             0 |          |
+-------+-------------+----------+-------------------------------------+-----------------------------+---------------+----------+
|    41 |           5 | Integer  | Nullable=True,Permission=Read       | PercentSynced               |             0 |          |
+-------+-------------+----------+-------------------------------------+-----------------------------+---------------+----------+
|    42 |           6 | Set      | Nullable=False,Permission=Read      | Replica                     |             0 |          |
+-------+-------------+----------+-------------------------------------+-----------------------------+---------------+----------+
|    43 |           7 | Enum     | Nullable=True,Permission=Read       | ReplicaPriority             |             4 | 110      |
+-------+-------------+----------+-------------------------------------+-----------------------------+---------------+----------+
|    44 |           8 | Enum     | Nullable=True,Permission=Read       | ReplicaProgressStatus       |            23 | 114      |
+-------+-------------+----------+-------------------------------------+-----------------------------+---------------+----------+
|    45 |           9 | Enum     | Nullable=True,Permission=Read       | ReplicaReadOnlyAccess       |             3 | 137      |
+-------+-------------+----------+-------------------------------------+-----------------------------+---------------+----------+
|    46 |          10 | Enum     | Nullable=True,Permission=Read       | ReplicaRecoveryMode         |             2 | 140      |
+-------+-------------+----------+-------------------------------------+-----------------------------+---------------+----------+
|    47 |          11 | Enum     | Nullable=True,Permission=Read       | ReplicaRole                 |             2 | 142      |
+-------+-------------+----------+-------------------------------------+-----------------------------+---------------+----------+
|    48 |          12 | Integer  | Nullable=True,Permission=Read       | ReplicaSkewBytes            |             0 |          |
+-------+-------------+----------+-------------------------------------+-----------------------------+---------------+----------+
|    49 |          13 | Enum     | Nullable=True,Permission=Read       | ReplicaState                |            16 | 144      |
+-------+-------------+----------+-------------------------------------+-----------------------------+---------------+----------+
|    50 |          14 | Enum     | Nullable=True,Permission=Read       | ReplicaType                 |             4 | 160      |
+-------+-------------+----------+-------------------------------------+-----------------------------+---------------+----------+
|    51 |          15 | Enum     | Nullable=True,Permission=Read       | ReplicaUpdateMode           |             4 | 164      |
+-------+-------------+----------+-------------------------------------+-----------------------------+---------------+----------+
|    52 |          16 | Enum     | Nullable=True,Permission=Read       | RequestedReplicaState       |            16 | 144      |
+-------+-------------+----------+-------------------------------------+-----------------------------+---------------+----------+
|    53 |          17 | Boolean  | Nullable=True,Permission=Read       | SyncMaintained              |             0 |          |
+-------+-------------+----------+-------------------------------------+-----------------------------+---------------+----------+
|    54 |          18 | Enum     | Nullable=True,Permission=Read       | UndiscoveredElement         |             2 | 168      |
+-------+-------------+----------+-------------------------------------+-----------------------------+---------------+----------+
|    55 |          19 | String   | Nullable=True,Permission=Read       | WhenActivated               |             0 |          |
+-------+-------------+----------+-------------------------------------+-----------------------------+---------------+----------+
|    56 |          20 | String   | Nullable=True,Permission=Read       | WhenDeactivated             |             0 |          |
+-------+-------------+----------+-------------------------------------+-----------------------------+---------------+----------+
|    57 |          21 | String   | Nullable=True,Permission=Read       | WhenEstablished             |             0 |          |
+-------+-------------+----------+-------------------------------------+-----------------------------+---------------+----------+
|    58 |          22 | String   | Nullable=True,Permission=Read       | WhenSuspended               |             0 |          |
+-------+-------------+----------+-------------------------------------+-----------------------------+---------------+----------+
|    59 |          23 | String   | Nullable=True,Permission=Read       | WhenSynced                  |             0 |          |
+-------+-------------+----------+-------------------------------------+-----------------------------+---------------+----------+
|    60 |          24 | String   | Nullable=True,Permission=Read       | WhenSynchronized            |             0 |          |
+-------+-------------+----------+-------------------------------------+-----------------------------+---------------+----------+
|    61 |          25 | Set      | Nullable=False,Permission=ReadWrite | DataProtectionLineOfService |             0 |          |
+-------+-------------+----------+-------------------------------------+-----------------------------+---------------+----------+
|    62 |          26 | Set      | Nullable=False,Permission=Read      | SourceReplica               |             0 |          |
+-------+-------------+----------+-------------------------------------+-----------------------------+---------------+----------+
|    63 |          27 | Enum     | Nullable=True,Permission=Read       | ReplicaFaultDomain          |             2 | 170      |
+-------+-------------+----------+-------------------------------------+-----------------------------+---------------+----------+
|    64 |          28 | String   | Nullable=True,Permission=Read       | RemoteSourceReplica         |             0 |          |
+-------+-------------+----------+-------------------------------------+-----------------------------+---------------+----------+
|    65 |           0 | Enum     | Nullable=True,Permission=Read       | Health                      |             3 | 172      |
+-------+-------------+----------+-------------------------------------+-----------------------------+---------------+----------+
|    66 |           1 | Enum     | Nullable=True,Permission=Read       | HealthRollup                |             3 | 172      |
+-------+-------------+----------+-------------------------------------+-----------------------------+---------------+----------+
|    67 |           2 | Set      | Nullable=False,                     | Oem                         |             0 |          |
+-------+-------------+----------+-------------------------------------+-----------------------------+---------------+----------+
|    68 |           3 | Enum     | Nullable=True,Permission=Read       | State                       |            13 | 175      |
+-------+-------------+----------+-------------------------------------+-----------------------------+---------------+----------+
|    69 |           4 | Array    | Nullable=True,                      | Conditions                  |             1 | 188      |
+-------+-------------+----------+-------------------------------------+-----------------------------+---------------+----------+
|    70 |           0 | Set      |                                     |                             |             3 | 71       |
+-------+-------------+----------+-------------------------------------+-----------------------------+---------------+----------+
|    71 |           0 | String   | Nullable=True,Permission=ReadWrite  | LogicalUnitNumber           |             0 |          |
+-------+-------------+----------+-------------------------------------+-----------------------------+---------------+----------+
|    72 |           1 | Set      | Nullable=False,Permission=ReadWrite | Volume                      |             0 |          |
+-------+-------------+----------+-------------------------------------+-----------------------------+---------------+----------+
|    73 |           2 | Enum     | Nullable=True,Permission=ReadWrite  | AccessCapability            |             2 | 202      |
+-------+-------------+----------+-------------------------------------+-----------------------------+---------------+----------+
|    74 |           0 | String   |                                     | CHAP                        |             0 |          |
+-------+-------------+----------+-------------------------------------+-----------------------------+---------------+----------+
|    75 |           1 | String   |                                     | DHCHAP                      |             0 |          |
+-------+-------------+----------+-------------------------------------+-----------------------------+---------------+----------+
|    76 |           2 | String   |                                     | MutualCHAP                  |             0 |          |
+-------+-------------+----------+-------------------------------------+-----------------------------+---------------+----------+
|    77 |           3 | String   |                                     | None                        |             0 |          |
+-------+-------------+----------+-------------------------------------+-----------------------------+---------------+----------+
|    78 |           0 | Set      |                                     |                             |             7 | 79       |
+-------+-------------+----------+-------------------------------------+-----------------------------+---------------+----------+
|    79 |           0 | String   | Nullable=True,Permission=Write      | InitiatorCHAPPassword       |             0 |          |
+-------+-------------+----------+-------------------------------------+-----------------------------+---------------+----------+
|    80 |           1 | String   | Nullable=True,Permission=ReadWrite  | InitiatorCHAPUser           |             0 |          |
+-------+-------------+----------+-------------------------------------+-----------------------------+---------------+----------+
|    81 |           2 | String   | Nullable=True,Permission=ReadWrite  | TargetCHAPUser              |             0 |          |
+-------+-------------+----------+-------------------------------------+-----------------------------+---------------+----------+
|    82 |           3 | String   | Nullable=True,Permission=Write      | TargetPassword              |             0 |          |
+-------+-------------+----------+-------------------------------------+-----------------------------+---------------+----------+
|    83 |           4 | String   | Nullable=True,Permission=Write      | CHAPPassword                |             0 |          |
+-------+-------------+----------+-------------------------------------+-----------------------------+---------------+----------+
|    84 |           5 | String   | Nullable=True,Permission=Write      | CHAPUser                    |             0 |          |
+-------+-------------+----------+-------------------------------------+-----------------------------+---------------+----------+
|    85 |           6 | String   | Nullable=True,Permission=Write      | TargetCHAPPassword          |             0 |          |
+-------+-------------+----------+-------------------------------------+-----------------------------+---------------+----------+
|    86 |           0 | Set      |                                     |                             |             2 | 87       |
+-------+-------------+----------+-------------------------------------+-----------------------------+---------------+----------+
|    87 |           0 | String   | Nullable=True,Permission=ReadWrite  | LocalDHCHAPAuthSecret       |             0 |          |
+-------+-------------+----------+-------------------------------------+-----------------------------+---------------+----------+
|    88 |           1 | String   | Nullable=True,Permission=Write      | PeerDHCHAPAuthSecret        |             0 |          |
+-------+-------------+----------+-------------------------------------+-----------------------------+---------------+----------+
|    89 |           0 | String   | Nullable=False,Permission=Read      | target                      |             0 |          |
+-------+-------------+----------+-------------------------------------+-----------------------------+---------------+----------+
|    90 |           1 | String   | Nullable=False,Permission=Read      | title                       |             0 |          |
+-------+-------------+----------+-------------------------------------+-----------------------------+---------------+----------+
|    91 |           0 | String   | Nullable=False,Permission=Read      | target                      |             0 |          |
+-------+-------------+----------+-------------------------------------+-----------------------------+---------------+----------+
|    92 |           1 | String   | Nullable=False,Permission=Read      | title                       |             0 |          |
+-------+-------------+----------+-------------------------------------+-----------------------------+---------------+----------+
|    93 |           0 | String   |                                     | EUI                         |             0 |          |
+-------+-------------+----------+-------------------------------------+-----------------------------+---------------+----------+
|    94 |           1 | String   |                                     | FC_WWN                      |             0 |          |
+-------+-------------+----------+-------------------------------------+-----------------------------+---------------+----------+
|    95 |           2 | String   |                                     | iQN                         |             0 |          |
+-------+-------------+----------+-------------------------------------+-----------------------------+---------------+----------+
|    96 |           3 | String   |                                     | NAA                         |             0 |          |
+-------+-------------+----------+-------------------------------------+-----------------------------+---------------+----------+
|    97 |           4 | String   |                                     | UUID                        |             0 |          |
+-------+-------------+----------+-------------------------------------+-----------------------------+---------------+----------+
|    98 |           5 | String   |                                     | NGUID                       |             0 |          |
+-------+-------------+----------+-------------------------------------+-----------------------------+---------------+----------+
|    99 |           6 | String   |                                     | MACAddress                  |             0 |          |
+-------+-------------+----------+-------------------------------------+-----------------------------+---------------+----------+
|   100 |           7 | String   |                                     | GCXLID                      |             0 |          |
+-------+-------------+----------+-------------------------------------+-----------------------------+---------------+----------+
|   101 |           8 | String   |                                     | NQN                         |             0 |          |
+-------+-------------+----------+-------------------------------------+-----------------------------+---------------+----------+
|   102 |           9 | String   |                                     | NSID                        |             0 |          |
+-------+-------------+----------+-------------------------------------+-----------------------------+---------------+----------+
|   103 |           0 | String   |                                     | Consistent                  |             0 |          |
+-------+-------------+----------+-------------------------------------+-----------------------------+---------------+----------+
|   104 |           1 | String   |                                     | Inconsistent                |             0 |          |
+-------+-------------+----------+-------------------------------------+-----------------------------+---------------+----------+
|   105 |           0 | String   |                                     | Consistent                  |             0 |          |
+-------+-------------+----------+-------------------------------------+-----------------------------+---------------+----------+
|   106 |           1 | String   |                                     | Disabled                    |             0 |          |
+-------+-------------+----------+-------------------------------------+-----------------------------+---------------+----------+
|   107 |           2 | String   |                                     | InError                     |             0 |          |
+-------+-------------+----------+-------------------------------------+-----------------------------+---------------+----------+
|   108 |           3 | String   |                                     | InProgress                  |             0 |          |
+-------+-------------+----------+-------------------------------------+-----------------------------+---------------+----------+
|   109 |           0 | String   |                                     | SequentiallyConsistent      |             0 |          |
+-------+-------------+----------+-------------------------------------+-----------------------------+---------------+----------+
|   110 |           0 | String   |                                     | High                        |             0 |          |
+-------+-------------+----------+-------------------------------------+-----------------------------+---------------+----------+
|   111 |           1 | String   |                                     | Low                         |             0 |          |
+-------+-------------+----------+-------------------------------------+-----------------------------+---------------+----------+
|   112 |           2 | String   |                                     | Same                        |             0 |          |
+-------+-------------+----------+-------------------------------------+-----------------------------+---------------+----------+
|   113 |           3 | String   |                                     | Urgent                      |             0 |          |
+-------+-------------+----------+-------------------------------------+-----------------------------+---------------+----------+
|   114 |           0 | String   |                                     | Aborting                    |             0 |          |
+-------+-------------+----------+-------------------------------------+-----------------------------+---------------+----------+
|   115 |           1 | String   |                                     | Completed                   |             0 |          |
+-------+-------------+----------+-------------------------------------+-----------------------------+---------------+----------+
|   116 |           2 | String   |                                     | Detaching                   |             0 |          |
+-------+-------------+----------+-------------------------------------+-----------------------------+---------------+----------+
|   117 |           3 | String   |                                     | Dormant                     |             0 |          |
+-------+-------------+----------+-------------------------------------+-----------------------------+---------------+----------+
|   118 |           4 | String   |                                     | FailingBack                 |             0 |          |
+-------+-------------+----------+-------------------------------------+-----------------------------+---------------+----------+
|   119 |           5 | String   |                                     | FailingOver                 |             0 |          |
+-------+-------------+----------+-------------------------------------+-----------------------------+---------------+----------+
|   120 |           6 | String   |                                     | Fracturing                  |             0 |          |
+-------+-------------+----------+-------------------------------------+-----------------------------+---------------+----------+
|   121 |           7 | String   |                                     | Initializing                |             0 |          |
+-------+-------------+----------+-------------------------------------+-----------------------------+---------------+----------+
|   122 |           8 | String   |                                     | Mixed                       |             0 |          |
+-------+-------------+----------+-------------------------------------+-----------------------------+---------------+----------+
|   123 |           9 | String   |                                     | Pending                     |             0 |          |
+-------+-------------+----------+-------------------------------------+-----------------------------+---------------+----------+
|   124 |          10 | String   |                                     | Preparing                   |             0 |          |
+-------+-------------+----------+-------------------------------------+-----------------------------+---------------+----------+
|   125 |          11 | String   |                                     | RequiresActivate            |             0 |          |
+-------+-------------+----------+-------------------------------------+-----------------------------+---------------+----------+
|   126 |          12 | String   |                                     | RequiresDetach              |             0 |          |
+-------+-------------+----------+-------------------------------------+-----------------------------+---------------+----------+
|   127 |          13 | String   |                                     | RequiresFracture            |             0 |          |
+-------+-------------+----------+-------------------------------------+-----------------------------+---------------+----------+
|   128 |          14 | String   |                                     | RequiresResume              |             0 |          |
+-------+-------------+----------+-------------------------------------+-----------------------------+---------------+----------+
|   129 |          15 | String   |                                     | RequiresResync              |             0 |          |
+-------+-------------+----------+-------------------------------------+-----------------------------+---------------+----------+
|   130 |          16 | String   |                                     | RequiresSplit               |             0 |          |
+-------+-------------+----------+-------------------------------------+-----------------------------+---------------+----------+
|   131 |          17 | String   |                                     | Restoring                   |             0 |          |
+-------+-------------+----------+-------------------------------------+-----------------------------+---------------+----------+
|   132 |          18 | String   |                                     | Resyncing                   |             0 |          |
+-------+-------------+----------+-------------------------------------+-----------------------------+---------------+----------+
|   133 |          19 | String   |                                     | Splitting                   |             0 |          |
+-------+-------------+----------+-------------------------------------+-----------------------------+---------------+----------+
|   134 |          20 | String   |                                     | Suspending                  |             0 |          |
+-------+-------------+----------+-------------------------------------+-----------------------------+---------------+----------+
|   135 |          21 | String   |                                     | Synchronizing               |             0 |          |
+-------+-------------+----------+-------------------------------------+-----------------------------+---------------+----------+
|   136 |          22 | String   |                                     | Terminating                 |             0 |          |
+-------+-------------+----------+-------------------------------------+-----------------------------+---------------+----------+
|   137 |           0 | String   |                                     | Both                        |             0 |          |
+-------+-------------+----------+-------------------------------------+-----------------------------+---------------+----------+
|   138 |           1 | String   |                                     | ReplicaElement              |             0 |          |
+-------+-------------+----------+-------------------------------------+-----------------------------+---------------+----------+
|   139 |           2 | String   |                                     | SourceElement               |             0 |          |
+-------+-------------+----------+-------------------------------------+-----------------------------+---------------+----------+
|   140 |           0 | String   |                                     | Automatic                   |             0 |          |
+-------+-------------+----------+-------------------------------------+-----------------------------+---------------+----------+
|   141 |           1 | String   |                                     | Manual                      |             0 |          |
+-------+-------------+----------+-------------------------------------+-----------------------------+---------------+----------+
|   142 |           0 | String   |                                     | Source                      |             0 |          |
+-------+-------------+----------+-------------------------------------+-----------------------------+---------------+----------+
|   143 |           1 | String   |                                     | Target                      |             0 |          |
+-------+-------------+----------+-------------------------------------+-----------------------------+---------------+----------+
|   144 |           0 | String   |                                     | Aborted                     |             0 |          |
+-------+-------------+----------+-------------------------------------+-----------------------------+---------------+----------+
|   145 |           1 | String   |                                     | Broken                      |             0 |          |
+-------+-------------+----------+-------------------------------------+-----------------------------+---------------+----------+
|   146 |           2 | String   |                                     | Failedover                  |             0 |          |
+-------+-------------+----------+-------------------------------------+-----------------------------+---------------+----------+
|   147 |           3 | String   |                                     | Fractured                   |             0 |          |
+-------+-------------+----------+-------------------------------------+-----------------------------+---------------+----------+
|   148 |           4 | String   |                                     | Inactive                    |             0 |          |
+-------+-------------+----------+-------------------------------------+-----------------------------+---------------+----------+
|   149 |           5 | String   |                                     | Initialized                 |             0 |          |
+-------+-------------+----------+-------------------------------------+-----------------------------+---------------+----------+
|   150 |           6 | String   |                                     | Invalid                     |             0 |          |
+-------+-------------+----------+-------------------------------------+-----------------------------+---------------+----------+
|   151 |           7 | String   |                                     | Mixed                       |             0 |          |
+-------+-------------+----------+-------------------------------------+-----------------------------+---------------+----------+
|   152 |           8 | String   |                                     | Partitioned                 |             0 |          |
+-------+-------------+----------+-------------------------------------+-----------------------------+---------------+----------+
|   153 |           9 | String   |                                     | Prepared                    |             0 |          |
+-------+-------------+----------+-------------------------------------+-----------------------------+---------------+----------+
|   154 |          10 | String   |                                     | Restored                    |             0 |          |
+-------+-------------+----------+-------------------------------------+-----------------------------+---------------+----------+
|   155 |          11 | String   |                                     | Skewed                      |             0 |          |
+-------+-------------+----------+-------------------------------------+-----------------------------+---------------+----------+
|   156 |          12 | String   |                                     | Split                       |             0 |          |
+-------+-------------+----------+-------------------------------------+-----------------------------+---------------+----------+
|   157 |          13 | String   |                                     | Suspended                   |             0 |          |
+-------+-------------+----------+-------------------------------------+-----------------------------+---------------+----------+
|   158 |          14 | String   |                                     | Synchronized                |             0 |          |
+-------+-------------+----------+-------------------------------------+-----------------------------+---------------+----------+
|   159 |          15 | String   |                                     | Unsynchronized              |             0 |          |
+-------+-------------+----------+-------------------------------------+-----------------------------+---------------+----------+
|   160 |           0 | String   |                                     | Clone                       |             0 |          |
+-------+-------------+----------+-------------------------------------+-----------------------------+---------------+----------+
|   161 |           1 | String   |                                     | Mirror                      |             0 |          |
+-------+-------------+----------+-------------------------------------+-----------------------------+---------------+----------+
|   162 |           2 | String   |                                     | Snapshot                    |             0 |          |
+-------+-------------+----------+-------------------------------------+-----------------------------+---------------+----------+
|   163 |           3 | String   |                                     | TokenizedClone              |             0 |          |
+-------+-------------+----------+-------------------------------------+-----------------------------+---------------+----------+
|   164 |           0 | String   |                                     | Active                      |             0 |          |
+-------+-------------+----------+-------------------------------------+-----------------------------+---------------+----------+
|   165 |           1 | String   |                                     | Adaptive                    |             0 |          |
+-------+-------------+----------+-------------------------------------+-----------------------------+---------------+----------+
|   166 |           2 | String   |                                     | Asynchronous                |             0 |          |
+-------+-------------+----------+-------------------------------------+-----------------------------+---------------+----------+
|   167 |           3 | String   |                                     | Synchronous                 |             0 |          |
+-------+-------------+----------+-------------------------------------+-----------------------------+---------------+----------+
|   168 |           0 | String   |                                     | ReplicaElement              |             0 |          |
+-------+-------------+----------+-------------------------------------+-----------------------------+---------------+----------+
|   169 |           1 | String   |                                     | SourceElement               |             0 |          |
+-------+-------------+----------+-------------------------------------+-----------------------------+---------------+----------+
|   170 |           0 | String   |                                     | Local                       |             0 |          |
+-------+-------------+----------+-------------------------------------+-----------------------------+---------------+----------+
|   171 |           1 | String   |                                     | Remote                      |             0 |          |
+-------+-------------+----------+-------------------------------------+-----------------------------+---------------+----------+
|   172 |           0 | String   |                                     | Critical                    |             0 |          |
+-------+-------------+----------+-------------------------------------+-----------------------------+---------------+----------+
|   173 |           1 | String   |                                     | OK                          |             0 |          |
+-------+-------------+----------+-------------------------------------+-----------------------------+---------------+----------+
|   174 |           2 | String   |                                     | Warning                     |             0 |          |
+-------+-------------+----------+-------------------------------------+-----------------------------+---------------+----------+
|   175 |           0 | String   |                                     | Absent                      |             0 |          |
+-------+-------------+----------+-------------------------------------+-----------------------------+---------------+----------+
|   176 |           1 | String   |                                     | Disabled                    |             0 |          |
+-------+-------------+----------+-------------------------------------+-----------------------------+---------------+----------+
|   177 |           2 | String   |                                     | Enabled                     |             0 |          |
+-------+-------------+----------+-------------------------------------+-----------------------------+---------------+----------+
|   178 |           3 | String   |                                     | InTest                      |             0 |          |
+-------+-------------+----------+-------------------------------------+-----------------------------+---------------+----------+
|   179 |           4 | String   |                                     | StandbyOffline              |             0 |          |
+-------+-------------+----------+-------------------------------------+-----------------------------+---------------+----------+
|   180 |           5 | String   |                                     | StandbySpare                |             0 |          |
+-------+-------------+----------+-------------------------------------+-----------------------------+---------------+----------+
|   181 |           6 | String   |                                     | Starting                    |             0 |          |
+-------+-------------+----------+-------------------------------------+-----------------------------+---------------+----------+
|   182 |           7 | String   |                                     | Degraded                    |             0 |          |
+-------+-------------+----------+-------------------------------------+-----------------------------+---------------+----------+
|   183 |           8 | String   |                                     | UnavailableOffline          |             0 |          |
+-------+-------------+----------+-------------------------------------+-----------------------------+---------------+----------+
|   184 |           9 | String   |                                     | Deferring                   |             0 |          |
+-------+-------------+----------+-------------------------------------+-----------------------------+---------------+----------+
|   185 |          10 | String   |                                     | Quiesced                    |             0 |          |
+-------+-------------+----------+-------------------------------------+-----------------------------+---------------+----------+
|   186 |          11 | String   |                                     | Updating                    |             0 |          |
+-------+-------------+----------+-------------------------------------+-----------------------------+---------------+----------+
|   187 |          12 | String   |                                     | Qualified                   |             0 |          |
+-------+-------------+----------+-------------------------------------+-----------------------------+---------------+----------+
|   188 |           0 | Set      |                                     |                             |            13 | 189      |
+-------+-------------+----------+-------------------------------------+-----------------------------+---------------+----------+
|   189 |           0 | Set      | Nullable=False,Permission=Read      | LogEntry                    |             0 |          |
+-------+-------------+----------+-------------------------------------+-----------------------------+---------------+----------+
|   190 |           1 | String   | Nullable=False,Permission=Read      | Message                     |             0 |          |
+-------+-------------+----------+-------------------------------------+-----------------------------+---------------+----------+
|   191 |           2 | Array    | Nullable=False,Permission=Read      | MessageArgs                 |             1 | 204      |
+-------+-------------+----------+-------------------------------------+-----------------------------+---------------+----------+
|   192 |           3 | String   | Nullable=False,Permission=Read      | MessageId                   |             0 |          |
+-------+-------------+----------+-------------------------------------+-----------------------------+---------------+----------+
|   193 |           4 | Set      | Nullable=False,Permission=Read      | OriginOfCondition           |             0 |          |
+-------+-------------+----------+-------------------------------------+-----------------------------+---------------+----------+
|   194 |           5 | Enum     | Nullable=False,Permission=Read      | Severity                    |             3 | 172      |
+-------+-------------+----------+-------------------------------------+-----------------------------+---------------+----------+
|   195 |           6 | String   | Nullable=False,Permission=Read      | Timestamp                   |             0 |          |
+-------+-------------+----------+-------------------------------------+-----------------------------+---------------+----------+
|   196 |           7 | String   | Nullable=False,Permission=Read      | Resolution                  |             0 |          |
+-------+-------------+----------+-------------------------------------+-----------------------------+---------------+----------+
|   197 |           8 | Array    | Nullable=False,                     | ResolutionSteps             |             1 | 205      |
+-------+-------------+----------+-------------------------------------+-----------------------------+---------------+----------+
|   198 |           9 | String   | Nullable=True,Permission=Read       | UserAuthenticationSource    |             0 |          |
+-------+-------------+----------+-------------------------------------+-----------------------------+---------------+----------+
|   199 |          10 | String   | Nullable=True,Permission=Read       | Username                    |             0 |          |
+-------+-------------+----------+-------------------------------------+-----------------------------+---------------+----------+
|   200 |          11 | Set      | Nullable=False,                     | Oem                         |             0 |          |
+-------+-------------+----------+-------------------------------------+-----------------------------+---------------+----------+
|   201 |          12 | Enum     | Nullable=True,Permission=Read       | ConditionType               |             3 | 214      |
+-------+-------------+----------+-------------------------------------+-----------------------------+---------------+----------+
|   202 |           0 | String   |                                     | Read                        |             0 |          |
+-------+-------------+----------+-------------------------------------+-----------------------------+---------------+----------+
|   203 |           1 | String   |                                     | ReadWrite                   |             0 |          |
+-------+-------------+----------+-------------------------------------+-----------------------------+---------------+----------+
|   204 |           0 | String   |                                     |                             |             0 |          |
+-------+-------------+----------+-------------------------------------+-----------------------------+---------------+----------+
|   205 |           0 | Set      |                                     |                             |             8 | 206      |
+-------+-------------+----------+-------------------------------------+-----------------------------+---------------+----------+
|   206 |           0 | Array    | Nullable=True,                      | ActionParameters            |             1 | 217      |
+-------+-------------+----------+-------------------------------------+-----------------------------+---------------+----------+
|   207 |           1 | String   | Nullable=False,Permission=Read      | ActionURI                   |             0 |          |
+-------+-------------+----------+-------------------------------------+-----------------------------+---------------+----------+
|   208 |           2 | Set      | Nullable=False,                     | Oem                         |             0 |          |
+-------+-------------+----------+-------------------------------------+-----------------------------+---------------+----------+
|   209 |           3 | Integer  | Nullable=True,Permission=Read       | Priority                    |             0 |          |
+-------+-------------+----------+-------------------------------------+-----------------------------+---------------+----------+
|   210 |           4 | Enum     | Nullable=True,Permission=Read       | ResolutionType              |             8 | 232      |
+-------+-------------+----------+-------------------------------------+-----------------------------+---------------+----------+
|   211 |           5 | Integer  | Nullable=True,Permission=Read       | RetryCount                  |             0 |          |
+-------+-------------+----------+-------------------------------------+-----------------------------+---------------+----------+
|   212 |           6 | Integer  | Nullable=True,Permission=Read       | RetryIntervalSeconds        |             0 |          |
+-------+-------------+----------+-------------------------------------+-----------------------------+---------------+----------+
|   213 |           7 | String   | Nullable=True,Permission=Read       | TargetComponentURI          |             0 |          |
+-------+-------------+----------+-------------------------------------+-----------------------------+---------------+----------+
|   214 |           0 | String   |                                     | Alert                       |             0 |          |
+-------+-------------+----------+-------------------------------------+-----------------------------+---------------+----------+
|   215 |           1 | String   |                                     | Informational               |             0 |          |
+-------+-------------+----------+-------------------------------------+-----------------------------+---------------+----------+
|   216 |           2 | String   |                                     | Subsystem                   |             0 |          |
+-------+-------------+----------+-------------------------------------+-----------------------------+---------------+----------+
|   217 |           0 | Set      |                                     |                             |            14 | 218      |
+-------+-------------+----------+-------------------------------------+-----------------------------+---------------+----------+
|   218 |           0 | Array    | Nullable=True,Permission=Read       | AllowableValues             |             1 | 204      |
+-------+-------------+----------+-------------------------------------+-----------------------------+---------------+----------+
|   219 |           1 | Enum     | Nullable=True,Permission=Read       | DataType                    |             7 | 240      |
+-------+-------------+----------+-------------------------------------+-----------------------------+---------------+----------+
|   220 |           2 | String   | Nullable=False,Permission=Read      | Name                        |             0 |          |
+-------+-------------+----------+-------------------------------------+-----------------------------+---------------+----------+
|   221 |           3 | String   | Nullable=True,Permission=Read       | ObjectDataType              |             0 |          |
+-------+-------------+----------+-------------------------------------+-----------------------------+---------------+----------+
|   222 |           4 | Boolean  | Nullable=False,Permission=Read      | Required                    |             0 |          |
+-------+-------------+----------+-------------------------------------+-----------------------------+---------------+----------+
|   223 |           5 | Real     | Nullable=True,Permission=Read       | MaximumValue                |             0 |          |
+-------+-------------+----------+-------------------------------------+-----------------------------+---------------+----------+
|   224 |           6 | Real     | Nullable=True,Permission=Read       | MinimumValue                |             0 |          |
+-------+-------------+----------+-------------------------------------+-----------------------------+---------------+----------+
|   225 |           7 | Integer  | Nullable=True,Permission=Read       | ArraySizeMaximum            |             0 |          |
+-------+-------------+----------+-------------------------------------+-----------------------------+---------------+----------+
|   226 |           8 | Integer  | Nullable=True,Permission=Read       | ArraySizeMinimum            |             0 |          |
+-------+-------------+----------+-------------------------------------+-----------------------------+---------------+----------+
|   227 |           9 | Array    | Nullable=True,Permission=Read       | AllowableNumbers            |             1 | 204      |
+-------+-------------+----------+-------------------------------------+-----------------------------+---------------+----------+
|   228 |          10 | String   | Nullable=True,Permission=Read       | AllowablePattern            |             0 |          |
+-------+-------------+----------+-------------------------------------+-----------------------------+---------------+----------+
|   229 |          11 | Array    | Nullable=True,Permission=Read       | AllowableValueDescriptions  |             1 | 204      |
+-------+-------------+----------+-------------------------------------+-----------------------------+---------------+----------+
|   230 |          12 | String   | Nullable=True,Permission=Read       | DefaultValue                |             0 |          |
+-------+-------------+----------+-------------------------------------+-----------------------------+---------------+----------+
|   231 |          13 | Boolean  | Nullable=True,Permission=Read       | NoDefaultValue              |             0 |          |
+-------+-------------+----------+-------------------------------------+-----------------------------+---------------+----------+
|   232 |           0 | String   |                                     | CollectDiagnosticData       |             0 |          |
+-------+-------------+----------+-------------------------------------+-----------------------------+---------------+----------+
|   233 |           1 | String   |                                     | ContactVendor               |             0 |          |
+-------+-------------+----------+-------------------------------------+-----------------------------+---------------+----------+
|   234 |           2 | String   |                                     | FirmwareUpdate              |             0 |          |
+-------+-------------+----------+-------------------------------------+-----------------------------+---------------+----------+
|   235 |           3 | String   |                                     | OEM                         |             0 |          |
+-------+-------------+----------+-------------------------------------+-----------------------------+---------------+----------+
|   236 |           4 | String   |                                     | PowerCycle                  |             0 |          |
+-------+-------------+----------+-------------------------------------+-----------------------------+---------------+----------+
|   237 |           5 | String   |                                     | ReplaceComponent            |             0 |          |
+-------+-------------+----------+-------------------------------------+-----------------------------+---------------+----------+
|   238 |           6 | String   |                                     | Reset                       |             0 |          |
+-------+-------------+----------+-------------------------------------+-----------------------------+---------------+----------+
|   239 |           7 | String   |                                     | ResetToDefaults             |             0 |          |
+-------+-------------+----------+-------------------------------------+-----------------------------+---------------+----------+
|   240 |           0 | String   |                                     | Boolean                     |             0 |          |
+-------+-------------+----------+-------------------------------------+-----------------------------+---------------+----------+
|   241 |           1 | String   |                                     | Number                      |             0 |          |
+-------+-------------+----------+-------------------------------------+-----------------------------+---------------+----------+
|   242 |           2 | String   |                                     | NumberArray                 |             0 |          |
+-------+-------------+----------+-------------------------------------+-----------------------------+---------------+----------+
|   243 |           3 | String   |                                     | Object                      |             0 |          |
+-------+-------------+----------+-------------------------------------+-----------------------------+---------------+----------+
|   244 |           4 | String   |                                     | ObjectArray                 |             0 |          |
+-------+-------------+----------+-------------------------------------+-----------------------------+---------------+----------+
|   245 |           5 | String   |                                     | String                      |             0 |          |
+-------+-------------+----------+-------------------------------------+-----------------------------+---------------+----------+
|   246 |           6 | String   |                                     | StringArray                 |             0 |          |
+-------+-------------+----------+-------------------------------------+-----------------------------+---------------+----------+
Total Entries: 247
Fixed size consumed (bytes): 2482 (0x9b2)
Field string size consumed (bytes): 2843 (0xb1b)
Total size (bytes): 5325 (0x14cd)
Version: 0XF1F6F000
Signature: 0x68531a48
